******************************************************************************
             TMS320C2000 Linker PC v6.1.0                      
******************************************************************************
>> Linked Mon Jul 23 10:41:43 2018

OUTPUT FILE NAME:   <TB3CM_DSP_Code.out>
ENTRY POINT SYMBOL: "_c_int00"  address: 003dd5d2


MEMORY CONFIGURATION

         name            origin    length      used     unused   attr    fill
----------------------  --------  ---------  --------  --------  ----  --------
PAGE 0:
  ZONE0                 00002000   00002000  00000000  00002000  RWIX
  ZONE1                 00004000   00002000  00000000  00002000  RWIX
  RAML0                 00008000   00001000  0000001b  00000fe5  RWIX
  ZONE2                 00080000   00080000  00000000  00080000  RWIX
  ZONE6                 00100000   00080000  00000000  00080000  RWIX
  OTP                   003d7800   00000800  00000000  00000800  RWIX
  VEC_FROM_BOOT         003d8000   00000004  00000004  00000000  RWIX
  FLASHCDEFGHIJ         003d8004   0001bffc  0000797c  00014680  RWIX
  FLASHB                003f4000   00002000  00000000  00002000  RWIX
  FLASHA                003f6000   00001f80  00000000  00001f80  RWIX
  CSM_RSVD              003f7f80   00000076  00000000  00000076  RWIX
  BEGIN                 003f7ff6   00000002  00000002  00000000  RWIX
  CSM_PWL               003f7ff8   00000008  00000000  00000008  RWIX
  ROM                   003ff000   00000fc0  00000000  00000fc0  RWIX
  RESET                 003fffc0   00000002  00000000  00000002  RWIX
  VECTORS               003fffc2   0000003e  00000000  0000003e  RWIX

PAGE 1:
  RAMM0                 00000000   00000400  00000400  00000000  RWIX
  RAMM1                 00000400   00000400  00000000  00000400  RWIX
  DEV_EMU               00000880   00000180  000000d0  000000b0  RWIX
  FLASH_REGS            00000a80   00000060  00000008  00000058  RWIX
  CSM                   00000ae0   00000010  00000010  00000000  RWIX
  XINTF                 00000b20   00000020  00000020  00000000  RWIX
  CPU_TIMER0            00000c00   00000008  00000008  00000000  RWIX
  CPU_TIMER1            00000c08   00000008  00000008  00000000  RWIX
  CPU_TIMER2            00000c10   00000008  00000008  00000000  RWIX
  PIE_CTRL              00000ce0   00000020  0000001a  00000006  RWIX
  PIE_VECT              00000d00   00000100  00000100  00000000  RWIX
  ECANA                 00006000   00000040  00000034  0000000c  RWIX
  ECANA_LAM             00006040   00000040  00000040  00000000  RWIX
  ECANA_MOTS            00006080   00000040  00000040  00000000  RWIX
  ECANA_MOTO            000060c0   00000040  00000040  00000000  RWIX
  ECANA_MBOX            00006100   00000100  00000100  00000000  RWIX
  SYSTEM                00007010   00000020  00000020  00000000  RWIX
  SPIA                  00007040   00000010  00000010  00000000  RWIX
  SCIA                  00007050   00000010  00000010  00000000  RWIX
  XINTRUPT              00007070   00000010  00000010  00000000  RWIX
  GPIOMUX               000070c0   00000020  00000020  00000000  RWIX
  GPIODAT               000070e0   00000020  00000020  00000000  RWIX
  ADC                   00007100   00000020  0000001a  00000006  RWIX
  EVA                   00007400   00000040  00000032  0000000e  RWIX
  EVB                   00007500   00000040  00000032  0000000e  RWIX
  SCIB                  00007750   00000010  00000010  00000000  RWIX
  MCBSPA                00007800   00000040  00000025  0000001b  RWIX
  RAML1                 00009000   00001000  00000000  00001000  RWIX
  EXTRAM                00100000   00040000  0000019b  0003fe65  RWIX
  CSM_PWL               003f7ff8   00000008  00000008  00000000  RWIX
  RAMH0                 003f8000   00002000  0000129b  00000d65  RWIX


SECTION ALLOCATION MAP

 output                                  attributes/
section   page    origin      length       input sections
--------  ----  ----------  ----------   ----------------
.pinit     0    003d8004    00000000     UNINITIALIZED

bootentry 
*          0    003d8000    00000004     
                  003d8000    00000004     BootLdEntry.obj (bootentry)

.text      0    003d8004    0000586a     
                  003d8004    000007f2     FlashRW.obj (.text)
                  003d87f6    000007dc     LimitChk.obj (.text)
                  003d8fd2    000006ec     FpgaTest.obj (.text)
                  003d96be    00000680     I2CEE.obj (.text)
                  003d9d3e    00000528     Comint.obj (.text)
                  003da266    0000042d     DigIO2.obj (.text)
                  003da693    00000415     RS232.obj (.text)
                  003daaa8    000003ea     DigIO.obj (.text)
                  003dae92    000003ae     CanOpen.obj (.text)
                  003db240    000002b7     HexUtil.obj (.text)
                  003db4f7    000002aa     CanComm.obj (.text)
                  003db7a1    00000276     Xintf.obj (.text)
                  003dba17    0000025c     AnlgIn.obj (.text)
                  003dbc73    0000020d     ADC.obj (.text)
                  003dbe80    000001d5     Resolver.obj (.text)
                  003dc055    000001c2     F2Int.obj (.text)
                  003dc217    000001b9     CanFile.obj (.text)
                  003dc3d0    000001ad     LED.obj (.text)
                  003dc57d    000001aa     GpioUtil.obj (.text)
                  003dc727    00000185     Main.obj (.text)
                  003dc8ac    00000180     TaskMgr.obj (.text)
                  003dca2c    0000014f     DSP281x_DefaultIsr.obj (.text:retain)
                  003dcb7b    00000147     SPI.obj (.text)
                  003dccc2    00000145     SCI2.obj (.text)
                  003dce07    00000102     Timer0.obj (.text)
                  003dcf09    000000f5     Rs232Out.obj (.text)
                  003dcffe    000000ea     Log.obj (.text)
                  003dd0e8    000000da     RS232.obj (.text:retain)
                  003dd1c2    000000bf     ExtRam.obj (.text)
                  003dd281    000000ac     McsParse.obj (.text)
                  003dd32d    00000086     DSP281x_ECan.obj (.text)
                  003dd3b3    00000082     DSP281x_SysCtrl.obj (.text)
                  003dd435    00000077     TimeStamp.obj (.text)
                  003dd4ac    0000006b     WorkAround.obj (.text)
                  003dd517    00000061     EVTimer4.obj (.text)
                  003dd578    0000005a     rts2800_ml.lib : fs_mpy.obj (.text)
                  003dd5d2    00000044                    : boot.obj (.text)
                  003dd616    0000003e     F1Int.obj (.text)
                  003dd654    00000034     SSEnc.obj (.text)
                  003dd688    0000002a     rts2800_ml.lib : l_div.obj (.text)
                  003dd6b2    00000029     EVTimer4.obj (.text:retain)
                  003dd6db    00000029     rts2800_ml.lib : fs_tol.obj (.text)
                  003dd704    00000028     DSP281x_PieCtrl.obj (.text)
                  003dd72c    00000021     rts2800_ml.lib : fs_toul.obj (.text)
                  003dd74d    00000021                    : memcpy_ff.obj (.text)
                  003dd76e    00000020     DSP281x_PieVect.obj (.text)
                  003dd78e    0000001f     Timer0.obj (.text:retain)
                  003dd7ad    0000001c     F1Int.obj (.text:retain)
                  003dd7c9    0000001a     rts2800_ml.lib : l_tofs.obj (.text)
                  003dd7e3    00000019                    : args_main.obj (.text)
                  003dd7fc    00000019                    : exit.obj (.text)
                  003dd815    00000018     F2Int.obj (.text:retain)
                  003dd82d    00000016     StrUtil.obj (.text)
                  003dd843    0000000f     access32.obj (.text)
                  003dd852    0000000b     rts2800_ml.lib : u_div.obj (.text)
                  003dd85d    00000009                    : _lock.obj (.text)
                  003dd866    00000008     DSP281x_CodeStartBranch.obj (.text)

.econst    0    003dd86e    00001c95     
                  003dd86e    0000020a     FpgaTest.obj (.econst:.string)
                  003dda78    000001e2     Comint.obj (.econst:.string)
                  003ddc5a    00000198     LimitChk.obj (.econst:_limitCheckInputs)
                  003dddf2    00000184     CanOpen.obj (.econst:_can_index)
                  003ddf76    00000110     CanOpen.obj (.econst:_index_204C)
                  003de086    00000108     CanOpen.obj (.econst:_index_2057)
                  003de18e    00000100     DSP281x_PieVect.obj (.econst)
                  003de28e    00000100     CanOpen.obj (.econst:_index_204E)
                  003de38e    000000a2     FlashRW.obj (.econst:.string)
                  003de430    0000009a     I2CEE.obj (.econst:.string)
                  003de4ca    00000098     CanOpen.obj (.econst:_index_2058)
                  003de562    00000090     CanOpen.obj (.econst:_index_2050)
                  003de5f2    00000088     CanOpen.obj (.econst:_index_2053)
                  003de67a    0000007f     RS232.obj (.econst:.string)
                  003de6f9    00000001     --HOLE-- [fill = 0]
                  003de6fa    0000007e     ADC.obj (.econst:.string)
                  003de778    00000070     CanOpen.obj (.econst:_index_2023)
                  003de7e8    00000070     CanOpen.obj (.econst:_index_2024)
                  003de858    00000070     CanOpen.obj (.econst:_index_2025)
                  003de8c8    00000070     CanOpen.obj (.econst:_index_2026)
                  003de938    00000070     CanOpen.obj (.econst:_index_2027)
                  003de9a8    00000070     CanOpen.obj (.econst:_index_2028)
                  003dea18    00000070     CanOpen.obj (.econst:_index_2029)
                  003dea88    00000070     CanOpen.obj (.econst:_index_202A)
                  003deaf8    00000068     CanOpen.obj (.econst:_index_2031)
                  003deb60    00000064     CanFile.obj (.econst:.string)
                  003debc4    00000060     CanOpen.obj (.econst:_index_2056)
                  003dec24    00000060     TaskMgr.obj (.econst:_task_vectors)
                  003dec84    00000058     CanOpen.obj (.econst:_index_204D)
                  003decdc    00000058     CanOpen.obj (.econst:_index_2055)
                  003ded34    00000058     CanOpen.obj (.econst:_index_205F)
                  003ded8c    00000050     CanOpen.obj (.econst:_index_2010)
                  003deddc    00000050     CanOpen.obj (.econst:_index_2051)
                  003dee2c    00000048     CanOpen.obj (.econst:_index_200B)
                  003dee74    00000047     TimeStamp.obj (.econst:.string)
                  003deebb    00000001     --HOLE-- [fill = 0]
                  003deebc    00000040     ExtRam.obj (.econst:.string)
                  003deefc    00000040     CanOpen.obj (.econst:_index_200C)
                  003def3c    00000038     CanOpen.obj (.econst:_index_2001)
                  003def74    00000038     CanOpen.obj (.econst:_index_2003)
                  003defac    00000038     CanOpen.obj (.econst:_index_2004)
                  003defe4    00000038     CanOpen.obj (.econst:_index_2013)
                  003df01c    00000031     F2Int.obj (.econst:.string)
                  003df04d    00000001     --HOLE-- [fill = 0]
                  003df04e    00000030     CanOpen.obj (.econst:_index_204A)
                  003df07e    00000030     CanOpen.obj (.econst:_index_204F)
                  003df0ae    00000028     CanOpen.obj (.econst:_index_2007)
                  003df0d6    00000028     CanOpen.obj (.econst:_index_200E)
                  003df0fe    00000028     CanOpen.obj (.econst:_index_2014)
                  003df126    00000028     CanOpen.obj (.econst:_index_2015)
                  003df14e    00000028     CanOpen.obj (.econst:_index_2052)
                  003df176    00000021     Xintf.obj (.econst:.string)
                  003df197    00000001     --HOLE-- [fill = 0]
                  003df198    00000020     CanOpen.obj (.econst:_index_2005)
                  003df1b8    00000020     CanOpen.obj (.econst:_index_2008)
                  003df1d8    00000020     CanOpen.obj (.econst:_index_2009)
                  003df1f8    00000020     CanOpen.obj (.econst:_index_2011)
                  003df218    00000020     CanOpen.obj (.econst:_index_2036)
                  003df238    00000020     CanOpen.obj (.econst:_index_2049)
                  003df258    0000001f     F1Int.obj (.econst:.string)
                  003df277    00000001     --HOLE-- [fill = 0]
                  003df278    0000001e     Rs232Out.obj (.econst:.string)
                  003df296    0000001b     Main.obj (.econst:.string)
                  003df2b1    00000001     --HOLE-- [fill = 0]
                  003df2b2    0000001b     SCI2.obj (.econst:.string)
                  003df2cd    00000001     --HOLE-- [fill = 0]
                  003df2ce    00000018     CanOpen.obj (.econst:_index_2002)
                  003df2e6    00000018     CanOpen.obj (.econst:_index_2006)
                  003df2fe    00000018     CanOpen.obj (.econst:_index_200A)
                  003df316    00000018     CanOpen.obj (.econst:_index_2012)
                  003df32e    00000018     CanOpen.obj (.econst:_index_2032)
                  003df346    00000018     CanOpen.obj (.econst:_index_2054)
                  003df35e    00000010     CanOpen.obj (.econst:_index_204B)
                  003df36e    00000008     CanOpen.obj (.econst:_index_2000)
                  003df376    00000008     CanOpen.obj (.econst:_index_200D)
                  003df37e    00000008     CanOpen.obj (.econst:_index_200F)
                  003df386    00000008     CanOpen.obj (.econst:_index_2016)
                  003df38e    00000008     CanOpen.obj (.econst:_index_2017)
                  003df396    00000008     CanOpen.obj (.econst:_index_2018)
                  003df39e    00000008     CanOpen.obj (.econst:_index_2019)
                  003df3a6    00000008     CanOpen.obj (.econst:_index_201A)
                  003df3ae    00000008     CanOpen.obj (.econst:_index_201B)
                  003df3b6    00000008     CanOpen.obj (.econst:_index_201C)
                  003df3be    00000008     CanOpen.obj (.econst:_index_201D)
                  003df3c6    00000008     CanOpen.obj (.econst:_index_201E)
                  003df3ce    00000008     CanOpen.obj (.econst:_index_201F)
                  003df3d6    00000008     CanOpen.obj (.econst:_index_2020)
                  003df3de    00000008     CanOpen.obj (.econst:_index_2021)
                  003df3e6    00000008     CanOpen.obj (.econst:_index_2022)
                  003df3ee    00000008     CanOpen.obj (.econst:_index_202B)
                  003df3f6    00000008     CanOpen.obj (.econst:_index_202C)
                  003df3fe    00000008     CanOpen.obj (.econst:_index_202D)
                  003df406    00000008     CanOpen.obj (.econst:_index_202E)
                  003df40e    00000008     CanOpen.obj (.econst:_index_202F)
                  003df416    00000008     CanOpen.obj (.econst:_index_2030)
                  003df41e    00000008     CanOpen.obj (.econst:_index_2033)
                  003df426    00000008     CanOpen.obj (.econst:_index_2034)
                  003df42e    00000008     CanOpen.obj (.econst:_index_2035)
                  003df436    00000008     CanOpen.obj (.econst:_index_2037)
                  003df43e    00000008     CanOpen.obj (.econst:_index_2038)
                  003df446    00000008     CanOpen.obj (.econst:_index_2039)
                  003df44e    00000008     CanOpen.obj (.econst:_index_203A)
                  003df456    00000008     CanOpen.obj (.econst:_index_203B)
                  003df45e    00000008     CanOpen.obj (.econst:_index_203C)
                  003df466    00000008     CanOpen.obj (.econst:_index_203D)
                  003df46e    00000008     CanOpen.obj (.econst:_index_203E)
                  003df476    00000008     CanOpen.obj (.econst:_index_203F)
                  003df47e    00000008     CanOpen.obj (.econst:_index_2040)
                  003df486    00000008     CanOpen.obj (.econst:_index_2041)
                  003df48e    00000008     CanOpen.obj (.econst:_index_2042)
                  003df496    00000008     CanOpen.obj (.econst:_index_2043)
                  003df49e    00000008     CanOpen.obj (.econst:_index_2044)
                  003df4a6    00000008     CanOpen.obj (.econst:_index_2045)
                  003df4ae    00000008     CanOpen.obj (.econst:_index_2046)
                  003df4b6    00000008     CanOpen.obj (.econst:_index_2047)
                  003df4be    00000008     CanOpen.obj (.econst:_index_2048)
                  003df4c6    00000008     CanOpen.obj (.econst:_index_2059)
                  003df4ce    00000008     CanOpen.obj (.econst:_index_205A)
                  003df4d6    00000008     CanOpen.obj (.econst:_index_205B)
                  003df4de    00000008     CanOpen.obj (.econst:_index_205C)
                  003df4e6    00000008     CanOpen.obj (.econst:_index_205D)
                  003df4ee    00000008     CanOpen.obj (.econst:_index_205E)
                  003df4f6    00000008     CanOpen.obj (.econst:_index_2060)
                  003df4fe    00000005     TimeStamp.obj (.econst)

.cinit     0    003df503    000003e0     
                  003df503    00000165     RS232.obj (.cinit)
                  003df668    00000163     Resolver.obj (.cinit)
                  003df7cb    00000062     TaskMgr.obj (.cinit)
                  003df82d    0000002f     Comint.obj (.cinit)
                  003df85c    0000001d     CanOpen.obj (.cinit)
                  003df879    00000017     AnlgIn.obj (.cinit)
                  003df890    00000016     SCI2.obj (.cinit)
                  003df8a6    0000000f     TimeStamp.obj (.cinit)
                  003df8b5    0000000a     rts2800_ml.lib : _lock.obj (.cinit)
                  003df8bf    0000000a                    : exit.obj (.cinit)
                  003df8c9    00000008     EVTimer4.obj (.cinit)
                  003df8d1    00000008     Rs232Out.obj (.cinit)
                  003df8d9    00000004     F2Int.obj (.cinit)
                  003df8dd    00000004     FlashRW.obj (.cinit)
                  003df8e1    00000002     --HOLE-- [fill = 0]

ramfuncs   0    003df8e3    0000001b     RUN ADDR = 00008000
                  003df8e3    00000017     DSP281x_SysCtrl.obj (ramfuncs)
                  003df8fa    00000004     DSP281x_usDelay.obj (ramfuncs)

.switch    0    003df8fe    00000082     
                  003df8fe    00000030     FlashRW.obj (.switch:_frw_test2005)
                  003df92e    00000020     DigIO.obj (.switch:_digio_receiveNativeDacVal)
                  003df94e    0000001a     Xintf.obj (.switch:_xintf_testUnderTimer0)
                  003df968    00000018     Comint.obj (.switch:_comint_DisplaySpeedDialList)

codestart 
*          0    003f7ff6    00000002     
                  003f7ff6    00000002     DSP281x_CodeStartBranch.obj (codestart)

.reset     0    003fffc0    00000002     DSECT
                  003fffc0    00000002     rts2800_ml.lib : boot.obj (.reset)

vectors    0    003fffc2    00000000     DSECT

.stack     1    00000000    00000400     UNINITIALIZED
                  00000000    00000400     --HOLE--

DevEmuRegsFile 
*          1    00000880    000000d0     UNINITIALIZED
                  00000880    000000d0     DSP281x_GlobalVariableDefs.obj (DevEmuRegsFile)

FlashRegsFile 
*          1    00000a80    00000008     UNINITIALIZED
                  00000a80    00000008     DSP281x_GlobalVariableDefs.obj (FlashRegsFile)

CsmRegsFile 
*          1    00000ae0    00000010     UNINITIALIZED
                  00000ae0    00000010     DSP281x_GlobalVariableDefs.obj (CsmRegsFile)

XintfRegsFile 
*          1    00000b20    00000020     UNINITIALIZED
                  00000b20    00000020     DSP281x_GlobalVariableDefs.obj (XintfRegsFile)

CpuTimer0RegsFile 
*          1    00000c00    00000008     UNINITIALIZED
                  00000c00    00000008     DSP281x_GlobalVariableDefs.obj (CpuTimer0RegsFile)

CpuTimer1RegsFile 
*          1    00000c08    00000008     UNINITIALIZED
                  00000c08    00000008     DSP281x_GlobalVariableDefs.obj (CpuTimer1RegsFile)

CpuTimer2RegsFile 
*          1    00000c10    00000008     UNINITIALIZED
                  00000c10    00000008     DSP281x_GlobalVariableDefs.obj (CpuTimer2RegsFile)

PieCtrlRegsFile 
*          1    00000ce0    0000001a     UNINITIALIZED
                  00000ce0    0000001a     DSP281x_GlobalVariableDefs.obj (PieCtrlRegsFile)

PieVectTableFile 
*          1    00000d00    00000100     UNINITIALIZED
                  00000d00    00000100     DSP281x_GlobalVariableDefs.obj (PieVectTableFile)

ECanaRegsFile 
*          1    00006000    00000034     UNINITIALIZED
                  00006000    00000034     DSP281x_GlobalVariableDefs.obj (ECanaRegsFile)

ECanaLAMRegsFile 
*          1    00006040    00000040     UNINITIALIZED
                  00006040    00000040     DSP281x_GlobalVariableDefs.obj (ECanaLAMRegsFile)

ECanaMOTSRegsFile 
*          1    00006080    00000040     UNINITIALIZED
                  00006080    00000040     DSP281x_GlobalVariableDefs.obj (ECanaMOTSRegsFile)

ECanaMOTORegsFile 
*          1    000060c0    00000040     UNINITIALIZED
                  000060c0    00000040     DSP281x_GlobalVariableDefs.obj (ECanaMOTORegsFile)

ECanaMboxesFile 
*          1    00006100    00000100     UNINITIALIZED
                  00006100    00000100     DSP281x_GlobalVariableDefs.obj (ECanaMboxesFile)

SysCtrlRegsFile 
*          1    00007010    00000020     UNINITIALIZED
                  00007010    00000020     DSP281x_GlobalVariableDefs.obj (SysCtrlRegsFile)

SpiaRegsFile 
*          1    00007040    00000010     UNINITIALIZED
                  00007040    00000010     DSP281x_GlobalVariableDefs.obj (SpiaRegsFile)

SciaRegsFile 
*          1    00007050    00000010     UNINITIALIZED
                  00007050    00000010     DSP281x_GlobalVariableDefs.obj (SciaRegsFile)

XIntruptRegsFile 
*          1    00007070    00000010     UNINITIALIZED
                  00007070    00000010     DSP281x_GlobalVariableDefs.obj (XIntruptRegsFile)

GpioMuxRegsFile 
*          1    000070c0    00000020     UNINITIALIZED
                  000070c0    00000020     DSP281x_GlobalVariableDefs.obj (GpioMuxRegsFile)

GpioDataRegsFile 
*          1    000070e0    00000020     UNINITIALIZED
                  000070e0    00000020     DSP281x_GlobalVariableDefs.obj (GpioDataRegsFile)

AdcRegsFile 
*          1    00007100    0000001a     UNINITIALIZED
                  00007100    0000001a     DSP281x_GlobalVariableDefs.obj (AdcRegsFile)

EvaRegsFile 
*          1    00007400    00000032     UNINITIALIZED
                  00007400    00000032     DSP281x_GlobalVariableDefs.obj (EvaRegsFile)

EvbRegsFile 
*          1    00007500    00000032     UNINITIALIZED
                  00007500    00000032     DSP281x_GlobalVariableDefs.obj (EvbRegsFile)

ScibRegsFile 
*          1    00007750    00000010     UNINITIALIZED
                  00007750    00000010     DSP281x_GlobalVariableDefs.obj (ScibRegsFile)

McbspaRegsFile 
*          1    00007800    00000025     UNINITIALIZED
                  00007800    00000025     DSP281x_GlobalVariableDefs.obj (McbspaRegsFile)

.extram    1    00100000    0000019b     UNINITIALIZED
                  00100000    00000198     Log.obj (.extram)
                  00100198    00000003     ExtRam.obj (.extram)

CsmPwlFile 
*          1    003f7ff8    00000008     UNINITIALIZED
                  003f7ff8    00000008     DSP281x_GlobalVariableDefs.obj (CsmPwlFile)

.ebss      1    003f8000    0000129b     UNINITIALIZED
                  003f8000    00000689     SCI2.obj (.ebss)
                  003f8689    00000024     Comint.obj (.ebss)
                  003f86ad    00000001     --HOLE--
                  003f86ae    0000000a     F2Int.obj (.ebss)
                  003f86b8    00000006     ADC.obj (.ebss)
                  003f86be    00000002     CanComm.obj (.ebss)
                  003f86c0    00000290     RS232.obj (.ebss)
                  003f8950    00000022     Timer0.obj (.ebss)
                  003f8972    0000000a     LED.obj (.ebss)
                  003f897c    00000004     Log.obj (.ebss)
                  003f8980    000001c2     Resolver.obj (.ebss)
                  003f8b42    0000003e     DigIO.obj (.ebss)
                  003f8b80    00000180     Rs232Out.obj (.ebss)
                  003f8d00    00000160     LimitChk.obj (.ebss)
                  003f8e60    0000001d     DigIO2.obj (.ebss)
                  003f8e7d    00000003     Main.obj (.ebss)
                  003f8e80    00000140     CanFile.obj (.ebss)
                  003f8fc0    000000c9     CanOpen.obj (.ebss)
                  003f9089    00000001     --HOLE--
                  003f908a    0000001c     FpgaTest.obj (.ebss)
                  003f90a6    00000006     TimeStamp.obj (.ebss)
                  003f90ac    00000005     Xintf.obj (.ebss)
                  003f90b1    00000001     --HOLE--
                  003f90b2    00000004     rts2800_ml.lib : _lock.obj (.ebss)
                  003f90b6    00000004                    : exit.obj (.ebss)
                  003f90ba    00000002     EVTimer4.obj (.ebss)
                  003f90bc    00000002     ExtRam.obj (.ebss)
                  003f90be    00000002     F1Int.obj (.ebss)
                  003f90c0    000000c0     FlashRW.obj (.ebss)
                  003f9180    000000b0     TaskMgr.obj (.ebss)
                  003f9230    00000002     SSEnc.obj (.ebss)
                  003f9232    0000000e     --HOLE--
                  003f9240    0000003a     AnlgIn.obj (.ebss)
                  003f927a    00000006     --HOLE--
                  003f9280    0000001b     I2CEE.obj (.ebss)


GLOBAL SYMBOLS: SORTED ALPHABETICALLY BY Name 

address    name
--------   ----
003d8004   .text
003dd7fc   C$$EXIT
003dd578   FS$$MPY
003dd6db   FS$$TOL
003dd72c   FS$$TOUL
003dd688   L$$DIV
003dd697   L$$MOD
003dd7c9   L$$TOFS
003dd852   U$$DIV
003dd857   U$$MOD
003dd6a5   UL$$DIV
003dd6ac   UL$$MOD
003dca9f   _ADCINT_ISR
00007100   _AdcRegs
003d8002   _BL_key
003dcae5   _CAPINT1_ISR
003dcaea   _CAPINT2_ISR
003dcaef   _CAPINT3_ISR
003dcb2b   _CAPINT4_ISR
003dcb30   _CAPINT5_ISR
003dcb35   _CAPINT6_ISR
003dcaae   _CMP1INT_ISR
003dcab3   _CMP2INT_ISR
003dcab8   _CMP3INT_ISR
003dcaf4   _CMP4INT_ISR
003dcaf9   _CMP5INT_ISR
003dcafe   _CMP6INT_ISR
003dd4c1   _CanDoubleClear
003dd4ac   _CanDoubleRead
003dd4d4   _CanDoubleSet
003dd4b6   _CanDoubleWrite
003dce64   _ConfigCpuTimer
003f8962   _CpuTimer0
00000c00   _CpuTimer0Regs
003f895a   _CpuTimer1
00000c08   _CpuTimer1Regs
003f896a   _CpuTimer2
00000c10   _CpuTimer2Regs
003f7ff8   _CsmPwl
00000ae0   _CsmRegs
003dd404   _CsmUnlock
003dca36   _DATALOG_ISR
00008017   _DSP28x_usDelay
00000880   _DevEmuRegs
003dd3c5   _DisableDog
003dcb62   _ECAN0INTA_ISR
003dcb67   _ECAN1INTA_ISR
00006040   _ECanaLAMRegs
000060c0   _ECanaMOTORegs
00006080   _ECanaMOTSRegs
00006100   _ECanaMboxes
00006000   _ECanaRegs
003dcb6c   _EMPTY_ISR
003dca40   _EMUINT_ISR
003dd723   _EnableInterrupts
00007400   _EvaRegs
00007500   _EvbRegs
0000019b   _ExtRamSize
00100000   _ExtRamStart
00000a80   _FlashRegs
000070e0   _GpioDataRegs
000070c0   _GpioMuxRegs
003dc5cd   _GpioU_SpiDisableEEPromOnTB3CM
003dc5bd   _GpioU_SpiInit
003dc57d   _GpioU_defaultInit
003dc599   _GpioU_f1iInit
003dc5a1   _GpioU_f2iInit
003dc5d2   _GpioU_i2cee_Init
003dc5ea   _GpioU_initGpiosAllZero
003dc5fe   _GpioU_ioTest2100
003dc659   _GpioU_ioTest2101
003dc6cc   _GpioU_ioTest2102
003dc5a9   _GpioU_rs232Init
003dc5b3   _GpioU_sci2Init
003dc5de   _GpioU_timer0Init
003dc5f9   _Gpio_example3C
003dca4a   _ILLEGAL_ISR
003dca2c   _INT13_ISR
003dca31   _INT14_ISR
003dce2b   _InitCpuTimers
003dd32d   _InitECan
00008000   _InitFlash
003dd3ea   _InitPeripheralClocks
003dd704   _InitPieCtrl
003dd76e   _InitPieVectTable
003dd3cd   _InitPll
003dcb7b   _InitSpi
003dd3b3   _InitSysCtrl
003f9180   _JustForDebug
003dd3bb   _KickDog
003dcb44   _MRINTA_ISR
003dcb49   _MXINTA_ISR
00007800   _McbspaRegs
003dca45   _NMI_ISR
003dca8b   _PDPINTA_ISR
003dca90   _PDPINTB_ISR
003dcb71   _PIE_RESERVED
00000ce0   _PieCtrlRegs
00000d00   _PieVectTable
003de18e   _PieVectTableInit
003dca3b   _RTOSINT_ISR
003df8fe   _RamfuncsLoadEnd
003df8e3   _RamfuncsLoadStart
00008000   _RamfuncsRunStart
003f86c0   _Rs232Status
003dcb4e   _SCIRXINTA_ISR
003dcb58   _SCIRXINTB_ISR
003dcb53   _SCITXINTA_ISR
003dcb5d   _SCITXINTB_ISR
003dcb3a   _SPIRXINTA_ISR
003dcb3f   _SPITXINTA_ISR
00007050   _SciaRegs
00007750   _ScibRegs
003dcbc2   _SelectSpiFlash
00007040   _SpiaRegs
00007010   _SysCtrlRegs
003dcac2   _T1CINT_ISR
003dcacc   _T1OFINT_ISR
003dcabd   _T1PINT_ISR
003dcac7   _T1UFINT_ISR
003dcad6   _T2CINT_ISR
003dcae0   _T2OFINT_ISR
003dcad1   _T2PINT_ISR
003dcadb   _T2UFINT_ISR
003dcb08   _T3CINT_ISR
003dcb12   _T3OFINT_ISR
003dcb03   _T3PINT_ISR
003dcb0d   _T3UFINT_ISR
003dcb1c   _T4CINT_ISR
003dcb26   _T4OFINT_ISR
003dcb17   _T4PINT_ISR
003dcb21   _T4UFINT_ISR
003dcaa4   _TINT0_ISR
003da702   _TurnOnTx
003dca7c   _USER10_ISR
003dca81   _USER11_ISR
003dca86   _USER12_ISR
003dca4f   _USER1_ISR
003dca54   _USER2_ISR
003dca59   _USER3_ISR
003dca5e   _USER4_ISR
003dca63   _USER5_ISR
003dca68   _USER6_ISR
003dca6d   _USER7_ISR
003dca72   _USER8_ISR
003dca77   _USER9_ISR
003dcaa9   _WAKEINT_ISR
003dca95   _XINT1_ISR
003dca9a   _XINT2_ISR
00007070   _XIntruptRegs
003dcbf4   _Xfr8bitSpiCmd
00000b20   _XintfRegs
003dd4e5   _XmitCanTimestamp
00000400   __STACK_END
00000400   __STACK_SIZE
00000001   __TI_args_main
ffffffff   ___binit__
ffffffff   ___c_args__
003df503   ___cinit__
003dd86e   ___etext__
003dd74d   ___memcpy_ff
ffffffff   ___pinit__
003d8004   ___text__
003dd7e3   __args_main
003f90b6   __cleanup_ptr
003f90b8   __dtors_ptr
003f90b4   __lock
003dd865   __nop
003dd861   __register_lock
003dd85d   __register_unlock
00000000   __stack
003f90b2   __unlock
003dd7fc   _abort
003f86b9   _adc_ChSelSeq1
003f86b8   _adc_ChSelSeq2
003f86bb   _adc_ChSelSeq3
003f86ba   _adc_ChSelSeq4
003dbdda   _adc_DisplayAdcResults
003f86bd   _adc_DisplayAdcResultsIndex
003dbd6c   _adc_addOneAdcChannelToList
003dbcac   _adc_configureChannels
003dbcd9   _adc_convertToMilliVolts
003dbc73   _adc_init
003f86bc   _adc_maxConv
003dbe6d   _adc_readAll16Channels
003dbcf0   _adc_readOneAdcChannelToRs232
003dbe62   _adc_repeatPrevAdcTest
003dbccb   _adc_runConversion
003f86c7   _afterBreakCounter
003f9266   _ain_ad7175RegisterConfigValues
003f9245   _ain_ad7175SetupError
003f9246   _ain_ad7175SetupRegisterIndex
003f9247   _ain_ad7175SetupTaskState
003f9248   _ain_ad7175SetupWait
003dbc5f   _ain_ad7175_fetch_data_read
003dbc50   _ain_ad7175_fetch_status
003dbc29   _ain_ad7175_request
003dbbc0   _ain_ad7175_setup_task
003dbbb5   _ain_ad7175_setup_task_init
003f924c   _ain_ad7175_single_write_data
003dbba7   _ain_calibratedClassicValRaw
003dbb57   _ain_calibratedClassicValue
003dbb26   _ain_calibratedValue
003dba20   _ain_getAnlginCalState
003dbbbc   _ain_get_ad7175SetupTaskState
003f9241   _ain_ioPinSwitches
003f9242   _ain_loopbackMux
003dba17   _ain_offsetCalcInit
003dba24   _ain_offsetCalcTask
003f9243   _ain_offsetCount
003f924e   _ain_offsets
003dba1b   _ain_setSwitchDefaultsForB1
003dbb1a   _ain_startOffsetCalc
003f9256   _ain_values
003f924a   _anlgin_cal_state
003f90d8   _bitStreamLength
003f90d4   _bitStreamOffset
003f90c6   _bitstream_blockcount
003f87c0   _brrToBaudTable
003f928a   _burn32ToEEpromTaskDeadmanSwitch
003f9283   _burn32ToEEpromToBufTaskStatus
003dd5d2   _c_int00
003db615   _canC_configMbxForReceive
003db5b3   _canC_configMbxForTransmit
003db4f7   _canC_initComm
003db537   _canC_mailboxInitialization
003db68e   _canC_pollRecv
003db520   _canC_readCanAddrDipSwitches
003db715   _canC_transmitMessage
003dc220   _canF_appendIntoDummyFileBuf
003f8e83   _canF_diagOnOff
003dc239   _canF_readOutOfDummyFileBuf
003dc26f   _canF_recvDummyFile
003dc296   _canF_sendDummyFile
003dc217   _canF_zeroDummyFileBufCounts
003dc21c   _canF_zeroDummyFileBufOutCount
003daf12   _canO_HandleCanOpenMessage
003db234   _canO_doJumpToBootLoader
003db22a   _canO_doReset
003db20c   _canO_givesErrForTesting
003db047   _canO_multiPktRecv2nd3rdEtc
003db001   _canO_multiPktRecvFirst
003db142   _canO_multiPktSend2nd3rdEtc
003db10e   _canO_multiPktSendFirst
003db1f0   _canO_recv16Bits
003db1cb   _canO_recv32Bits
003db1fd   _canO_send16Bits
003db1de   _canO_send32Bits
003db212   _canO_sendMaxSubIndex
003f8fc4   _canTestData0x98765432
003f8fc2   _canTestData16
003f86bf   _canTestData16_01
003f86be   _canTestData16_02
003dddf2   _can_index
003f8b80   _circ_buf_next_in
003f8b81   _circ_buf_next_out
003dd84c   _clearbits32
003f8fc1   _co_jump_to_bootloader
003f8fc0   _co_reset
003da21b   _comint_DisplayCpldAddrConfig
003da1b4   _comint_DisplaySpeedDialList
003d9d3e   _comint_comint
003da25a   _comint_comintHelp
003da059   _comint_comintSpeedDial
003da23d   _comint_comintTextCommand
003f86c2   _commandAckCommandCode
003f86c4   _commandAckDataWord
003f86c3   _commandAckDataWordReceived
003daee8   _copy32BytesFromMultiPacketBufToPackedBuf
003dae9a   _copyDataToMultiPacketBuf
003daec0   _copyPacked32BytesToMultiPacketBuf
003dc375   _diagRs232CanRecvMsg
003d855d   _diagRs232FlashRWBuff
003d991a   _diagRs232I2ceeRead
003d9988   _diagRs232I2ceeWrite8
003d852f   _diagRs232readFlashRDID
003d84f3   _diagRs232readFlashStatusReg
003dc2e3   _diagRs232recvMultiPacket
003dc2c7   _diagRs232sendDummyFile
003dccbf   _diag_SelectSpiFlash
003f8e62   _digio2_DiffOutEnable
003f8e63   _digio2_DiffOutLevel
003f8e66   _digio2_DiffOutSignalAssignment
003f8e68   _digio2_DigOutLevel
003f8e6b   _digio2_DigOutMode
003f8e71   _digio2_DigOutRails
003f8e77   _digio2_DigOutSignalAssignment
003f8e65   _digio2_EncInMap
003f8e60   _digio2_EncIndexDivisor
003f8e64   _digio2_HallInMap
003da266   _digio2_Init
003da467   _digio2_Init_Enc_Index_Freq_Div
003f8e61   _digio2_PwmInMap
003da68c   _digio2_initDiffOutEnable
003da673   _digio2_initDiffOutLevel
003da599   _digio2_initDiffOutSignalAssignment
003da649   _digio2_initDigOutLevel
003da554   _digio2_initDigOutMode
003da5f5   _digio2_initDigOutRails
003da4ec   _digio2_initDigOutSignalAssignment
003da67a   _digio2_recvDiffOutEnable
003da661   _digio2_recvDiffOutLevel
003da575   _digio2_recvDiffOutSignalAssignment
003da61d   _digio2_recvDigOutLevel
003da50d   _digio2_recvDigOutMode
003da5ae   _digio2_recvDigOutRails
003da4a5   _digio2_recvDigOutSignalAssignment
003da273   _digio2_recvEncInMap
003da470   _digio2_recvEncIndexDivisor
003da285   _digio2_recvHallInMap
003da292   _digio2_recvPwmInMap
003da330   _digio2_sendEncAInOnTime
003da314   _digio2_sendEncAInPeriod
003da385   _digio2_sendEncCounts
003da368   _digio2_sendEncIInOnTime
003da34c   _digio2_sendEncIInPeriod
003da36e   _digio2_sendEncInDir
003da3f5   _digio2_sendEncReadingClassic
003da482   _digio2_sendHallReadingClassic
003da2c0   _digio2_sendPwmIn1OnTime
003da2a4   _digio2_sendPwmIn1Period
003da2f8   _digio2_sendPwmIn2OnTime
003da2dc   _digio2_sendPwmIn2Period
003da3a1   _digio2_sendPwmReadingClassic
003f8b68   _digio_DacAnlgOutValuesClassic
003f8b64   _digio_DacComparatorValuesClassic
003f8b51   _digio_Enc1ClassicDir
003f8b49   _digio_Enc1ClassicFreq
003f8b4e   _digio_Enc1ClassicIndex
003f8b43   _digio_Enc1ManualStop
003f8b46   _digio_Enc1OutDir
003f8b52   _digio_Enc1OutFreq32
003f8b5c   _digio_Enc1OutIndex32
003f8b62   _digio_Enc1StopAfterN
003f8b4d   _digio_Enc2ClassicDir
003f8b50   _digio_Enc2ClassicFreq
003f8b4b   _digio_Enc2ClassicIndex
003f8b48   _digio_Enc2ManualStop
003f8b42   _digio_Enc2OutDir
003f8b54   _digio_Enc2OutFreq32
003f8b5e   _digio_Enc2OutIndex32
003f8b60   _digio_Enc2StopAfterN
003dac5b   _digio_EncInit
003dae2a   _digio_HallOutInit
003f8b4f   _digio_HallOutputDirClassic16
003f8b58   _digio_HallOutputFreq32
003f8b4c   _digio_HallOutputFreqClassic16
003f8b4a   _digio_HallOutputPhaseClassic16
003f8b5a   _digio_PwmOutputDutyCycl32
003f8b44   _digio_PwmOutputDutyCyclClassic16
003dac17   _digio_PwmOutputFreq16Task
003f8b47   _digio_PwmOutputFreq16TaskState
003f8b56   _digio_PwmOutputFreq32
003f8b45   _digio_PwmOutputFreqClassic16
003daaa8   _digio_initDacComparatorValuesClassic
003f8b70   _digio_nativeDacVal
003daaf3   _digio_receiveNativeDacVal
003dab75   _digio_recvAnlgOutClassic
003dad80   _digio_recvClassicEncOutParam
003daab8   _digio_recvComparitorClassic
003dacb8   _digio_recvEncOutParam
003dae76   _digio_recvHallOutputParam32
003dae34   _digio_recvHallOutputParamClassic16
003dabd3   _digio_recvPwmOutputDutyCyc32
003dac03   _digio_recvPwmOutputDutyCycClassic16
003dabb7   _digio_recvPwmOutputFreq32
003dabef   _digio_recvPwmOutputFreqClassic16
003daae1   _digio_send16DigitalInputs
003dabac   _digio_writeDacOutputValue
003f8689   _dsdl_index
003f8ec0   _dummyFileBuf
003f8e81   _dummyFileBufInCharCount
003f8e82   _dummyFileBufOutCharCount
003f8e80   _dummyFileBufOutPacketSize
003f9288   _eeProm1ByteRWAddr
003f9285   _eeProm32ByteRWAddr
003da70e   _error
003dd571   _evtimer4_enable_int
003f90bb   _evtimer4_ext_req_to_turn_off
003dd562   _evtimer4_initConfig_n_Start
003dd563   _evtimer4_initConfig_n_Start_disabled
003dd6b2   _evtimer4_isr
003f90ba   _evtimer4_state
003dd559   _evtimer4_store_int_vectors_in_PIE
003dd517   _evtimer4_turn_off
003dd51c   _evtimer4_turn_on
003dd7fe   _exit
003f90bc   _extRamSize
003dd635   _f1i_BgTask
003f90bf   _f1i_BgTask_count
003dd616   _f1i_enable_interrupt
003dd626   _f1i_initialize_interrupt
003dd7ad   _f1i_isr
003f90be   _f1i_state
003dd61d   _f1i_store_int_vectors_in_PIE
003dc087   _f2i_BgTask_SSEnc
003f86b3   _f2i_BgTask_count
003dc17c   _f2i_CRC5
003f86b1   _f2i_SSEnc_Alarm_Bit
003f86b2   _f2i_SSEnc_CRC_5
003f86b4   _f2i_SSEnc_Num_Pos_Bits
003f86ae   _f2i_SSEnc_Pos_1
003f86af   _f2i_SSEnc_Pos_2
003f86b6   _f2i_SSEnc_Pos_32
003dc070   _f2i_SSEnc_init
003dc1c7   _f2i_SSEnc_reverse_position
003dc055   _f2i_enable_interrupt
003dc061   _f2i_initialize_interrupt
003dd815   _f2i_isr
003dc1fa   _f2i_recv_Pos_32_from_Host
003f86b0   _f2i_state
003dc058   _f2i_store_int_vectors_in_PIE
003f9140   _fastRWBuff
003f90cb   _fastRWBuffCharCount
003f90ca   _fastRWBuffInUse
003f9100   _flashRWBuff
003f90cd   _flashRWBuffFillIndex
003f90a0   _fpgaT_3004_5000_count
003f909e   _fpgaT_3004_5000_errors
003f90a2   _fpgaT_3004_5000_immediate_err_test
003f909d   _fpgaT_3004_5000_immediate_report
003f90a3   _fpgaT_3004_5000_passes
003f908a   _fpgaT_Fpga1_sv1_read
003f909f   _fpgaT_Fpga1_sv1_write
003f908e   _fpgaT_Fpga1_sv2_read
003f908b   _fpgaT_Fpga1_sv2_write
003f9091   _fpgaT_Fpga2_sv1_read
003f908f   _fpgaT_Fpga2_sv1_write
003f908d   _fpgaT_Fpga2_sv2_read
003f9090   _fpgaT_Fpga2_sv2_write
003f9097   _fpgaT_Fpga3_sv1_read
003f908c   _fpgaT_Fpga3_sv1_write
003f9099   _fpgaT_Fpga3_sv2_read
003f9096   _fpgaT_Fpga3_sv2_write
003d8fe0   _fpgaT_getledStatus
003d8fe4   _fpgaT_initTest
003d8ff1   _fpgaT_init_3004_5000_Test
003f90a1   _fpgaT_ledStatus
003d95d9   _fpgaT_send32Clk
003d8fd2   _fpgaT_setTestData3003
003d8fd9   _fpgaT_setTestSelection3004
003f9092   _fpgaT_sv_test_Control
003f90a4   _fpgaT_sv_test_Count_Tests
003f9095   _fpgaT_sv_test_Error
003f9093   _fpgaT_sv_test_Per_Loop
003d969a   _fpgaT_sv_test_Task
003f9094   _fpgaT_sv_test_Throw_Error
003d9601   _fpgaT_sv_test_ctrl
003d9619   _fpgaT_sv_test_one_rw
003f9098   _fpgaT_sv_test_which_Fpgas
003d9243   _fpgaT_test3005
003f909a   _fpgaT_testData3003
003f909c   _fpgaT_testSelection3004
003d8ff9   _fpgaT_testUnderTimer0
003f909b   _fpgaT_testUnderTimer0_count
003f90d6   _frwDiagFlashAddr
003f90da   _frwFlashAddr
003f90c7   _frwFlashTaskState
003f90c1   _frwLoadFpgasAtStartupStatus
003f90cc   _frwLoadMultipleFgpas
003f90c5   _frwMcsNotFastDownload
003f90c0   _frwWhichFlashChip
003d8015   _frw_AssertHwWriteProtect
003d8037   _frw_GetLoadFpgasAtStartupStatus
003d8033   _frw_GetWhichFlash
003d8245   _frw_MiscFlashTasks
003d80be   _frw_ReadFpgaCtrlLines
003d8004   _frw_RemoveHwWriteProtect
003d8049   _frw_SetFpgaCtrlLines
003d802c   _frw_SetWhichFlash
003d8024   _frw_SpiFlashInit
003d80f3   _frw_SpiFlashTask
003d835f   _frw_bulkEraseFlashRecv
003d834f   _frw_bulkEraseFlashSend
003f90c2   _frw_bulkEraseToken
003d87c8   _frw_diagDisplFlashPage
003d8762   _frw_diagFlashTasks
003d8483   _frw_fastFileRecvData
003d803b   _frw_initFpgaLoadPins
003d837a   _frw_mcsFileRecvData
003d8316   _frw_mcsFileRecvStatus
003d83e9   _frw_mcsFileSendData
003d82d5   _frw_readFlashRDID
003d82c4   _frw_readFlashStatusReg
003d84dd   _frw_readWhichFlashChip
003d82eb   _frw_releasePowerdownRES
003d87ec   _frw_runTest2005
003d84c7   _frw_startLoadFpgaFromFlash
003d82fc   _frw_startMcsFileRecv
003d85b6   _frw_test2005
003d868d   _frw_test4000
003d86f0   _frw_test4001
003d86f7   _frw_test4002
003d86fe   _frw_test4003
003d871d   _frw_test4004
003d8749   _frw_test4005
003d875c   _frw_test4006
003d84d5   _frw_turnOnFlashWriteProtect
003d84e9   _frw_writeWhichFlashChip
003db371   _hexUtil_bin32To10DecAsciiChars
003db473   _hexUtil_bin32ToDecAsciiCharsZeroSuppress
003db2bc   _hexUtil_binTo2HexAsciiChars
003db29b   _hexUtil_binTo4HexAsciiChars
003db2e0   _hexUtil_binTo5DecAsciiChars
003db340   _hexUtil_binToDecAsciiCharsZeroSuppress
003db4a5   _hexUtil_decCharsToBin
003db4cc   _hexUtil_decCharsToBin32
003db240   _hexUtil_hexCharToBin
003db24c   _hexUtil_hexCharsToBin
003db270   _hexUtil_isValidAsciiHexDigits
003f9286   _i2cee32ByteStatus
003f9287   _i2ceeCanFileIndex
003f9289   _i2ceeCanFileStatus
003f9282   _i2ceeDiagAddr
003f9280   _i2ceeSelectedEeprom
003d9c85   _i2cee_32BytesFromEEpromToBuf
003d9cd7   _i2cee_32BytesFromPC
003d9cc8   _i2cee_32BytesToPC
003d96be   _i2cee_Init
003d9ce6   _i2cee_burn32BytesToEEProm
003d9cff   _i2cee_burn32ToEEpromTask
003d96f4   _i2cee_delay
003d99b5   _i2cee_diag4203Task
003d96cf   _i2cee_disableClkToAllEEProms
003d96db   _i2cee_enableClkToSelectedEEProm
003d9b2a   _i2cee_getTokenForEepromProg
003d9b3a   _i2cee_progEEPromFromCanFileData
003d9bba   _i2cee_progEEPromFromCanFileTask
003f9281   _i2cee_programmingToken
003d9808   _i2cee_read
003d9794   _i2cee_read1Byte
003d9cbb   _i2cee_read32ByteStatus
003d9c94   _i2cee_read32FromEEpromToBufTask
003d9c29   _i2cee_readEEProm1Byte
003d9b56   _i2cee_readEEPromStatus
003d9b67   _i2cee_readEEPromToCanFile
003d9b78   _i2cee_readEEPromToCanFileTask
003d96c5   _i2cee_selectEEProm
003d9a08   _i2cee_test4200
003d9a19   _i2cee_test4201
003d9a4a   _i2cee_test4203
003d9a67   _i2cee_test4204
003d9aa4   _i2cee_test4205
003d9ae7   _i2cee_test4206
003d9879   _i2cee_write
003d9703   _i2cee_write1Byte
003d9c54   _i2cee_writeEEProm1Byte
003d98f7   _i2cee_writeProtect
003f8e7d   _idle_loop_count
003df36e   _index_2000
003def3c   _index_2001
003df2ce   _index_2002
003def74   _index_2003
003defac   _index_2004
003df198   _index_2005
003df2e6   _index_2006
003df0ae   _index_2007
003df1b8   _index_2008
003df1d8   _index_2009
003df2fe   _index_200A
003dee2c   _index_200B
003deefc   _index_200C
003df376   _index_200D
003df0d6   _index_200E
003df37e   _index_200F
003ded8c   _index_2010
003df1f8   _index_2011
003df316   _index_2012
003defe4   _index_2013
003df0fe   _index_2014
003df126   _index_2015
003df386   _index_2016
003df38e   _index_2017
003df396   _index_2018
003df39e   _index_2019
003df3a6   _index_201A
003df3ae   _index_201B
003df3b6   _index_201C
003df3be   _index_201D
003df3c6   _index_201E
003df3ce   _index_201F
003df3d6   _index_2020
003df3de   _index_2021
003df3e6   _index_2022
003de778   _index_2023
003de7e8   _index_2024
003de858   _index_2025
003de8c8   _index_2026
003de938   _index_2027
003de9a8   _index_2028
003dea18   _index_2029
003dea88   _index_202A
003df3ee   _index_202B
003df3f6   _index_202C
003df3fe   _index_202D
003df406   _index_202E
003df40e   _index_202F
003df416   _index_2030
003deaf8   _index_2031
003df32e   _index_2032
003df41e   _index_2033
003df426   _index_2034
003df42e   _index_2035
003df218   _index_2036
003df436   _index_2037
003df43e   _index_2038
003df446   _index_2039
003df44e   _index_203A
003df456   _index_203B
003df45e   _index_203C
003df466   _index_203D
003df46e   _index_203E
003df476   _index_203F
003df47e   _index_2040
003df486   _index_2041
003df48e   _index_2042
003df496   _index_2043
003df49e   _index_2044
003df4a6   _index_2045
003df4ae   _index_2046
003df4b6   _index_2047
003df4be   _index_2048
003df238   _index_2049
003df04e   _index_204A
003df35e   _index_204B
003ddf76   _index_204C
003dec84   _index_204D
003de28e   _index_204E
003df07e   _index_204F
003de562   _index_2050
003deddc   _index_2051
003df14e   _index_2052
003de5f2   _index_2053
003df346   _index_2054
003decdc   _index_2055
003debc4   _index_2056
003de086   _index_2057
003de4ca   _index_2058
003df4c6   _index_2059
003df4ce   _index_205A
003df4d6   _index_205B
003df4de   _index_205C
003df4e6   _index_205D
003df4ee   _index_205E
003ded34   _index_205F
003df4f6   _index_2060
003dae92   _init_SDO_MS_CB
003f868a   _ledCpldPattern
003dc4fb   _led_DspLedInit
003dc51a   _led_FpgaLedInit
003f8979   _led_cpldIoPattern
003dc3f4   _led_cpldLedIoInit
003f897b   _led_cpldPmPattern
003f8974   _led_dspLedCount
003f8972   _led_dspLedErrCount
003dc462   _led_dspLedErrMsg
003f8973   _led_dspLedPattern
003f8976   _led_fpga1Pattern
003f8975   _led_fpga2Pattern
003f8977   _led_fpga3Pattern
003f8978   _led_fpgaCount
003dc3f0   _led_getCpldIoLedPattern
003dc45e   _led_getDspLedPattern
003dc471   _led_init4DspLeds
003dc3fd   _led_manageCpldIoLEDsUnderTimer0
003dc47c   _led_manageDspLEDsUnderTimer0
003dc523   _led_manageFpgaLedsUnderTimer0
003dc457   _led_setDspLedPattern
003dc3d6   _led_setLedCpldIoPattern
003dc3e3   _led_setLedCpldPmPattern
003dc501   _led_setLedFpga1Pattern
003dc50a   _led_setLedFpga2Pattern
003dc513   _led_setLedFpga3Pattern
003f897a   _led_synchronizedHeartbeatCounter
003dc3d0   _led_synchronizedSlowHeartbeat
003dc46c   _led_toggle4DspLeds
003d893d   _limChkAnlgIn1234
003d8975   _limChkAnlgIn5678
003f8d00   _limChkAnlgInChannel
003d8f2c   _limChkAnlgInClassic
003d8f95   _limChkAnlgInComparison
003f8d02   _limChkAnlgInLimits
003f8d0a   _limChkAnlgInLimitsClassic
003d8ee4   _limChkBackgroundComputeAvg
003d8dd1   _limChkBackgroundMeasurements
003d8e4e   _limChkBackgroundMinMaxAvg
003d8eaf   _limChkBackgroundMinMaxAvgInit
003d89c1   _limChkDiffIn8
003d89ad   _limChkDigIn16
003d89d6   _limChkFreqTest
003d8cee   _limChkHvPsShutdown
003d89f3   _limChkLevelTest
003d8ced   _limChkOpenHvPsRelay
003f8d01   _limChkOpenHvPsRelayTimer
003d8cf3   _limChkStateMachine
003d8d09   _limChkStateMachineChannel
003d8dae   _limChkStateMachineOnTestFail
003d8dbe   _limChkStateMachineResetOneChannel
003d8a08   _limChkUndefinedTest
003d88a6   _limchkConvertClassicToNative
003d88fc   _limchkConvertNativeToClassic
003d87f6   _limchkInit
003d8803   _limchkInitOneChannel
003d8880   _limchkPreTestInit
003d8c82   _limchkRecvEnable
003d8a6b   _limchkRecvLimits
003d8cb0   _limchkRecvSync
003d8bb2   _limchkRecvTimeStartEnd
003d8af1   _limchkRecvWhichInput
003d8cd7   _limchkResetOneChannel
003d8c43   _limchkSendAvgValue
003d8bd8   _limchkSendFails
003d8a0e   _limchkSendLimits
003d8b29   _limchkSendMeasValueClassic
003d8bfe   _limchkSendMinMaxValue
003d8b56   _limchkSendTestStatus
003d8b8c   _limchkSendTimeStartEnd
003d8acb   _limchkSendWhichInput
003ddc5a   _limitCheckInputs
003f8d40   _limitCheckParams
003dd04d   _log_addToLog
003dd003   _log_addToLogWith3Params
003dd0d5   _log_clear
003f897c   _log_eventIndex
003f897e   _log_eventRecCount
00100000   _log_events
003dcffe   _log_init
003dd093   _log_readLog
003f897d   _log_readLogOffsetInRec
003f897f   _log_readLogRecNum
003dd0c0   _log_startReadingLog
003dd0dd   _log_t0Period
003dc727   _main
003dc7f6   _main_DisplayPgLoopCount
003dc7ed   _main_readPowerGoodSignals
003dc819   _main_startupTask
003f8e7f   _main_startupTaskState
003f90cf   _mcsFileRecvAddrExtension
003f90ce   _mcsFileRecvError
003f90d0   _mcsFileRecvInProgress
003f90c4   _mcsFileRecvParseStatus
003f90d1   _mcsFileRecvStatus
003f90c9   _mcsFileSendByteAddr
003f90d2   _mcsFileSendByteCount
003dd281   _mcsParseReceivedData
003f90c3   _miscFlashTaskOperation
003f90c8   _miscFlashTaskState
003f868e   _msg1
003f8700   _msg_AckAutobaud
003f8800   _msg_Ts3Banner001
003f8780   _msg_Ts3Banner002
003f875e   _msg_changeBaudRateIn3Sec
003f868b   _msg_crLf
003f86ce   _msg_detectedBreakOrError
003f91cd   _msg_illegalOption
003f869d   _msg_notACommand
003f8740   _msg_notLegalBaudRate
003f86e9   _msg_notLegalCharSize
003f8718   _msg_notLegalParity
003f86d3   _msg_notLegalStopBits
003f91c0   _msg_testTask_1
003f918a   _msg_testTask_2
003f91a2   _msg_testTask_3
003f9196   _msg_testTask_4
003f91af   _msg_testTask_5
003f9000   _multi_packet_buf
003f928b   _packed32ByteBuf
003f8e7e   _pg_loopCount
003f9182   _prevTaskNumber
003f86b5   _previousMode
003dcfac   _r232Out_Command_Ack
003dcfde   _r232Out_Command_Nak
003f8b82   _r232Out_Tx_buf
003dcf66   _r232Out_circBufOutput
003f8c00   _r232Out_circular_buf
003dcf09   _r232Out_outChars
003dcf55   _r232Out_outCharsNT
003dcf9d   _r232Out_transmit_status_busy
003f8bc0   _r232Out_util_buf
003f8880   _rdata
003f86c1   _rdataIndex
003dd843   _read32
003f9284   _read32FromEEpromToBufTaskStatus
003f8985   _res_AmpRefInOut
003dc04b   _res_ConstVelocityTimerRoutine
003f8986   _res_FixedShaftAngle
003f8984   _res_HiPrecisShaftAngle
003f8983   _res_RefDacValue
003f8982   _res_RefFreq
003dc037   _res_ShaftAngleOutTask
003f8981   _res_attenuation
003dbe8a   _res_calcSinCosFromHiPrecisShaftAngle
003dbe80   _res_init
003dbfdc   _res_recvAmpRef
003dc008   _res_recvRefDacValue
003dbffb   _res_recvRefFreq
003dc015   _res_recvShaftAngle
003dc026   _res_recvShaftAngleIincreasedPrecision
003f8980   _res_velocity
003df4ff   _revision_rv1
003df502   _revision_rv2
003f86c8   _rs232AckAutobaudCounter
003f86c5   _rs232BaudChangeCounter
003da716   _rs232_BgTaskInit
003daa70   _rs232_BgTask_AckAutobaud
003daa42   _rs232_BgTask_Rs232BaudChange
003daa58   _rs232_BgTask_Rs232BreakOrError
003da84c   _rs232_BgTask_TxDone
003da820   _rs232_BgTask_ooad
003da836   _rs232_BgTask_ts3StartUp
003daa9b   _rs232_DiagPortalMsg
003da710   _rs232_Init
003da8f4   _rs232_changeBaudParityEtc
003da717   _rs232_commandDecode
003da6c1   _rs232_enable_PIE_int
003daa15   _rs232_getBaudRateFromBrrValue
003da9a8   _rs232_getBrrValueFromBaudRate
003da851   _rs232_reportBaudParityEtc
003da6cd   _rs232_scia_fifo_init
003da6fb   _rs232_setBaudRateDefault
003da813   _rs232_setCommandAck
003da6f1   _rs232_start_autobaud_detect
003da6b5   _rs232_store_int_vectors_in_PIE
003da6a8   _rs232_transmit_characters
003da693   _rs232_transmit_status_busy
003da69d   _rs232_txFifo_Busy
003dcb76   _rsvd_ISR
003f9244   _savedAin
003f9249   _savedAinCal
003f9240   _saved_ioPinSwitches
003f9183   _schedulingScheme
003f8000   _sci2
003f8040   _sci2_Rx_Buf
003f8380   _sci2_Tx_Buf
003dccc2   _sci2_init
003dcd72   _sci2_recvTxBuf
003dcd97   _sci2_recvTxBufAppend
003dcd05   _sci2_rx_tx
003dcdbb   _sci2_sendRxBuf
003dcdf7   _sci2_xmit_test
003f86c6   _sci_brr
003f86ca   _sci_ccr
003dd130   _sciaRxFifoIsr
003dd0e8   _sciaTxFifoIsr
003f86cc   _sdata
003f86c9   _sdataCount
003f86cb   _sdataIndex
003f8fc6   _sdo_multi_segment_control_block
003dd847   _setbits32
003dcc4c   _spi_BulkEraseFlash
003dcc8c   _spi_ClockFlashToFpga
003dcc7b   _spi_ClockFlashToFpgaStart
003dcc55   _spi_ReadFlash
003dcc2f   _spi_ReadSpiFlashRDID
003dcc0f   _spi_ReadSpiFlashStatus
003dcc1c   _spi_ReleasePowerdownRES
003dcc43   _spi_SetFlashWriteEnable
003dcc9c   _spi_WriteFlash
003dcbae   _spi_disableAllSpiDevices
003dd67e   _ssEnc_ConstVelocityTimerRoutine
003f9230   _ssEnc_HiPrecisShaftAngle
003dd66a   _ssEnc_ShaftAngleOutTask
003dd654   _ssEnc_init
003dd659   _ssEnc_recvShaftAngleIincreasedPrecision
003f9231   _ssEnc_velocity
003dd82d   _strU_strcpy
003f9200   _taskDelays
003f9184   _taskFlags
003dc96f   _taskMgr_ageTaskDelays
003dc923   _taskMgr_firstSetTaskFlag
003dc8ac   _taskMgr_init
003dc90a   _taskMgr_nulTask
003dc90e   _taskMgr_runBkgndTasks
003dc8d2   _taskMgr_setTask
003dc8f2   _taskMgr_setTaskRoundRobin
003dc8e6   _taskMgr_setTaskWithDelay
003dc9e6   _taskMgr_testSchedAlgorithms
003dc99e   _taskMgr_testTask_1
003dc9ac   _taskMgr_testTask_2
003dc9bb   _taskMgr_testTask_3
003dc9c9   _taskMgr_testTask_4
003dc9d8   _taskMgr_testTask_5
003dc988   _taskMgr_wDogReset
003f9187   _taskRoundRobinFlags
003dec24   _task_vectors
003f9181   _testTaskCount
003df501   _timeStamp_t1
003df500   _timeStamp_t2
003df4fe   _timeStamp_t3
003f8956   _timer0_SystemMiliSecCount
003f8950   _timer0_count_T0_periods_to_1_MiliSec
003f8952   _timer0_count_T0_periods_to_1_Tenth
003f8951   _timer0_count_Tenths
003dcf05   _timer0_count_reg_value
003dcee5   _timer0_fetchSystemMiliSecCount
003dce10   _timer0_initConfig_n_Start
003dce24   _timer0_init_03
003dcee9   _timer0_interrupt_count_value
003dd78e   _timer0_isr
003dcecd   _timer0_miliSecTask
003dce07   _timer0_store_int_vectors_in_PIE
003f8954   _timer0_synchronized_count_value
003f8958   _timer0_synchronized_reg_value
003dce98   _timer0_task
003dced5   _timer0_task_init
003dceb7   _timer0_tenthOfSecTask
003f90aa   _ts_dateStamp
003dd435   _ts_displayBuildDateTimestamp
003dd48f   _ts_sendDateStampClassic
003dd478   _ts_sendTimeStampClassic
003f90a8   _ts_timeStamp
003f8900   _txBuf
003d8000   _vector_from_bootloader
003f90a6   _version
003dd845   _write32
003dbf78   _write_RES_Shaft_Angle
003dcbe9   _xfer_16
003db7a1   _xintf_InitXintf
003db83b   _xintf_getTestSelection2004
003db83f   _xintf_initTest
003db819   _xintf_setTestData2001
003db820   _xintf_setTestData2002
003db827   _xintf_setTestData2003
003db82e   _xintf_setTestSelection2004
003db9be   _xintf_test2010
003db9cf   _xintf_test2011
003f90af   _xintf_testData2001
003f90ad   _xintf_testData2002
003f90ac   _xintf_testData2003
003f90ae   _xintf_testSelection2004
003db84b   _xintf_testUnderTimer0
003f90b0   _xintf_testUnderTimer0_count
00100198   _xramData1
00100199   _xramData2
0010019a   _xramData3
003dd21a   _xram_ExtRamRWTest
003dd23f   _xram_RWPassThruWholeChip
003dd1c2   _xram_testExternalRam
ffffffff   binit
003df503   cinit
003dd86e   etext
ffffffff   pinit


GLOBAL SYMBOLS: SORTED BY Symbol Address 

address    name
--------   ----
00000000   __stack
00000001   __TI_args_main
0000019b   _ExtRamSize
00000400   __STACK_END
00000400   __STACK_SIZE
00000880   _DevEmuRegs
00000a80   _FlashRegs
00000ae0   _CsmRegs
00000b20   _XintfRegs
00000c00   _CpuTimer0Regs
00000c08   _CpuTimer1Regs
00000c10   _CpuTimer2Regs
00000ce0   _PieCtrlRegs
00000d00   _PieVectTable
00006000   _ECanaRegs
00006040   _ECanaLAMRegs
00006080   _ECanaMOTSRegs
000060c0   _ECanaMOTORegs
00006100   _ECanaMboxes
00007010   _SysCtrlRegs
00007040   _SpiaRegs
00007050   _SciaRegs
00007070   _XIntruptRegs
000070c0   _GpioMuxRegs
000070e0   _GpioDataRegs
00007100   _AdcRegs
00007400   _EvaRegs
00007500   _EvbRegs
00007750   _ScibRegs
00007800   _McbspaRegs
00008000   _InitFlash
00008000   _RamfuncsRunStart
00008017   _DSP28x_usDelay
00100000   _ExtRamStart
00100000   _log_events
00100198   _xramData1
00100199   _xramData2
0010019a   _xramData3
003d8000   _vector_from_bootloader
003d8002   _BL_key
003d8004   .text
003d8004   ___text__
003d8004   _frw_RemoveHwWriteProtect
003d8015   _frw_AssertHwWriteProtect
003d8024   _frw_SpiFlashInit
003d802c   _frw_SetWhichFlash
003d8033   _frw_GetWhichFlash
003d8037   _frw_GetLoadFpgasAtStartupStatus
003d803b   _frw_initFpgaLoadPins
003d8049   _frw_SetFpgaCtrlLines
003d80be   _frw_ReadFpgaCtrlLines
003d80f3   _frw_SpiFlashTask
003d8245   _frw_MiscFlashTasks
003d82c4   _frw_readFlashStatusReg
003d82d5   _frw_readFlashRDID
003d82eb   _frw_releasePowerdownRES
003d82fc   _frw_startMcsFileRecv
003d8316   _frw_mcsFileRecvStatus
003d834f   _frw_bulkEraseFlashSend
003d835f   _frw_bulkEraseFlashRecv
003d837a   _frw_mcsFileRecvData
003d83e9   _frw_mcsFileSendData
003d8483   _frw_fastFileRecvData
003d84c7   _frw_startLoadFpgaFromFlash
003d84d5   _frw_turnOnFlashWriteProtect
003d84dd   _frw_readWhichFlashChip
003d84e9   _frw_writeWhichFlashChip
003d84f3   _diagRs232readFlashStatusReg
003d852f   _diagRs232readFlashRDID
003d855d   _diagRs232FlashRWBuff
003d85b6   _frw_test2005
003d868d   _frw_test4000
003d86f0   _frw_test4001
003d86f7   _frw_test4002
003d86fe   _frw_test4003
003d871d   _frw_test4004
003d8749   _frw_test4005
003d875c   _frw_test4006
003d8762   _frw_diagFlashTasks
003d87c8   _frw_diagDisplFlashPage
003d87ec   _frw_runTest2005
003d87f6   _limchkInit
003d8803   _limchkInitOneChannel
003d8880   _limchkPreTestInit
003d88a6   _limchkConvertClassicToNative
003d88fc   _limchkConvertNativeToClassic
003d893d   _limChkAnlgIn1234
003d8975   _limChkAnlgIn5678
003d89ad   _limChkDigIn16
003d89c1   _limChkDiffIn8
003d89d6   _limChkFreqTest
003d89f3   _limChkLevelTest
003d8a08   _limChkUndefinedTest
003d8a0e   _limchkSendLimits
003d8a6b   _limchkRecvLimits
003d8acb   _limchkSendWhichInput
003d8af1   _limchkRecvWhichInput
003d8b29   _limchkSendMeasValueClassic
003d8b56   _limchkSendTestStatus
003d8b8c   _limchkSendTimeStartEnd
003d8bb2   _limchkRecvTimeStartEnd
003d8bd8   _limchkSendFails
003d8bfe   _limchkSendMinMaxValue
003d8c43   _limchkSendAvgValue
003d8c82   _limchkRecvEnable
003d8cb0   _limchkRecvSync
003d8cd7   _limchkResetOneChannel
003d8ced   _limChkOpenHvPsRelay
003d8cee   _limChkHvPsShutdown
003d8cf3   _limChkStateMachine
003d8d09   _limChkStateMachineChannel
003d8dae   _limChkStateMachineOnTestFail
003d8dbe   _limChkStateMachineResetOneChannel
003d8dd1   _limChkBackgroundMeasurements
003d8e4e   _limChkBackgroundMinMaxAvg
003d8eaf   _limChkBackgroundMinMaxAvgInit
003d8ee4   _limChkBackgroundComputeAvg
003d8f2c   _limChkAnlgInClassic
003d8f95   _limChkAnlgInComparison
003d8fd2   _fpgaT_setTestData3003
003d8fd9   _fpgaT_setTestSelection3004
003d8fe0   _fpgaT_getledStatus
003d8fe4   _fpgaT_initTest
003d8ff1   _fpgaT_init_3004_5000_Test
003d8ff9   _fpgaT_testUnderTimer0
003d9243   _fpgaT_test3005
003d95d9   _fpgaT_send32Clk
003d9601   _fpgaT_sv_test_ctrl
003d9619   _fpgaT_sv_test_one_rw
003d969a   _fpgaT_sv_test_Task
003d96be   _i2cee_Init
003d96c5   _i2cee_selectEEProm
003d96cf   _i2cee_disableClkToAllEEProms
003d96db   _i2cee_enableClkToSelectedEEProm
003d96f4   _i2cee_delay
003d9703   _i2cee_write1Byte
003d9794   _i2cee_read1Byte
003d9808   _i2cee_read
003d9879   _i2cee_write
003d98f7   _i2cee_writeProtect
003d991a   _diagRs232I2ceeRead
003d9988   _diagRs232I2ceeWrite8
003d99b5   _i2cee_diag4203Task
003d9a08   _i2cee_test4200
003d9a19   _i2cee_test4201
003d9a4a   _i2cee_test4203
003d9a67   _i2cee_test4204
003d9aa4   _i2cee_test4205
003d9ae7   _i2cee_test4206
003d9b2a   _i2cee_getTokenForEepromProg
003d9b3a   _i2cee_progEEPromFromCanFileData
003d9b56   _i2cee_readEEPromStatus
003d9b67   _i2cee_readEEPromToCanFile
003d9b78   _i2cee_readEEPromToCanFileTask
003d9bba   _i2cee_progEEPromFromCanFileTask
003d9c29   _i2cee_readEEProm1Byte
003d9c54   _i2cee_writeEEProm1Byte
003d9c85   _i2cee_32BytesFromEEpromToBuf
003d9c94   _i2cee_read32FromEEpromToBufTask
003d9cbb   _i2cee_read32ByteStatus
003d9cc8   _i2cee_32BytesToPC
003d9cd7   _i2cee_32BytesFromPC
003d9ce6   _i2cee_burn32BytesToEEProm
003d9cff   _i2cee_burn32ToEEpromTask
003d9d3e   _comint_comint
003da059   _comint_comintSpeedDial
003da1b4   _comint_DisplaySpeedDialList
003da21b   _comint_DisplayCpldAddrConfig
003da23d   _comint_comintTextCommand
003da25a   _comint_comintHelp
003da266   _digio2_Init
003da273   _digio2_recvEncInMap
003da285   _digio2_recvHallInMap
003da292   _digio2_recvPwmInMap
003da2a4   _digio2_sendPwmIn1Period
003da2c0   _digio2_sendPwmIn1OnTime
003da2dc   _digio2_sendPwmIn2Period
003da2f8   _digio2_sendPwmIn2OnTime
003da314   _digio2_sendEncAInPeriod
003da330   _digio2_sendEncAInOnTime
003da34c   _digio2_sendEncIInPeriod
003da368   _digio2_sendEncIInOnTime
003da36e   _digio2_sendEncInDir
003da385   _digio2_sendEncCounts
003da3a1   _digio2_sendPwmReadingClassic
003da3f5   _digio2_sendEncReadingClassic
003da467   _digio2_Init_Enc_Index_Freq_Div
003da470   _digio2_recvEncIndexDivisor
003da482   _digio2_sendHallReadingClassic
003da4a5   _digio2_recvDigOutSignalAssignment
003da4ec   _digio2_initDigOutSignalAssignment
003da50d   _digio2_recvDigOutMode
003da554   _digio2_initDigOutMode
003da575   _digio2_recvDiffOutSignalAssignment
003da599   _digio2_initDiffOutSignalAssignment
003da5ae   _digio2_recvDigOutRails
003da5f5   _digio2_initDigOutRails
003da61d   _digio2_recvDigOutLevel
003da649   _digio2_initDigOutLevel
003da661   _digio2_recvDiffOutLevel
003da673   _digio2_initDiffOutLevel
003da67a   _digio2_recvDiffOutEnable
003da68c   _digio2_initDiffOutEnable
003da693   _rs232_transmit_status_busy
003da69d   _rs232_txFifo_Busy
003da6a8   _rs232_transmit_characters
003da6b5   _rs232_store_int_vectors_in_PIE
003da6c1   _rs232_enable_PIE_int
003da6cd   _rs232_scia_fifo_init
003da6f1   _rs232_start_autobaud_detect
003da6fb   _rs232_setBaudRateDefault
003da702   _TurnOnTx
003da70e   _error
003da710   _rs232_Init
003da716   _rs232_BgTaskInit
003da717   _rs232_commandDecode
003da813   _rs232_setCommandAck
003da820   _rs232_BgTask_ooad
003da836   _rs232_BgTask_ts3StartUp
003da84c   _rs232_BgTask_TxDone
003da851   _rs232_reportBaudParityEtc
003da8f4   _rs232_changeBaudParityEtc
003da9a8   _rs232_getBrrValueFromBaudRate
003daa15   _rs232_getBaudRateFromBrrValue
003daa42   _rs232_BgTask_Rs232BaudChange
003daa58   _rs232_BgTask_Rs232BreakOrError
003daa70   _rs232_BgTask_AckAutobaud
003daa9b   _rs232_DiagPortalMsg
003daaa8   _digio_initDacComparatorValuesClassic
003daab8   _digio_recvComparitorClassic
003daae1   _digio_send16DigitalInputs
003daaf3   _digio_receiveNativeDacVal
003dab75   _digio_recvAnlgOutClassic
003dabac   _digio_writeDacOutputValue
003dabb7   _digio_recvPwmOutputFreq32
003dabd3   _digio_recvPwmOutputDutyCyc32
003dabef   _digio_recvPwmOutputFreqClassic16
003dac03   _digio_recvPwmOutputDutyCycClassic16
003dac17   _digio_PwmOutputFreq16Task
003dac5b   _digio_EncInit
003dacb8   _digio_recvEncOutParam
003dad80   _digio_recvClassicEncOutParam
003dae2a   _digio_HallOutInit
003dae34   _digio_recvHallOutputParamClassic16
003dae76   _digio_recvHallOutputParam32
003dae92   _init_SDO_MS_CB
003dae9a   _copyDataToMultiPacketBuf
003daec0   _copyPacked32BytesToMultiPacketBuf
003daee8   _copy32BytesFromMultiPacketBufToPackedBuf
003daf12   _canO_HandleCanOpenMessage
003db001   _canO_multiPktRecvFirst
003db047   _canO_multiPktRecv2nd3rdEtc
003db10e   _canO_multiPktSendFirst
003db142   _canO_multiPktSend2nd3rdEtc
003db1cb   _canO_recv32Bits
003db1de   _canO_send32Bits
003db1f0   _canO_recv16Bits
003db1fd   _canO_send16Bits
003db20c   _canO_givesErrForTesting
003db212   _canO_sendMaxSubIndex
003db22a   _canO_doReset
003db234   _canO_doJumpToBootLoader
003db240   _hexUtil_hexCharToBin
003db24c   _hexUtil_hexCharsToBin
003db270   _hexUtil_isValidAsciiHexDigits
003db29b   _hexUtil_binTo4HexAsciiChars
003db2bc   _hexUtil_binTo2HexAsciiChars
003db2e0   _hexUtil_binTo5DecAsciiChars
003db340   _hexUtil_binToDecAsciiCharsZeroSuppress
003db371   _hexUtil_bin32To10DecAsciiChars
003db473   _hexUtil_bin32ToDecAsciiCharsZeroSuppress
003db4a5   _hexUtil_decCharsToBin
003db4cc   _hexUtil_decCharsToBin32
003db4f7   _canC_initComm
003db520   _canC_readCanAddrDipSwitches
003db537   _canC_mailboxInitialization
003db5b3   _canC_configMbxForTransmit
003db615   _canC_configMbxForReceive
003db68e   _canC_pollRecv
003db715   _canC_transmitMessage
003db7a1   _xintf_InitXintf
003db819   _xintf_setTestData2001
003db820   _xintf_setTestData2002
003db827   _xintf_setTestData2003
003db82e   _xintf_setTestSelection2004
003db83b   _xintf_getTestSelection2004
003db83f   _xintf_initTest
003db84b   _xintf_testUnderTimer0
003db9be   _xintf_test2010
003db9cf   _xintf_test2011
003dba17   _ain_offsetCalcInit
003dba1b   _ain_setSwitchDefaultsForB1
003dba20   _ain_getAnlginCalState
003dba24   _ain_offsetCalcTask
003dbb1a   _ain_startOffsetCalc
003dbb26   _ain_calibratedValue
003dbb57   _ain_calibratedClassicValue
003dbba7   _ain_calibratedClassicValRaw
003dbbb5   _ain_ad7175_setup_task_init
003dbbbc   _ain_get_ad7175SetupTaskState
003dbbc0   _ain_ad7175_setup_task
003dbc29   _ain_ad7175_request
003dbc50   _ain_ad7175_fetch_status
003dbc5f   _ain_ad7175_fetch_data_read
003dbc73   _adc_init
003dbcac   _adc_configureChannels
003dbccb   _adc_runConversion
003dbcd9   _adc_convertToMilliVolts
003dbcf0   _adc_readOneAdcChannelToRs232
003dbd6c   _adc_addOneAdcChannelToList
003dbdda   _adc_DisplayAdcResults
003dbe62   _adc_repeatPrevAdcTest
003dbe6d   _adc_readAll16Channels
003dbe80   _res_init
003dbe8a   _res_calcSinCosFromHiPrecisShaftAngle
003dbf78   _write_RES_Shaft_Angle
003dbfdc   _res_recvAmpRef
003dbffb   _res_recvRefFreq
003dc008   _res_recvRefDacValue
003dc015   _res_recvShaftAngle
003dc026   _res_recvShaftAngleIincreasedPrecision
003dc037   _res_ShaftAngleOutTask
003dc04b   _res_ConstVelocityTimerRoutine
003dc055   _f2i_enable_interrupt
003dc058   _f2i_store_int_vectors_in_PIE
003dc061   _f2i_initialize_interrupt
003dc070   _f2i_SSEnc_init
003dc087   _f2i_BgTask_SSEnc
003dc17c   _f2i_CRC5
003dc1c7   _f2i_SSEnc_reverse_position
003dc1fa   _f2i_recv_Pos_32_from_Host
003dc217   _canF_zeroDummyFileBufCounts
003dc21c   _canF_zeroDummyFileBufOutCount
003dc220   _canF_appendIntoDummyFileBuf
003dc239   _canF_readOutOfDummyFileBuf
003dc26f   _canF_recvDummyFile
003dc296   _canF_sendDummyFile
003dc2c7   _diagRs232sendDummyFile
003dc2e3   _diagRs232recvMultiPacket
003dc375   _diagRs232CanRecvMsg
003dc3d0   _led_synchronizedSlowHeartbeat
003dc3d6   _led_setLedCpldIoPattern
003dc3e3   _led_setLedCpldPmPattern
003dc3f0   _led_getCpldIoLedPattern
003dc3f4   _led_cpldLedIoInit
003dc3fd   _led_manageCpldIoLEDsUnderTimer0
003dc457   _led_setDspLedPattern
003dc45e   _led_getDspLedPattern
003dc462   _led_dspLedErrMsg
003dc46c   _led_toggle4DspLeds
003dc471   _led_init4DspLeds
003dc47c   _led_manageDspLEDsUnderTimer0
003dc4fb   _led_DspLedInit
003dc501   _led_setLedFpga1Pattern
003dc50a   _led_setLedFpga2Pattern
003dc513   _led_setLedFpga3Pattern
003dc51a   _led_FpgaLedInit
003dc523   _led_manageFpgaLedsUnderTimer0
003dc57d   _GpioU_defaultInit
003dc599   _GpioU_f1iInit
003dc5a1   _GpioU_f2iInit
003dc5a9   _GpioU_rs232Init
003dc5b3   _GpioU_sci2Init
003dc5bd   _GpioU_SpiInit
003dc5cd   _GpioU_SpiDisableEEPromOnTB3CM
003dc5d2   _GpioU_i2cee_Init
003dc5de   _GpioU_timer0Init
003dc5ea   _GpioU_initGpiosAllZero
003dc5f9   _Gpio_example3C
003dc5fe   _GpioU_ioTest2100
003dc659   _GpioU_ioTest2101
003dc6cc   _GpioU_ioTest2102
003dc727   _main
003dc7ed   _main_readPowerGoodSignals
003dc7f6   _main_DisplayPgLoopCount
003dc819   _main_startupTask
003dc8ac   _taskMgr_init
003dc8d2   _taskMgr_setTask
003dc8e6   _taskMgr_setTaskWithDelay
003dc8f2   _taskMgr_setTaskRoundRobin
003dc90a   _taskMgr_nulTask
003dc90e   _taskMgr_runBkgndTasks
003dc923   _taskMgr_firstSetTaskFlag
003dc96f   _taskMgr_ageTaskDelays
003dc988   _taskMgr_wDogReset
003dc99e   _taskMgr_testTask_1
003dc9ac   _taskMgr_testTask_2
003dc9bb   _taskMgr_testTask_3
003dc9c9   _taskMgr_testTask_4
003dc9d8   _taskMgr_testTask_5
003dc9e6   _taskMgr_testSchedAlgorithms
003dca2c   _INT13_ISR
003dca31   _INT14_ISR
003dca36   _DATALOG_ISR
003dca3b   _RTOSINT_ISR
003dca40   _EMUINT_ISR
003dca45   _NMI_ISR
003dca4a   _ILLEGAL_ISR
003dca4f   _USER1_ISR
003dca54   _USER2_ISR
003dca59   _USER3_ISR
003dca5e   _USER4_ISR
003dca63   _USER5_ISR
003dca68   _USER6_ISR
003dca6d   _USER7_ISR
003dca72   _USER8_ISR
003dca77   _USER9_ISR
003dca7c   _USER10_ISR
003dca81   _USER11_ISR
003dca86   _USER12_ISR
003dca8b   _PDPINTA_ISR
003dca90   _PDPINTB_ISR
003dca95   _XINT1_ISR
003dca9a   _XINT2_ISR
003dca9f   _ADCINT_ISR
003dcaa4   _TINT0_ISR
003dcaa9   _WAKEINT_ISR
003dcaae   _CMP1INT_ISR
003dcab3   _CMP2INT_ISR
003dcab8   _CMP3INT_ISR
003dcabd   _T1PINT_ISR
003dcac2   _T1CINT_ISR
003dcac7   _T1UFINT_ISR
003dcacc   _T1OFINT_ISR
003dcad1   _T2PINT_ISR
003dcad6   _T2CINT_ISR
003dcadb   _T2UFINT_ISR
003dcae0   _T2OFINT_ISR
003dcae5   _CAPINT1_ISR
003dcaea   _CAPINT2_ISR
003dcaef   _CAPINT3_ISR
003dcaf4   _CMP4INT_ISR
003dcaf9   _CMP5INT_ISR
003dcafe   _CMP6INT_ISR
003dcb03   _T3PINT_ISR
003dcb08   _T3CINT_ISR
003dcb0d   _T3UFINT_ISR
003dcb12   _T3OFINT_ISR
003dcb17   _T4PINT_ISR
003dcb1c   _T4CINT_ISR
003dcb21   _T4UFINT_ISR
003dcb26   _T4OFINT_ISR
003dcb2b   _CAPINT4_ISR
003dcb30   _CAPINT5_ISR
003dcb35   _CAPINT6_ISR
003dcb3a   _SPIRXINTA_ISR
003dcb3f   _SPITXINTA_ISR
003dcb44   _MRINTA_ISR
003dcb49   _MXINTA_ISR
003dcb4e   _SCIRXINTA_ISR
003dcb53   _SCITXINTA_ISR
003dcb58   _SCIRXINTB_ISR
003dcb5d   _SCITXINTB_ISR
003dcb62   _ECAN0INTA_ISR
003dcb67   _ECAN1INTA_ISR
003dcb6c   _EMPTY_ISR
003dcb71   _PIE_RESERVED
003dcb76   _rsvd_ISR
003dcb7b   _InitSpi
003dcbae   _spi_disableAllSpiDevices
003dcbc2   _SelectSpiFlash
003dcbe9   _xfer_16
003dcbf4   _Xfr8bitSpiCmd
003dcc0f   _spi_ReadSpiFlashStatus
003dcc1c   _spi_ReleasePowerdownRES
003dcc2f   _spi_ReadSpiFlashRDID
003dcc43   _spi_SetFlashWriteEnable
003dcc4c   _spi_BulkEraseFlash
003dcc55   _spi_ReadFlash
003dcc7b   _spi_ClockFlashToFpgaStart
003dcc8c   _spi_ClockFlashToFpga
003dcc9c   _spi_WriteFlash
003dccbf   _diag_SelectSpiFlash
003dccc2   _sci2_init
003dcd05   _sci2_rx_tx
003dcd72   _sci2_recvTxBuf
003dcd97   _sci2_recvTxBufAppend
003dcdbb   _sci2_sendRxBuf
003dcdf7   _sci2_xmit_test
003dce07   _timer0_store_int_vectors_in_PIE
003dce10   _timer0_initConfig_n_Start
003dce24   _timer0_init_03
003dce2b   _InitCpuTimers
003dce64   _ConfigCpuTimer
003dce98   _timer0_task
003dceb7   _timer0_tenthOfSecTask
003dcecd   _timer0_miliSecTask
003dced5   _timer0_task_init
003dcee5   _timer0_fetchSystemMiliSecCount
003dcee9   _timer0_interrupt_count_value
003dcf05   _timer0_count_reg_value
003dcf09   _r232Out_outChars
003dcf55   _r232Out_outCharsNT
003dcf66   _r232Out_circBufOutput
003dcf9d   _r232Out_transmit_status_busy
003dcfac   _r232Out_Command_Ack
003dcfde   _r232Out_Command_Nak
003dcffe   _log_init
003dd003   _log_addToLogWith3Params
003dd04d   _log_addToLog
003dd093   _log_readLog
003dd0c0   _log_startReadingLog
003dd0d5   _log_clear
003dd0dd   _log_t0Period
003dd0e8   _sciaTxFifoIsr
003dd130   _sciaRxFifoIsr
003dd1c2   _xram_testExternalRam
003dd21a   _xram_ExtRamRWTest
003dd23f   _xram_RWPassThruWholeChip
003dd281   _mcsParseReceivedData
003dd32d   _InitECan
003dd3b3   _InitSysCtrl
003dd3bb   _KickDog
003dd3c5   _DisableDog
003dd3cd   _InitPll
003dd3ea   _InitPeripheralClocks
003dd404   _CsmUnlock
003dd435   _ts_displayBuildDateTimestamp
003dd478   _ts_sendTimeStampClassic
003dd48f   _ts_sendDateStampClassic
003dd4ac   _CanDoubleRead
003dd4b6   _CanDoubleWrite
003dd4c1   _CanDoubleClear
003dd4d4   _CanDoubleSet
003dd4e5   _XmitCanTimestamp
003dd517   _evtimer4_turn_off
003dd51c   _evtimer4_turn_on
003dd559   _evtimer4_store_int_vectors_in_PIE
003dd562   _evtimer4_initConfig_n_Start
003dd563   _evtimer4_initConfig_n_Start_disabled
003dd571   _evtimer4_enable_int
003dd578   FS$$MPY
003dd5d2   _c_int00
003dd616   _f1i_enable_interrupt
003dd61d   _f1i_store_int_vectors_in_PIE
003dd626   _f1i_initialize_interrupt
003dd635   _f1i_BgTask
003dd654   _ssEnc_init
003dd659   _ssEnc_recvShaftAngleIincreasedPrecision
003dd66a   _ssEnc_ShaftAngleOutTask
003dd67e   _ssEnc_ConstVelocityTimerRoutine
003dd688   L$$DIV
003dd697   L$$MOD
003dd6a5   UL$$DIV
003dd6ac   UL$$MOD
003dd6b2   _evtimer4_isr
003dd6db   FS$$TOL
003dd704   _InitPieCtrl
003dd723   _EnableInterrupts
003dd72c   FS$$TOUL
003dd74d   ___memcpy_ff
003dd76e   _InitPieVectTable
003dd78e   _timer0_isr
003dd7ad   _f1i_isr
003dd7c9   L$$TOFS
003dd7e3   __args_main
003dd7fc   C$$EXIT
003dd7fc   _abort
003dd7fe   _exit
003dd815   _f2i_isr
003dd82d   _strU_strcpy
003dd843   _read32
003dd845   _write32
003dd847   _setbits32
003dd84c   _clearbits32
003dd852   U$$DIV
003dd857   U$$MOD
003dd85d   __register_unlock
003dd861   __register_lock
003dd865   __nop
003dd86e   ___etext__
003dd86e   etext
003ddc5a   _limitCheckInputs
003dddf2   _can_index
003ddf76   _index_204C
003de086   _index_2057
003de18e   _PieVectTableInit
003de28e   _index_204E
003de4ca   _index_2058
003de562   _index_2050
003de5f2   _index_2053
003de778   _index_2023
003de7e8   _index_2024
003de858   _index_2025
003de8c8   _index_2026
003de938   _index_2027
003de9a8   _index_2028
003dea18   _index_2029
003dea88   _index_202A
003deaf8   _index_2031
003debc4   _index_2056
003dec24   _task_vectors
003dec84   _index_204D
003decdc   _index_2055
003ded34   _index_205F
003ded8c   _index_2010
003deddc   _index_2051
003dee2c   _index_200B
003deefc   _index_200C
003def3c   _index_2001
003def74   _index_2003
003defac   _index_2004
003defe4   _index_2013
003df04e   _index_204A
003df07e   _index_204F
003df0ae   _index_2007
003df0d6   _index_200E
003df0fe   _index_2014
003df126   _index_2015
003df14e   _index_2052
003df198   _index_2005
003df1b8   _index_2008
003df1d8   _index_2009
003df1f8   _index_2011
003df218   _index_2036
003df238   _index_2049
003df2ce   _index_2002
003df2e6   _index_2006
003df2fe   _index_200A
003df316   _index_2012
003df32e   _index_2032
003df346   _index_2054
003df35e   _index_204B
003df36e   _index_2000
003df376   _index_200D
003df37e   _index_200F
003df386   _index_2016
003df38e   _index_2017
003df396   _index_2018
003df39e   _index_2019
003df3a6   _index_201A
003df3ae   _index_201B
003df3b6   _index_201C
003df3be   _index_201D
003df3c6   _index_201E
003df3ce   _index_201F
003df3d6   _index_2020
003df3de   _index_2021
003df3e6   _index_2022
003df3ee   _index_202B
003df3f6   _index_202C
003df3fe   _index_202D
003df406   _index_202E
003df40e   _index_202F
003df416   _index_2030
003df41e   _index_2033
003df426   _index_2034
003df42e   _index_2035
003df436   _index_2037
003df43e   _index_2038
003df446   _index_2039
003df44e   _index_203A
003df456   _index_203B
003df45e   _index_203C
003df466   _index_203D
003df46e   _index_203E
003df476   _index_203F
003df47e   _index_2040
003df486   _index_2041
003df48e   _index_2042
003df496   _index_2043
003df49e   _index_2044
003df4a6   _index_2045
003df4ae   _index_2046
003df4b6   _index_2047
003df4be   _index_2048
003df4c6   _index_2059
003df4ce   _index_205A
003df4d6   _index_205B
003df4de   _index_205C
003df4e6   _index_205D
003df4ee   _index_205E
003df4f6   _index_2060
003df4fe   _timeStamp_t3
003df4ff   _revision_rv1
003df500   _timeStamp_t2
003df501   _timeStamp_t1
003df502   _revision_rv2
003df503   ___cinit__
003df503   cinit
003df8e3   _RamfuncsLoadStart
003df8fe   _RamfuncsLoadEnd
003f7ff8   _CsmPwl
003f8000   _sci2
003f8040   _sci2_Rx_Buf
003f8380   _sci2_Tx_Buf
003f8689   _dsdl_index
003f868a   _ledCpldPattern
003f868b   _msg_crLf
003f868e   _msg1
003f869d   _msg_notACommand
003f86ae   _f2i_SSEnc_Pos_1
003f86af   _f2i_SSEnc_Pos_2
003f86b0   _f2i_state
003f86b1   _f2i_SSEnc_Alarm_Bit
003f86b2   _f2i_SSEnc_CRC_5
003f86b3   _f2i_BgTask_count
003f86b4   _f2i_SSEnc_Num_Pos_Bits
003f86b5   _previousMode
003f86b6   _f2i_SSEnc_Pos_32
003f86b8   _adc_ChSelSeq2
003f86b9   _adc_ChSelSeq1
003f86ba   _adc_ChSelSeq4
003f86bb   _adc_ChSelSeq3
003f86bc   _adc_maxConv
003f86bd   _adc_DisplayAdcResultsIndex
003f86be   _canTestData16_02
003f86bf   _canTestData16_01
003f86c0   _Rs232Status
003f86c1   _rdataIndex
003f86c2   _commandAckCommandCode
003f86c3   _commandAckDataWordReceived
003f86c4   _commandAckDataWord
003f86c5   _rs232BaudChangeCounter
003f86c6   _sci_brr
003f86c7   _afterBreakCounter
003f86c8   _rs232AckAutobaudCounter
003f86c9   _sdataCount
003f86ca   _sci_ccr
003f86cb   _sdataIndex
003f86cc   _sdata
003f86ce   _msg_detectedBreakOrError
003f86d3   _msg_notLegalStopBits
003f86e9   _msg_notLegalCharSize
003f8700   _msg_AckAutobaud
003f8718   _msg_notLegalParity
003f8740   _msg_notLegalBaudRate
003f875e   _msg_changeBaudRateIn3Sec
003f8780   _msg_Ts3Banner002
003f87c0   _brrToBaudTable
003f8800   _msg_Ts3Banner001
003f8880   _rdata
003f8900   _txBuf
003f8950   _timer0_count_T0_periods_to_1_MiliSec
003f8951   _timer0_count_Tenths
003f8952   _timer0_count_T0_periods_to_1_Tenth
003f8954   _timer0_synchronized_count_value
003f8956   _timer0_SystemMiliSecCount
003f8958   _timer0_synchronized_reg_value
003f895a   _CpuTimer1
003f8962   _CpuTimer0
003f896a   _CpuTimer2
003f8972   _led_dspLedErrCount
003f8973   _led_dspLedPattern
003f8974   _led_dspLedCount
003f8975   _led_fpga2Pattern
003f8976   _led_fpga1Pattern
003f8977   _led_fpga3Pattern
003f8978   _led_fpgaCount
003f8979   _led_cpldIoPattern
003f897a   _led_synchronizedHeartbeatCounter
003f897b   _led_cpldPmPattern
003f897c   _log_eventIndex
003f897d   _log_readLogOffsetInRec
003f897e   _log_eventRecCount
003f897f   _log_readLogRecNum
003f8980   _res_velocity
003f8981   _res_attenuation
003f8982   _res_RefFreq
003f8983   _res_RefDacValue
003f8984   _res_HiPrecisShaftAngle
003f8985   _res_AmpRefInOut
003f8986   _res_FixedShaftAngle
003f8b42   _digio_Enc2OutDir
003f8b43   _digio_Enc1ManualStop
003f8b44   _digio_PwmOutputDutyCyclClassic16
003f8b45   _digio_PwmOutputFreqClassic16
003f8b46   _digio_Enc1OutDir
003f8b47   _digio_PwmOutputFreq16TaskState
003f8b48   _digio_Enc2ManualStop
003f8b49   _digio_Enc1ClassicFreq
003f8b4a   _digio_HallOutputPhaseClassic16
003f8b4b   _digio_Enc2ClassicIndex
003f8b4c   _digio_HallOutputFreqClassic16
003f8b4d   _digio_Enc2ClassicDir
003f8b4e   _digio_Enc1ClassicIndex
003f8b4f   _digio_HallOutputDirClassic16
003f8b50   _digio_Enc2ClassicFreq
003f8b51   _digio_Enc1ClassicDir
003f8b52   _digio_Enc1OutFreq32
003f8b54   _digio_Enc2OutFreq32
003f8b56   _digio_PwmOutputFreq32
003f8b58   _digio_HallOutputFreq32
003f8b5a   _digio_PwmOutputDutyCycl32
003f8b5c   _digio_Enc1OutIndex32
003f8b5e   _digio_Enc2OutIndex32
003f8b60   _digio_Enc2StopAfterN
003f8b62   _digio_Enc1StopAfterN
003f8b64   _digio_DacComparatorValuesClassic
003f8b68   _digio_DacAnlgOutValuesClassic
003f8b70   _digio_nativeDacVal
003f8b80   _circ_buf_next_in
003f8b81   _circ_buf_next_out
003f8b82   _r232Out_Tx_buf
003f8bc0   _r232Out_util_buf
003f8c00   _r232Out_circular_buf
003f8d00   _limChkAnlgInChannel
003f8d01   _limChkOpenHvPsRelayTimer
003f8d02   _limChkAnlgInLimits
003f8d0a   _limChkAnlgInLimitsClassic
003f8d40   _limitCheckParams
003f8e60   _digio2_EncIndexDivisor
003f8e61   _digio2_PwmInMap
003f8e62   _digio2_DiffOutEnable
003f8e63   _digio2_DiffOutLevel
003f8e64   _digio2_HallInMap
003f8e65   _digio2_EncInMap
003f8e66   _digio2_DiffOutSignalAssignment
003f8e68   _digio2_DigOutLevel
003f8e6b   _digio2_DigOutMode
003f8e71   _digio2_DigOutRails
003f8e77   _digio2_DigOutSignalAssignment
003f8e7d   _idle_loop_count
003f8e7e   _pg_loopCount
003f8e7f   _main_startupTaskState
003f8e80   _dummyFileBufOutPacketSize
003f8e81   _dummyFileBufInCharCount
003f8e82   _dummyFileBufOutCharCount
003f8e83   _canF_diagOnOff
003f8ec0   _dummyFileBuf
003f8fc0   _co_reset
003f8fc1   _co_jump_to_bootloader
003f8fc2   _canTestData16
003f8fc4   _canTestData0x98765432
003f8fc6   _sdo_multi_segment_control_block
003f9000   _multi_packet_buf
003f908a   _fpgaT_Fpga1_sv1_read
003f908b   _fpgaT_Fpga1_sv2_write
003f908c   _fpgaT_Fpga3_sv1_write
003f908d   _fpgaT_Fpga2_sv2_read
003f908e   _fpgaT_Fpga1_sv2_read
003f908f   _fpgaT_Fpga2_sv1_write
003f9090   _fpgaT_Fpga2_sv2_write
003f9091   _fpgaT_Fpga2_sv1_read
003f9092   _fpgaT_sv_test_Control
003f9093   _fpgaT_sv_test_Per_Loop
003f9094   _fpgaT_sv_test_Throw_Error
003f9095   _fpgaT_sv_test_Error
003f9096   _fpgaT_Fpga3_sv2_write
003f9097   _fpgaT_Fpga3_sv1_read
003f9098   _fpgaT_sv_test_which_Fpgas
003f9099   _fpgaT_Fpga3_sv2_read
003f909a   _fpgaT_testData3003
003f909b   _fpgaT_testUnderTimer0_count
003f909c   _fpgaT_testSelection3004
003f909d   _fpgaT_3004_5000_immediate_report
003f909e   _fpgaT_3004_5000_errors
003f909f   _fpgaT_Fpga1_sv1_write
003f90a0   _fpgaT_3004_5000_count
003f90a1   _fpgaT_ledStatus
003f90a2   _fpgaT_3004_5000_immediate_err_test
003f90a3   _fpgaT_3004_5000_passes
003f90a4   _fpgaT_sv_test_Count_Tests
003f90a6   _version
003f90a8   _ts_timeStamp
003f90aa   _ts_dateStamp
003f90ac   _xintf_testData2003
003f90ad   _xintf_testData2002
003f90ae   _xintf_testSelection2004
003f90af   _xintf_testData2001
003f90b0   _xintf_testUnderTimer0_count
003f90b2   __unlock
003f90b4   __lock
003f90b6   __cleanup_ptr
003f90b8   __dtors_ptr
003f90ba   _evtimer4_state
003f90bb   _evtimer4_ext_req_to_turn_off
003f90bc   _extRamSize
003f90be   _f1i_state
003f90bf   _f1i_BgTask_count
003f90c0   _frwWhichFlashChip
003f90c1   _frwLoadFpgasAtStartupStatus
003f90c2   _frw_bulkEraseToken
003f90c3   _miscFlashTaskOperation
003f90c4   _mcsFileRecvParseStatus
003f90c5   _frwMcsNotFastDownload
003f90c6   _bitstream_blockcount
003f90c7   _frwFlashTaskState
003f90c8   _miscFlashTaskState
003f90c9   _mcsFileSendByteAddr
003f90ca   _fastRWBuffInUse
003f90cb   _fastRWBuffCharCount
003f90cc   _frwLoadMultipleFgpas
003f90cd   _flashRWBuffFillIndex
003f90ce   _mcsFileRecvError
003f90cf   _mcsFileRecvAddrExtension
003f90d0   _mcsFileRecvInProgress
003f90d1   _mcsFileRecvStatus
003f90d2   _mcsFileSendByteCount
003f90d4   _bitStreamOffset
003f90d6   _frwDiagFlashAddr
003f90d8   _bitStreamLength
003f90da   _frwFlashAddr
003f9100   _flashRWBuff
003f9140   _fastRWBuff
003f9180   _JustForDebug
003f9181   _testTaskCount
003f9182   _prevTaskNumber
003f9183   _schedulingScheme
003f9184   _taskFlags
003f9187   _taskRoundRobinFlags
003f918a   _msg_testTask_2
003f9196   _msg_testTask_4
003f91a2   _msg_testTask_3
003f91af   _msg_testTask_5
003f91c0   _msg_testTask_1
003f91cd   _msg_illegalOption
003f9200   _taskDelays
003f9230   _ssEnc_HiPrecisShaftAngle
003f9231   _ssEnc_velocity
003f9240   _saved_ioPinSwitches
003f9241   _ain_ioPinSwitches
003f9242   _ain_loopbackMux
003f9243   _ain_offsetCount
003f9244   _savedAin
003f9245   _ain_ad7175SetupError
003f9246   _ain_ad7175SetupRegisterIndex
003f9247   _ain_ad7175SetupTaskState
003f9248   _ain_ad7175SetupWait
003f9249   _savedAinCal
003f924a   _anlgin_cal_state
003f924c   _ain_ad7175_single_write_data
003f924e   _ain_offsets
003f9256   _ain_values
003f9266   _ain_ad7175RegisterConfigValues
003f9280   _i2ceeSelectedEeprom
003f9281   _i2cee_programmingToken
003f9282   _i2ceeDiagAddr
003f9283   _burn32ToEEpromToBufTaskStatus
003f9284   _read32FromEEpromToBufTaskStatus
003f9285   _eeProm32ByteRWAddr
003f9286   _i2cee32ByteStatus
003f9287   _i2ceeCanFileIndex
003f9288   _eeProm1ByteRWAddr
003f9289   _i2ceeCanFileStatus
003f928a   _burn32ToEEpromTaskDeadmanSwitch
003f928b   _packed32ByteBuf
ffffffff   ___binit__
ffffffff   ___c_args__
ffffffff   ___pinit__
ffffffff   binit
ffffffff   pinit

[942 symbols]
