******************************************************************************
             TMS320C2000 Linker PC v6.1.0                      
******************************************************************************
>> Linked Tue Feb 06 09:45:18 2018

OUTPUT FILE NAME:   <TB3CM_DSP_Code.out>
ENTRY POINT SYMBOL: "_c_int00"  address: 003dcc9b


MEMORY CONFIGURATION

         name            origin    length      used     unused   attr    fill
----------------------  --------  ---------  --------  --------  ----  --------
PAGE 0:
  ZONE0                 00002000   00002000  00000000  00002000  RWIX
  ZONE1                 00004000   00002000  00000000  00002000  RWIX
  RAML0                 00008000   00001000  0000001b  00000fe5  RWIX
  ZONE2                 00080000   00080000  00000000  00080000  RWIX
  ZONE6                 00100000   00080000  00000000  00080000  RWIX
  OTP                   003d7800   00000800  00000000  00000800  RWIX
  VEC_FROM_BOOT         003d8000   00000004  00000004  00000000  RWIX
  FLASHCDEFGHIJ         003d8004   0001bffc  000068e4  00015718  RWIX
  FLASHB                003f4000   00002000  00000000  00002000  RWIX
  FLASHA                003f6000   00001f80  00000000  00001f80  RWIX
  CSM_RSVD              003f7f80   00000076  00000000  00000076  RWIX
  BEGIN                 003f7ff6   00000002  00000002  00000000  RWIX
  CSM_PWL               003f7ff8   00000008  00000000  00000008  RWIX
  ROM                   003ff000   00000fc0  00000000  00000fc0  RWIX
  RESET                 003fffc0   00000002  00000000  00000002  RWIX
  VECTORS               003fffc2   0000003e  00000000  0000003e  RWIX

PAGE 1:
  RAMM0                 00000000   00000400  00000400  00000000  RWIX
  RAMM1                 00000400   00000400  00000000  00000400  RWIX
  DEV_EMU               00000880   00000180  000000d0  000000b0  RWIX
  FLASH_REGS            00000a80   00000060  00000008  00000058  RWIX
  CSM                   00000ae0   00000010  00000010  00000000  RWIX
  XINTF                 00000b20   00000020  00000020  00000000  RWIX
  CPU_TIMER0            00000c00   00000008  00000008  00000000  RWIX
  CPU_TIMER1            00000c08   00000008  00000008  00000000  RWIX
  CPU_TIMER2            00000c10   00000008  00000008  00000000  RWIX
  PIE_CTRL              00000ce0   00000020  0000001a  00000006  RWIX
  PIE_VECT              00000d00   00000100  00000100  00000000  RWIX
  ECANA                 00006000   00000040  00000034  0000000c  RWIX
  ECANA_LAM             00006040   00000040  00000040  00000000  RWIX
  ECANA_MOTS            00006080   00000040  00000040  00000000  RWIX
  ECANA_MOTO            000060c0   00000040  00000040  00000000  RWIX
  ECANA_MBOX            00006100   00000100  00000100  00000000  RWIX
  SYSTEM                00007010   00000020  00000020  00000000  RWIX
  SPIA                  00007040   00000010  00000010  00000000  RWIX
  SCIA                  00007050   00000010  00000010  00000000  RWIX
  XINTRUPT              00007070   00000010  00000010  00000000  RWIX
  GPIOMUX               000070c0   00000020  00000020  00000000  RWIX
  GPIODAT               000070e0   00000020  00000020  00000000  RWIX
  ADC                   00007100   00000020  0000001a  00000006  RWIX
  EVA                   00007400   00000040  00000032  0000000e  RWIX
  EVB                   00007500   00000040  00000032  0000000e  RWIX
  SCIB                  00007750   00000010  00000010  00000000  RWIX
  MCBSPA                00007800   00000040  00000025  0000001b  RWIX
  RAML1                 00009000   00001000  00000000  00001000  RWIX
  EXTRAM                00100000   00040000  0000019b  0003fe65  RWIX
  CSM_PWL               003f7ff8   00000008  00000008  00000000  RWIX
  RAMH0                 003f8000   00002000  0000111b  00000ee5  RWIX


SECTION ALLOCATION MAP

 output                                  attributes/
section   page    origin      length       input sections
--------  ----  ----------  ----------   ----------------
.pinit     0    003d8004    00000000     UNINITIALIZED

bootentry 
*          0    003d8000    00000004     
                  003d8000    00000004     BootLdEntry.obj (bootentry)

.text      0    003d8004    00004ece     
                  003d8004    000007e8     FlashRW.obj (.text)
                  003d87ec    00000680     I2CEE.obj (.text)
                  003d8e6c    00000607     FpgaTest.obj (.text)
                  003d9473    00000528     Comint.obj (.text)
                  003d999b    0000042d     DigIO2.obj (.text)
                  003d9dc8    00000415     RS232.obj (.text)
                  003da1dd    000003ea     DigIO.obj (.text)
                  003da5c7    000003ae     CanOpen.obj (.text)
                  003da975    000002b7     HexUtil.obj (.text)
                  003dac2c    000002aa     CanComm.obj (.text)
                  003daed6    00000276     Xintf.obj (.text)
                  003db14c    0000025c     AnlgIn.obj (.text)
                  003db3a8    0000020d     ADC.obj (.text)
                  003db5b5    000001d5     Resolver.obj (.text)
                  003db78a    000001c2     F2Int.obj (.text)
                  003db94c    000001b9     CanFile.obj (.text)
                  003dbb05    000001aa     GpioUtil.obj (.text)
                  003dbcaf    00000183     Main.obj (.text)
                  003dbe32    00000180     TaskMgr.obj (.text)
                  003dbfb2    0000016a     LED.obj (.text)
                  003dc11c    0000014f     DSP281x_DefaultIsr.obj (.text:retain)
                  003dc26b    00000147     SPI.obj (.text)
                  003dc3b2    00000145     SCI2.obj (.text)
                  003dc4f7    000000f5     Rs232Out.obj (.text)
                  003dc5ec    000000e6     Timer0.obj (.text)
                  003dc6d2    000000df     Log.obj (.text)
                  003dc7b1    000000da     RS232.obj (.text:retain)
                  003dc88b    000000bf     ExtRam.obj (.text)
                  003dc94a    000000ac     McsParse.obj (.text)
                  003dc9f6    00000086     DSP281x_ECan.obj (.text)
                  003dca7c    00000082     DSP281x_SysCtrl.obj (.text)
                  003dcafe    00000077     TimeStamp.obj (.text)
                  003dcb75    0000006b     WorkAround.obj (.text)
                  003dcbe0    00000061     EVTimer4.obj (.text)
                  003dcc41    0000005a     rts2800_ml.lib : fs_mpy.obj (.text)
                  003dcc9b    00000044                    : boot.obj (.text)
                  003dccdf    0000003e     F1Int.obj (.text)
                  003dcd1d    00000034     SSEnc.obj (.text)
                  003dcd51    00000029     EVTimer4.obj (.text:retain)
                  003dcd7a    00000029     rts2800_ml.lib : fs_tol.obj (.text)
                  003dcda3    00000028     DSP281x_PieCtrl.obj (.text)
                  003dcdcb    00000021     rts2800_ml.lib : memcpy_ff.obj (.text)
                  003dcdec    00000020     DSP281x_PieVect.obj (.text)
                  003dce0c    0000001f     Timer0.obj (.text:retain)
                  003dce2b    0000001c     F1Int.obj (.text:retain)
                  003dce47    00000019     rts2800_ml.lib : args_main.obj (.text)
                  003dce60    00000019                    : exit.obj (.text)
                  003dce79    00000018     F2Int.obj (.text:retain)
                  003dce91    00000016     StrUtil.obj (.text)
                  003dcea7    0000000f     access32.obj (.text)
                  003dceb6    0000000b     rts2800_ml.lib : u_div.obj (.text)
                  003dcec1    00000009                    : _lock.obj (.text)
                  003dceca    00000008     DSP281x_CodeStartBranch.obj (.text)

.econst    0    003dced2    00001599     
                  003dced2    0000020a     FpgaTest.obj (.econst:.string)
                  003dd0dc    000001e2     Comint.obj (.econst:.string)
                  003dd2be    00000180     CanOpen.obj (.econst:_can_index)
                  003dd43e    00000100     DSP281x_PieVect.obj (.econst)
                  003dd53e    00000100     CanOpen.obj (.econst:_index_204E)
                  003dd63e    000000e0     CanOpen.obj (.econst:_index_204C)
                  003dd71e    000000a2     FlashRW.obj (.econst:.string)
                  003dd7c0    0000009a     I2CEE.obj (.econst:.string)
                  003dd85a    00000090     CanOpen.obj (.econst:_index_2050)
                  003dd8ea    00000088     CanOpen.obj (.econst:_index_2053)
                  003dd972    0000007f     RS232.obj (.econst:.string)
                  003dd9f1    00000001     --HOLE-- [fill = 0]
                  003dd9f2    0000007e     ADC.obj (.econst:.string)
                  003dda70    00000068     CanOpen.obj (.econst:_index_2031)
                  003ddad8    00000064     CanFile.obj (.econst:.string)
                  003ddb3c    00000060     CanOpen.obj (.econst:_index_2056)
                  003ddb9c    00000060     TaskMgr.obj (.econst:_task_vectors)
                  003ddbfc    00000058     CanOpen.obj (.econst:_index_204D)
                  003ddc54    00000058     CanOpen.obj (.econst:_index_2055)
                  003ddcac    00000050     CanOpen.obj (.econst:_index_2010)
                  003ddcfc    00000050     CanOpen.obj (.econst:_index_2051)
                  003ddd4c    00000048     CanOpen.obj (.econst:_index_200B)
                  003ddd94    00000047     TimeStamp.obj (.econst:.string)
                  003ddddb    00000001     --HOLE-- [fill = 0]
                  003ddddc    00000040     ExtRam.obj (.econst:.string)
                  003dde1c    00000040     CanOpen.obj (.econst:_index_200C)
                  003dde5c    00000038     CanOpen.obj (.econst:_index_2001)
                  003dde94    00000038     CanOpen.obj (.econst:_index_2003)
                  003ddecc    00000038     CanOpen.obj (.econst:_index_2004)
                  003ddf04    00000038     CanOpen.obj (.econst:_index_2013)
                  003ddf3c    00000031     F2Int.obj (.econst:.string)
                  003ddf6d    00000001     --HOLE-- [fill = 0]
                  003ddf6e    00000030     CanOpen.obj (.econst:_index_204A)
                  003ddf9e    00000030     CanOpen.obj (.econst:_index_204F)
                  003ddfce    00000028     CanOpen.obj (.econst:_index_2007)
                  003ddff6    00000028     CanOpen.obj (.econst:_index_200E)
                  003de01e    00000028     CanOpen.obj (.econst:_index_2014)
                  003de046    00000028     CanOpen.obj (.econst:_index_2015)
                  003de06e    00000021     Xintf.obj (.econst:.string)
                  003de08f    00000001     --HOLE-- [fill = 0]
                  003de090    00000020     CanOpen.obj (.econst:_index_2005)
                  003de0b0    00000020     CanOpen.obj (.econst:_index_2008)
                  003de0d0    00000020     CanOpen.obj (.econst:_index_2009)
                  003de0f0    00000020     CanOpen.obj (.econst:_index_2011)
                  003de110    00000020     CanOpen.obj (.econst:_index_2036)
                  003de130    00000020     CanOpen.obj (.econst:_index_2049)
                  003de150    00000020     CanOpen.obj (.econst:_index_2052)
                  003de170    0000001f     F1Int.obj (.econst:.string)
                  003de18f    00000001     --HOLE-- [fill = 0]
                  003de190    0000001e     Rs232Out.obj (.econst:.string)
                  003de1ae    0000001b     Main.obj (.econst:.string)
                  003de1c9    00000001     --HOLE-- [fill = 0]
                  003de1ca    0000001b     SCI2.obj (.econst:.string)
                  003de1e5    00000001     --HOLE-- [fill = 0]
                  003de1e6    00000018     CanOpen.obj (.econst:_index_2002)
                  003de1fe    00000018     CanOpen.obj (.econst:_index_2006)
                  003de216    00000018     CanOpen.obj (.econst:_index_200A)
                  003de22e    00000018     CanOpen.obj (.econst:_index_2012)
                  003de246    00000018     CanOpen.obj (.econst:_index_2032)
                  003de25e    00000018     CanOpen.obj (.econst:_index_2054)
                  003de276    00000010     CanOpen.obj (.econst:_index_204B)
                  003de286    00000008     CanOpen.obj (.econst:_index_2000)
                  003de28e    00000008     CanOpen.obj (.econst:_index_200D)
                  003de296    00000008     CanOpen.obj (.econst:_index_200F)
                  003de29e    00000008     CanOpen.obj (.econst:_index_2016)
                  003de2a6    00000008     CanOpen.obj (.econst:_index_2017)
                  003de2ae    00000008     CanOpen.obj (.econst:_index_2018)
                  003de2b6    00000008     CanOpen.obj (.econst:_index_2019)
                  003de2be    00000008     CanOpen.obj (.econst:_index_201A)
                  003de2c6    00000008     CanOpen.obj (.econst:_index_201B)
                  003de2ce    00000008     CanOpen.obj (.econst:_index_201C)
                  003de2d6    00000008     CanOpen.obj (.econst:_index_201D)
                  003de2de    00000008     CanOpen.obj (.econst:_index_201E)
                  003de2e6    00000008     CanOpen.obj (.econst:_index_201F)
                  003de2ee    00000008     CanOpen.obj (.econst:_index_2020)
                  003de2f6    00000008     CanOpen.obj (.econst:_index_2021)
                  003de2fe    00000008     CanOpen.obj (.econst:_index_2022)
                  003de306    00000008     CanOpen.obj (.econst:_index_2023)
                  003de30e    00000008     CanOpen.obj (.econst:_index_2024)
                  003de316    00000008     CanOpen.obj (.econst:_index_2025)
                  003de31e    00000008     CanOpen.obj (.econst:_index_2026)
                  003de326    00000008     CanOpen.obj (.econst:_index_2027)
                  003de32e    00000008     CanOpen.obj (.econst:_index_2028)
                  003de336    00000008     CanOpen.obj (.econst:_index_2029)
                  003de33e    00000008     CanOpen.obj (.econst:_index_202A)
                  003de346    00000008     CanOpen.obj (.econst:_index_202B)
                  003de34e    00000008     CanOpen.obj (.econst:_index_202C)
                  003de356    00000008     CanOpen.obj (.econst:_index_202D)
                  003de35e    00000008     CanOpen.obj (.econst:_index_202E)
                  003de366    00000008     CanOpen.obj (.econst:_index_202F)
                  003de36e    00000008     CanOpen.obj (.econst:_index_2030)
                  003de376    00000008     CanOpen.obj (.econst:_index_2033)
                  003de37e    00000008     CanOpen.obj (.econst:_index_2034)
                  003de386    00000008     CanOpen.obj (.econst:_index_2035)
                  003de38e    00000008     CanOpen.obj (.econst:_index_2037)
                  003de396    00000008     CanOpen.obj (.econst:_index_2038)
                  003de39e    00000008     CanOpen.obj (.econst:_index_2039)
                  003de3a6    00000008     CanOpen.obj (.econst:_index_203A)
                  003de3ae    00000008     CanOpen.obj (.econst:_index_203B)
                  003de3b6    00000008     CanOpen.obj (.econst:_index_203C)
                  003de3be    00000008     CanOpen.obj (.econst:_index_203D)
                  003de3c6    00000008     CanOpen.obj (.econst:_index_203E)
                  003de3ce    00000008     CanOpen.obj (.econst:_index_203F)
                  003de3d6    00000008     CanOpen.obj (.econst:_index_2040)
                  003de3de    00000008     CanOpen.obj (.econst:_index_2041)
                  003de3e6    00000008     CanOpen.obj (.econst:_index_2042)
                  003de3ee    00000008     CanOpen.obj (.econst:_index_2043)
                  003de3f6    00000008     CanOpen.obj (.econst:_index_2044)
                  003de3fe    00000008     CanOpen.obj (.econst:_index_2045)
                  003de406    00000008     CanOpen.obj (.econst:_index_2046)
                  003de40e    00000008     CanOpen.obj (.econst:_index_2047)
                  003de416    00000008     CanOpen.obj (.econst:_index_2048)
                  003de41e    00000008     CanOpen.obj (.econst:_index_2057)
                  003de426    00000008     CanOpen.obj (.econst:_index_2058)
                  003de42e    00000008     CanOpen.obj (.econst:_index_2059)
                  003de436    00000008     CanOpen.obj (.econst:_index_205A)
                  003de43e    00000008     CanOpen.obj (.econst:_index_205B)
                  003de446    00000008     CanOpen.obj (.econst:_index_205C)
                  003de44e    00000008     CanOpen.obj (.econst:_index_205D)
                  003de456    00000008     CanOpen.obj (.econst:_index_205E)
                  003de45e    00000008     CanOpen.obj (.econst:_index_2060)
                  003de466    00000005     TimeStamp.obj (.econst)

.cinit     0    003de46b    000003e0     
                  003de46b    00000165     RS232.obj (.cinit)
                  003de5d0    00000163     Resolver.obj (.cinit)
                  003de733    00000062     TaskMgr.obj (.cinit)
                  003de795    0000002f     Comint.obj (.cinit)
                  003de7c4    0000001d     CanOpen.obj (.cinit)
                  003de7e1    00000017     AnlgIn.obj (.cinit)
                  003de7f8    00000016     SCI2.obj (.cinit)
                  003de80e    0000000f     TimeStamp.obj (.cinit)
                  003de81d    0000000a     rts2800_ml.lib : _lock.obj (.cinit)
                  003de827    0000000a                    : exit.obj (.cinit)
                  003de831    00000008     EVTimer4.obj (.cinit)
                  003de839    00000008     Rs232Out.obj (.cinit)
                  003de841    00000004     F2Int.obj (.cinit)
                  003de845    00000004     FlashRW.obj (.cinit)
                  003de849    00000002     --HOLE-- [fill = 0]

ramfuncs   0    003de84b    0000001b     RUN ADDR = 00008000
                  003de84b    00000017     DSP281x_SysCtrl.obj (ramfuncs)
                  003de862    00000004     DSP281x_usDelay.obj (ramfuncs)

.switch    0    003de866    00000082     
                  003de866    00000030     FlashRW.obj (.switch:_frw_test2005)
                  003de896    00000020     DigIO.obj (.switch:_digio_receiveNativeDacVal)
                  003de8b6    0000001a     Xintf.obj (.switch:_xintf_testUnderTimer0)
                  003de8d0    00000018     Comint.obj (.switch:_comint_DisplaySpeedDialList)

codestart 
*          0    003f7ff6    00000002     
                  003f7ff6    00000002     DSP281x_CodeStartBranch.obj (codestart)

.reset     0    003fffc0    00000002     DSECT
                  003fffc0    00000002     rts2800_ml.lib : boot.obj (.reset)

vectors    0    003fffc2    00000000     DSECT

.stack     1    00000000    00000400     UNINITIALIZED
                  00000000    00000400     --HOLE--

DevEmuRegsFile 
*          1    00000880    000000d0     UNINITIALIZED
                  00000880    000000d0     DSP281x_GlobalVariableDefs.obj (DevEmuRegsFile)

FlashRegsFile 
*          1    00000a80    00000008     UNINITIALIZED
                  00000a80    00000008     DSP281x_GlobalVariableDefs.obj (FlashRegsFile)

CsmRegsFile 
*          1    00000ae0    00000010     UNINITIALIZED
                  00000ae0    00000010     DSP281x_GlobalVariableDefs.obj (CsmRegsFile)

XintfRegsFile 
*          1    00000b20    00000020     UNINITIALIZED
                  00000b20    00000020     DSP281x_GlobalVariableDefs.obj (XintfRegsFile)

CpuTimer0RegsFile 
*          1    00000c00    00000008     UNINITIALIZED
                  00000c00    00000008     DSP281x_GlobalVariableDefs.obj (CpuTimer0RegsFile)

CpuTimer1RegsFile 
*          1    00000c08    00000008     UNINITIALIZED
                  00000c08    00000008     DSP281x_GlobalVariableDefs.obj (CpuTimer1RegsFile)

CpuTimer2RegsFile 
*          1    00000c10    00000008     UNINITIALIZED
                  00000c10    00000008     DSP281x_GlobalVariableDefs.obj (CpuTimer2RegsFile)

PieCtrlRegsFile 
*          1    00000ce0    0000001a     UNINITIALIZED
                  00000ce0    0000001a     DSP281x_GlobalVariableDefs.obj (PieCtrlRegsFile)

PieVectTableFile 
*          1    00000d00    00000100     UNINITIALIZED
                  00000d00    00000100     DSP281x_GlobalVariableDefs.obj (PieVectTableFile)

ECanaRegsFile 
*          1    00006000    00000034     UNINITIALIZED
                  00006000    00000034     DSP281x_GlobalVariableDefs.obj (ECanaRegsFile)

ECanaLAMRegsFile 
*          1    00006040    00000040     UNINITIALIZED
                  00006040    00000040     DSP281x_GlobalVariableDefs.obj (ECanaLAMRegsFile)

ECanaMOTSRegsFile 
*          1    00006080    00000040     UNINITIALIZED
                  00006080    00000040     DSP281x_GlobalVariableDefs.obj (ECanaMOTSRegsFile)

ECanaMOTORegsFile 
*          1    000060c0    00000040     UNINITIALIZED
                  000060c0    00000040     DSP281x_GlobalVariableDefs.obj (ECanaMOTORegsFile)

ECanaMboxesFile 
*          1    00006100    00000100     UNINITIALIZED
                  00006100    00000100     DSP281x_GlobalVariableDefs.obj (ECanaMboxesFile)

SysCtrlRegsFile 
*          1    00007010    00000020     UNINITIALIZED
                  00007010    00000020     DSP281x_GlobalVariableDefs.obj (SysCtrlRegsFile)

SpiaRegsFile 
*          1    00007040    00000010     UNINITIALIZED
                  00007040    00000010     DSP281x_GlobalVariableDefs.obj (SpiaRegsFile)

SciaRegsFile 
*          1    00007050    00000010     UNINITIALIZED
                  00007050    00000010     DSP281x_GlobalVariableDefs.obj (SciaRegsFile)

XIntruptRegsFile 
*          1    00007070    00000010     UNINITIALIZED
                  00007070    00000010     DSP281x_GlobalVariableDefs.obj (XIntruptRegsFile)

GpioMuxRegsFile 
*          1    000070c0    00000020     UNINITIALIZED
                  000070c0    00000020     DSP281x_GlobalVariableDefs.obj (GpioMuxRegsFile)

GpioDataRegsFile 
*          1    000070e0    00000020     UNINITIALIZED
                  000070e0    00000020     DSP281x_GlobalVariableDefs.obj (GpioDataRegsFile)

AdcRegsFile 
*          1    00007100    0000001a     UNINITIALIZED
                  00007100    0000001a     DSP281x_GlobalVariableDefs.obj (AdcRegsFile)

EvaRegsFile 
*          1    00007400    00000032     UNINITIALIZED
                  00007400    00000032     DSP281x_GlobalVariableDefs.obj (EvaRegsFile)

EvbRegsFile 
*          1    00007500    00000032     UNINITIALIZED
                  00007500    00000032     DSP281x_GlobalVariableDefs.obj (EvbRegsFile)

ScibRegsFile 
*          1    00007750    00000010     UNINITIALIZED
                  00007750    00000010     DSP281x_GlobalVariableDefs.obj (ScibRegsFile)

McbspaRegsFile 
*          1    00007800    00000025     UNINITIALIZED
                  00007800    00000025     DSP281x_GlobalVariableDefs.obj (McbspaRegsFile)

.extram    1    00100000    0000019b     UNINITIALIZED
                  00100000    00000198     Log.obj (.extram)
                  00100198    00000003     ExtRam.obj (.extram)

CsmPwlFile 
*          1    003f7ff8    00000008     UNINITIALIZED
                  003f7ff8    00000008     DSP281x_GlobalVariableDefs.obj (CsmPwlFile)

.ebss      1    003f8000    0000111b     UNINITIALIZED
                  003f8000    00000689     SCI2.obj (.ebss)
                  003f8689    00000024     Comint.obj (.ebss)
                  003f86ad    00000001     --HOLE--
                  003f86ae    0000000a     F2Int.obj (.ebss)
                  003f86b8    00000006     ADC.obj (.ebss)
                  003f86be    00000002     CanComm.obj (.ebss)
                  003f86c0    00000290     RS232.obj (.ebss)
                  003f8950    0000001e     Timer0.obj (.ebss)
                  003f896e    00000009     FpgaTest.obj (.ebss)
                  003f8977    00000009     LED.obj (.ebss)
                  003f8980    000001c2     Resolver.obj (.ebss)
                  003f8b42    0000003e     DigIO.obj (.ebss)
                  003f8b80    00000180     Rs232Out.obj (.ebss)
                  003f8d00    00000140     CanFile.obj (.ebss)
                  003f8e40    000000c9     CanOpen.obj (.ebss)
                  003f8f09    0000001d     DigIO2.obj (.ebss)
                  003f8f26    00000006     TimeStamp.obj (.ebss)
                  003f8f2c    00000005     Xintf.obj (.ebss)
                  003f8f31    00000004     Log.obj (.ebss)
                  003f8f35    00000001     --HOLE--
                  003f8f36    00000004     rts2800_ml.lib : _lock.obj (.ebss)
                  003f8f3a    00000004                    : exit.obj (.ebss)
                  003f8f3e    00000002     EVTimer4.obj (.ebss)
                  003f8f40    000000c0     FlashRW.obj (.ebss)
                  003f9000    000000b0     TaskMgr.obj (.ebss)
                  003f90b0    00000003     Main.obj (.ebss)
                  003f90b3    00000001     --HOLE--
                  003f90b4    00000002     ExtRam.obj (.ebss)
                  003f90b6    00000002     F1Int.obj (.ebss)
                  003f90b8    00000002     SSEnc.obj (.ebss)
                  003f90ba    00000006     --HOLE--
                  003f90c0    0000003a     AnlgIn.obj (.ebss)
                  003f90fa    00000006     --HOLE--
                  003f9100    0000001b     I2CEE.obj (.ebss)


GLOBAL SYMBOLS: SORTED ALPHABETICALLY BY Name 

address    name
--------   ----
003d8004   .text
003dce60   C$$EXIT
003dcc41   FS$$MPY
003dcd7a   FS$$TOL
003dceb6   U$$DIV
003dcebb   U$$MOD
003dc18f   _ADCINT_ISR
00007100   _AdcRegs
003d8002   _BL_key
003dc1d5   _CAPINT1_ISR
003dc1da   _CAPINT2_ISR
003dc1df   _CAPINT3_ISR
003dc21b   _CAPINT4_ISR
003dc220   _CAPINT5_ISR
003dc225   _CAPINT6_ISR
003dc19e   _CMP1INT_ISR
003dc1a3   _CMP2INT_ISR
003dc1a8   _CMP3INT_ISR
003dc1e4   _CMP4INT_ISR
003dc1e9   _CMP5INT_ISR
003dc1ee   _CMP6INT_ISR
003dcb8a   _CanDoubleClear
003dcb75   _CanDoubleRead
003dcb9d   _CanDoubleSet
003dcb7f   _CanDoubleWrite
003dc649   _ConfigCpuTimer
003f895e   _CpuTimer0
00000c00   _CpuTimer0Regs
003f8966   _CpuTimer1
00000c08   _CpuTimer1Regs
003f8956   _CpuTimer2
00000c10   _CpuTimer2Regs
003f7ff8   _CsmPwl
00000ae0   _CsmRegs
003dcacd   _CsmUnlock
003dc126   _DATALOG_ISR
00008017   _DSP28x_usDelay
00000880   _DevEmuRegs
003dca8e   _DisableDog
003dc252   _ECAN0INTA_ISR
003dc257   _ECAN1INTA_ISR
00006040   _ECanaLAMRegs
000060c0   _ECanaMOTORegs
00006080   _ECanaMOTSRegs
00006100   _ECanaMboxes
00006000   _ECanaRegs
003dc25c   _EMPTY_ISR
003dc130   _EMUINT_ISR
003dcdc2   _EnableInterrupts
00007400   _EvaRegs
00007500   _EvbRegs
0000019b   _ExtRamSize
00100000   _ExtRamStart
00000a80   _FlashRegs
000070e0   _GpioDataRegs
000070c0   _GpioMuxRegs
003dbb55   _GpioU_SpiDisableEEPromOnTB3CM
003dbb45   _GpioU_SpiInit
003dbb05   _GpioU_defaultInit
003dbb21   _GpioU_f1iInit
003dbb29   _GpioU_f2iInit
003dbb5a   _GpioU_i2cee_Init
003dbb72   _GpioU_initGpiosAllZero
003dbb86   _GpioU_ioTest2100
003dbbe1   _GpioU_ioTest2101
003dbc54   _GpioU_ioTest2102
003dbb31   _GpioU_rs232Init
003dbb3b   _GpioU_sci2Init
003dbb66   _GpioU_timer0Init
003dbb81   _Gpio_example3C
003dc13a   _ILLEGAL_ISR
003dc11c   _INT13_ISR
003dc121   _INT14_ISR
003dc610   _InitCpuTimers
003dc9f6   _InitECan
00008000   _InitFlash
003dcab3   _InitPeripheralClocks
003dcda3   _InitPieCtrl
003dcdec   _InitPieVectTable
003dca96   _InitPll
003dc26b   _InitSpi
003dca7c   _InitSysCtrl
003f9000   _JustForDebug
003dca84   _KickDog
003dc234   _MRINTA_ISR
003dc239   _MXINTA_ISR
00007800   _McbspaRegs
003dc135   _NMI_ISR
003dc17b   _PDPINTA_ISR
003dc180   _PDPINTB_ISR
003dc261   _PIE_RESERVED
00000ce0   _PieCtrlRegs
00000d00   _PieVectTable
003dd43e   _PieVectTableInit
003dc12b   _RTOSINT_ISR
003de866   _RamfuncsLoadEnd
003de84b   _RamfuncsLoadStart
00008000   _RamfuncsRunStart
003f86c0   _Rs232Status
003dc23e   _SCIRXINTA_ISR
003dc248   _SCIRXINTB_ISR
003dc243   _SCITXINTA_ISR
003dc24d   _SCITXINTB_ISR
003dc22a   _SPIRXINTA_ISR
003dc22f   _SPITXINTA_ISR
00007050   _SciaRegs
00007750   _ScibRegs
003dc2b2   _SelectSpiFlash
00007040   _SpiaRegs
00007010   _SysCtrlRegs
003dc1b2   _T1CINT_ISR
003dc1bc   _T1OFINT_ISR
003dc1ad   _T1PINT_ISR
003dc1b7   _T1UFINT_ISR
003dc1c6   _T2CINT_ISR
003dc1d0   _T2OFINT_ISR
003dc1c1   _T2PINT_ISR
003dc1cb   _T2UFINT_ISR
003dc1f8   _T3CINT_ISR
003dc202   _T3OFINT_ISR
003dc1f3   _T3PINT_ISR
003dc1fd   _T3UFINT_ISR
003dc20c   _T4CINT_ISR
003dc216   _T4OFINT_ISR
003dc207   _T4PINT_ISR
003dc211   _T4UFINT_ISR
003dc194   _TINT0_ISR
003d9e37   _TurnOnTx
003dc16c   _USER10_ISR
003dc171   _USER11_ISR
003dc176   _USER12_ISR
003dc13f   _USER1_ISR
003dc144   _USER2_ISR
003dc149   _USER3_ISR
003dc14e   _USER4_ISR
003dc153   _USER5_ISR
003dc158   _USER6_ISR
003dc15d   _USER7_ISR
003dc162   _USER8_ISR
003dc167   _USER9_ISR
003dc199   _WAKEINT_ISR
003dc185   _XINT1_ISR
003dc18a   _XINT2_ISR
00007070   _XIntruptRegs
003dc2e4   _Xfr8bitSpiCmd
00000b20   _XintfRegs
003dcbae   _XmitCanTimestamp
00000400   __STACK_END
00000400   __STACK_SIZE
00000001   __TI_args_main
ffffffff   ___binit__
ffffffff   ___c_args__
003de46b   ___cinit__
003dced2   ___etext__
003dcdcb   ___memcpy_ff
ffffffff   ___pinit__
003d8004   ___text__
003dce47   __args_main
003f8f3a   __cleanup_ptr
003f8f3c   __dtors_ptr
003f8f38   __lock
003dcec9   __nop
003dcec5   __register_lock
003dcec1   __register_unlock
00000000   __stack
003f8f36   __unlock
003dce60   _abort
003f86b9   _adc_ChSelSeq1
003f86b8   _adc_ChSelSeq2
003f86bb   _adc_ChSelSeq3
003f86ba   _adc_ChSelSeq4
003db50f   _adc_DisplayAdcResults
003f86bd   _adc_DisplayAdcResultsIndex
003db4a1   _adc_addOneAdcChannelToList
003db3e1   _adc_configureChannels
003db40e   _adc_convertToMilliVolts
003db3a8   _adc_init
003f86bc   _adc_maxConv
003db5a2   _adc_readAll16Channels
003db425   _adc_readOneAdcChannelToRs232
003db597   _adc_repeatPrevAdcTest
003db400   _adc_runConversion
003f86c7   _afterBreakCounter
003f90e6   _ain_ad7175RegisterConfigValues
003f90c5   _ain_ad7175SetupError
003f90c6   _ain_ad7175SetupRegisterIndex
003f90c7   _ain_ad7175SetupTaskState
003f90c8   _ain_ad7175SetupWait
003db394   _ain_ad7175_fetch_data_read
003db385   _ain_ad7175_fetch_status
003db35e   _ain_ad7175_request
003db2f5   _ain_ad7175_setup_task
003db2ea   _ain_ad7175_setup_task_init
003f90cc   _ain_ad7175_single_write_data
003db2dc   _ain_calibratedClassicValRaw
003db28c   _ain_calibratedClassicValue
003db25b   _ain_calibratedValue
003db155   _ain_getAnlginCalState
003db2f1   _ain_get_ad7175SetupTaskState
003f90c1   _ain_ioPinSwitches
003f90c2   _ain_loopbackMux
003db14c   _ain_offsetCalcInit
003db159   _ain_offsetCalcTask
003f90c3   _ain_offsetCount
003f90ce   _ain_offsets
003db150   _ain_setSwitchDefaultsForB1
003db24f   _ain_startOffsetCalc
003f90d6   _ain_values
003f90ca   _anlgin_cal_state
003f8f58   _bitStreamLength
003f8f54   _bitStreamOffset
003f8f46   _bitstream_blockcount
003f87c0   _brrToBaudTable
003f910a   _burn32ToEEpromTaskDeadmanSwitch
003f9103   _burn32ToEEpromToBufTaskStatus
003dcc9b   _c_int00
003dad4a   _canC_configMbxForReceive
003dace8   _canC_configMbxForTransmit
003dac2c   _canC_initComm
003dac6c   _canC_mailboxInitialization
003dadc3   _canC_pollRecv
003dac55   _canC_readCanAddrDipSwitches
003dae4a   _canC_transmitMessage
003db955   _canF_appendIntoDummyFileBuf
003f8d03   _canF_diagOnOff
003db96e   _canF_readOutOfDummyFileBuf
003db9a4   _canF_recvDummyFile
003db9cb   _canF_sendDummyFile
003db94c   _canF_zeroDummyFileBufCounts
003db951   _canF_zeroDummyFileBufOutCount
003da647   _canO_HandleCanOpenMessage
003da969   _canO_doJumpToBootLoader
003da95f   _canO_doReset
003da941   _canO_givesErrForTesting
003da77c   _canO_multiPktRecv2nd3rdEtc
003da736   _canO_multiPktRecvFirst
003da877   _canO_multiPktSend2nd3rdEtc
003da843   _canO_multiPktSendFirst
003da925   _canO_recv16Bits
003da900   _canO_recv32Bits
003da932   _canO_send16Bits
003da913   _canO_send32Bits
003da947   _canO_sendMaxSubIndex
003f8e42   _canTestData0x98765432
003f8e44   _canTestData16
003f86bf   _canTestData16_01
003f86be   _canTestData16_02
003dd2be   _can_index
003f8b80   _circ_buf_next_in
003f8b81   _circ_buf_next_out
003dceb0   _clearbits32
003f8e41   _co_jump_to_bootloader
003f8e40   _co_reset
003d9950   _comint_DisplayCpldAddrConfig
003d98e9   _comint_DisplaySpeedDialList
003d9473   _comint_comint
003d998f   _comint_comintHelp
003d978e   _comint_comintSpeedDial
003d9972   _comint_comintTextCommand
003f86c2   _commandAckCommandCode
003f86c4   _commandAckDataWord
003f86c3   _commandAckDataWordReceived
003da61d   _copy32BytesFromMultiPacketBufToPackedBuf
003da5cf   _copyDataToMultiPacketBuf
003da5f5   _copyPacked32BytesToMultiPacketBuf
003dbaaa   _diagRs232CanRecvMsg
003d855d   _diagRs232FlashRWBuff
003d8a48   _diagRs232I2ceeRead
003d8ab6   _diagRs232I2ceeWrite8
003d852f   _diagRs232readFlashRDID
003d84f3   _diagRs232readFlashStatusReg
003dba18   _diagRs232recvMultiPacket
003db9fc   _diagRs232sendDummyFile
003dc3af   _diag_SelectSpiFlash
003f8f0b   _digio2_DiffOutEnable
003f8f0c   _digio2_DiffOutLevel
003f8f0f   _digio2_DiffOutSignalAssignment
003f8f11   _digio2_DigOutLevel
003f8f14   _digio2_DigOutMode
003f8f1a   _digio2_DigOutRails
003f8f20   _digio2_DigOutSignalAssignment
003f8f0e   _digio2_EncInMap
003f8f09   _digio2_EncIndexDivisor
003f8f0d   _digio2_HallInMap
003d999b   _digio2_Init
003d9b9c   _digio2_Init_Enc_Index_Freq_Div
003f8f0a   _digio2_PwmInMap
003d9dc1   _digio2_initDiffOutEnable
003d9da8   _digio2_initDiffOutLevel
003d9cce   _digio2_initDiffOutSignalAssignment
003d9d7e   _digio2_initDigOutLevel
003d9c89   _digio2_initDigOutMode
003d9d2a   _digio2_initDigOutRails
003d9c21   _digio2_initDigOutSignalAssignment
003d9daf   _digio2_recvDiffOutEnable
003d9d96   _digio2_recvDiffOutLevel
003d9caa   _digio2_recvDiffOutSignalAssignment
003d9d52   _digio2_recvDigOutLevel
003d9c42   _digio2_recvDigOutMode
003d9ce3   _digio2_recvDigOutRails
003d9bda   _digio2_recvDigOutSignalAssignment
003d99a8   _digio2_recvEncInMap
003d9ba5   _digio2_recvEncIndexDivisor
003d99ba   _digio2_recvHallInMap
003d99c7   _digio2_recvPwmInMap
003d9a65   _digio2_sendEncAInOnTime
003d9a49   _digio2_sendEncAInPeriod
003d9aba   _digio2_sendEncCounts
003d9a9d   _digio2_sendEncIInOnTime
003d9a81   _digio2_sendEncIInPeriod
003d9aa3   _digio2_sendEncInDir
003d9b2a   _digio2_sendEncReadingClassic
003d9bb7   _digio2_sendHallReadingClassic
003d99f5   _digio2_sendPwmIn1OnTime
003d99d9   _digio2_sendPwmIn1Period
003d9a2d   _digio2_sendPwmIn2OnTime
003d9a11   _digio2_sendPwmIn2Period
003d9ad6   _digio2_sendPwmReadingClassic
003f8b68   _digio_DacAnlgOutValuesClassic
003f8b64   _digio_DacComparatorValuesClassic
003f8b51   _digio_Enc1ClassicDir
003f8b49   _digio_Enc1ClassicFreq
003f8b4e   _digio_Enc1ClassicIndex
003f8b43   _digio_Enc1ManualStop
003f8b46   _digio_Enc1OutDir
003f8b52   _digio_Enc1OutFreq32
003f8b5c   _digio_Enc1OutIndex32
003f8b62   _digio_Enc1StopAfterN
003f8b4d   _digio_Enc2ClassicDir
003f8b50   _digio_Enc2ClassicFreq
003f8b4b   _digio_Enc2ClassicIndex
003f8b48   _digio_Enc2ManualStop
003f8b42   _digio_Enc2OutDir
003f8b54   _digio_Enc2OutFreq32
003f8b5e   _digio_Enc2OutIndex32
003f8b60   _digio_Enc2StopAfterN
003da390   _digio_EncInit
003da55f   _digio_HallOutInit
003f8b4f   _digio_HallOutputDirClassic16
003f8b58   _digio_HallOutputFreq32
003f8b4c   _digio_HallOutputFreqClassic16
003f8b4a   _digio_HallOutputPhaseClassic16
003f8b5a   _digio_PwmOutputDutyCycl32
003f8b44   _digio_PwmOutputDutyCyclClassic16
003da34c   _digio_PwmOutputFreq16Task
003f8b47   _digio_PwmOutputFreq16TaskState
003f8b56   _digio_PwmOutputFreq32
003f8b45   _digio_PwmOutputFreqClassic16
003da1dd   _digio_initDacComparatorValuesClassic
003f8b70   _digio_nativeDacVal
003da228   _digio_receiveNativeDacVal
003da2aa   _digio_recvAnlgOutClassic
003da4b5   _digio_recvClassicEncOutParam
003da1ed   _digio_recvComparitorClassic
003da3ed   _digio_recvEncOutParam
003da5ab   _digio_recvHallOutputParam32
003da569   _digio_recvHallOutputParamClassic16
003da308   _digio_recvPwmOutputDutyCyc32
003da338   _digio_recvPwmOutputDutyCycClassic16
003da2ec   _digio_recvPwmOutputFreq32
003da324   _digio_recvPwmOutputFreqClassic16
003da216   _digio_send16DigitalInputs
003da2e1   _digio_writeDacOutputValue
003f8689   _dsdl_index
003f8d40   _dummyFileBuf
003f8d01   _dummyFileBufInCharCount
003f8d02   _dummyFileBufOutCharCount
003f8d00   _dummyFileBufOutPacketSize
003f9108   _eeProm1ByteRWAddr
003f9105   _eeProm32ByteRWAddr
003d9e43   _error
003dcc3a   _evtimer4_enable_int
003f8f3f   _evtimer4_ext_req_to_turn_off
003dcc2b   _evtimer4_initConfig_n_Start
003dcc2c   _evtimer4_initConfig_n_Start_disabled
003dcd51   _evtimer4_isr
003f8f3e   _evtimer4_state
003dcc22   _evtimer4_store_int_vectors_in_PIE
003dcbe0   _evtimer4_turn_off
003dcbe5   _evtimer4_turn_on
003dce62   _exit
003f90b4   _extRamSize
003dccfe   _f1i_BgTask
003f90b7   _f1i_BgTask_count
003dccdf   _f1i_enable_interrupt
003dccef   _f1i_initialize_interrupt
003dce2b   _f1i_isr
003f90b6   _f1i_state
003dcce6   _f1i_store_int_vectors_in_PIE
003db7bc   _f2i_BgTask_SSEnc
003f86b3   _f2i_BgTask_count
003db8b1   _f2i_CRC5
003f86b1   _f2i_SSEnc_Alarm_Bit
003f86b2   _f2i_SSEnc_CRC_5
003f86b4   _f2i_SSEnc_Num_Pos_Bits
003f86ae   _f2i_SSEnc_Pos_1
003f86af   _f2i_SSEnc_Pos_2
003f86b6   _f2i_SSEnc_Pos_32
003db7a5   _f2i_SSEnc_init
003db8fc   _f2i_SSEnc_reverse_position
003db78a   _f2i_enable_interrupt
003db796   _f2i_initialize_interrupt
003dce79   _f2i_isr
003db92f   _f2i_recv_Pos_32_from_Host
003f86b0   _f2i_state
003db78d   _f2i_store_int_vectors_in_PIE
003f8fc0   _fastRWBuff
003f8f4b   _fastRWBuffCharCount
003f8f4a   _fastRWBuffInUse
003f8f80   _flashRWBuff
003f8f4d   _flashRWBuffFillIndex
003f896e   _fpgaT_3004_5000_count
003f8976   _fpgaT_3004_5000_errors
003f8972   _fpgaT_3004_5000_immediate_err_test
003f8971   _fpgaT_3004_5000_immediate_report
003f896f   _fpgaT_3004_5000_passes
003d8e7a   _fpgaT_getledStatus
003d8e7e   _fpgaT_initTest
003d8e8b   _fpgaT_init_3004_5000_Test
003f8973   _fpgaT_ledStatus
003d8e6c   _fpgaT_setTestData3003
003d8e73   _fpgaT_setTestSelection3004
003d90dd   _fpgaT_test3005
003f8975   _fpgaT_testData3003
003f8974   _fpgaT_testSelection3004
003d8e93   _fpgaT_testUnderTimer0
003f8970   _fpgaT_testUnderTimer0_count
003f8f56   _frwDiagFlashAddr
003f8f5a   _frwFlashAddr
003f8f47   _frwFlashTaskState
003f8f40   _frwLoadFpgasAtStartupStatus
003f8f41   _frwLoadMultipleFgpas
003f8f45   _frwMcsNotFastDownload
003f8f4c   _frwWhichFlashChip
003d8015   _frw_AssertHwWriteProtect
003d8037   _frw_GetLoadFpgasAtStartupStatus
003d8033   _frw_GetWhichFlash
003d8245   _frw_MiscFlashTasks
003d80be   _frw_ReadFpgaCtrlLines
003d8004   _frw_RemoveHwWriteProtect
003d8049   _frw_SetFpgaCtrlLines
003d802c   _frw_SetWhichFlash
003d8024   _frw_SpiFlashInit
003d80f3   _frw_SpiFlashTask
003d835f   _frw_bulkEraseFlashRecv
003d834f   _frw_bulkEraseFlashSend
003f8f42   _frw_bulkEraseToken
003d87c8   _frw_diagDisplFlashPage
003d8762   _frw_diagFlashTasks
003d8483   _frw_fastFileRecvData
003d803b   _frw_initFpgaLoadPins
003d837a   _frw_mcsFileRecvData
003d8316   _frw_mcsFileRecvStatus
003d83e9   _frw_mcsFileSendData
003d82d5   _frw_readFlashRDID
003d82c4   _frw_readFlashStatusReg
003d84dd   _frw_readWhichFlashChip
003d82eb   _frw_releasePowerdownRES
003d84c7   _frw_startLoadFpgaFromFlash
003d82fc   _frw_startMcsFileRecv
003d85b6   _frw_test2005
003d868d   _frw_test4000
003d86f0   _frw_test4001
003d86f7   _frw_test4002
003d86fe   _frw_test4003
003d871d   _frw_test4004
003d8749   _frw_test4005
003d875c   _frw_test4006
003d84d5   _frw_turnOnFlashWriteProtect
003d84e9   _frw_writeWhichFlashChip
003daaa6   _hexUtil_bin32To10DecAsciiChars
003daba8   _hexUtil_bin32ToDecAsciiCharsZeroSuppress
003da9f1   _hexUtil_binTo2HexAsciiChars
003da9d0   _hexUtil_binTo4HexAsciiChars
003daa15   _hexUtil_binTo5DecAsciiChars
003daa75   _hexUtil_binToDecAsciiCharsZeroSuppress
003dabda   _hexUtil_decCharsToBin
003dac01   _hexUtil_decCharsToBin32
003da975   _hexUtil_hexCharToBin
003da981   _hexUtil_hexCharsToBin
003da9a5   _hexUtil_isValidAsciiHexDigits
003f9106   _i2cee32ByteStatus
003f9107   _i2ceeCanFileIndex
003f9109   _i2ceeCanFileStatus
003f9102   _i2ceeDiagAddr
003f9100   _i2ceeSelectedEeprom
003d8db3   _i2cee_32BytesFromEEpromToBuf
003d8e05   _i2cee_32BytesFromPC
003d8df6   _i2cee_32BytesToPC
003d87ec   _i2cee_Init
003d8e14   _i2cee_burn32BytesToEEProm
003d8e2d   _i2cee_burn32ToEEpromTask
003d8822   _i2cee_delay
003d8ae3   _i2cee_diag4203Task
003d87fd   _i2cee_disableClkToAllEEProms
003d8809   _i2cee_enableClkToSelectedEEProm
003d8c58   _i2cee_getTokenForEepromProg
003d8c68   _i2cee_progEEPromFromCanFileData
003d8ce8   _i2cee_progEEPromFromCanFileTask
003f9101   _i2cee_programmingToken
003d8936   _i2cee_read
003d88c2   _i2cee_read1Byte
003d8de9   _i2cee_read32ByteStatus
003d8dc2   _i2cee_read32FromEEpromToBufTask
003d8d57   _i2cee_readEEProm1Byte
003d8c84   _i2cee_readEEPromStatus
003d8c95   _i2cee_readEEPromToCanFile
003d8ca6   _i2cee_readEEPromToCanFileTask
003d87f3   _i2cee_selectEEProm
003d8b36   _i2cee_test4200
003d8b47   _i2cee_test4201
003d8b78   _i2cee_test4203
003d8b95   _i2cee_test4204
003d8bd2   _i2cee_test4205
003d8c15   _i2cee_test4206
003d89a7   _i2cee_write
003d8831   _i2cee_write1Byte
003d8d82   _i2cee_writeEEProm1Byte
003d8a25   _i2cee_writeProtect
003f90b0   _idle_loop_count
003de286   _index_2000
003dde5c   _index_2001
003de1e6   _index_2002
003dde94   _index_2003
003ddecc   _index_2004
003de090   _index_2005
003de1fe   _index_2006
003ddfce   _index_2007
003de0b0   _index_2008
003de0d0   _index_2009
003de216   _index_200A
003ddd4c   _index_200B
003dde1c   _index_200C
003de28e   _index_200D
003ddff6   _index_200E
003de296   _index_200F
003ddcac   _index_2010
003de0f0   _index_2011
003de22e   _index_2012
003ddf04   _index_2013
003de01e   _index_2014
003de046   _index_2015
003de29e   _index_2016
003de2a6   _index_2017
003de2ae   _index_2018
003de2b6   _index_2019
003de2be   _index_201A
003de2c6   _index_201B
003de2ce   _index_201C
003de2d6   _index_201D
003de2de   _index_201E
003de2e6   _index_201F
003de2ee   _index_2020
003de2f6   _index_2021
003de2fe   _index_2022
003de306   _index_2023
003de30e   _index_2024
003de316   _index_2025
003de31e   _index_2026
003de326   _index_2027
003de32e   _index_2028
003de336   _index_2029
003de33e   _index_202A
003de346   _index_202B
003de34e   _index_202C
003de356   _index_202D
003de35e   _index_202E
003de366   _index_202F
003de36e   _index_2030
003dda70   _index_2031
003de246   _index_2032
003de376   _index_2033
003de37e   _index_2034
003de386   _index_2035
003de110   _index_2036
003de38e   _index_2037
003de396   _index_2038
003de39e   _index_2039
003de3a6   _index_203A
003de3ae   _index_203B
003de3b6   _index_203C
003de3be   _index_203D
003de3c6   _index_203E
003de3ce   _index_203F
003de3d6   _index_2040
003de3de   _index_2041
003de3e6   _index_2042
003de3ee   _index_2043
003de3f6   _index_2044
003de3fe   _index_2045
003de406   _index_2046
003de40e   _index_2047
003de416   _index_2048
003de130   _index_2049
003ddf6e   _index_204A
003de276   _index_204B
003dd63e   _index_204C
003ddbfc   _index_204D
003dd53e   _index_204E
003ddf9e   _index_204F
003dd85a   _index_2050
003ddcfc   _index_2051
003de150   _index_2052
003dd8ea   _index_2053
003de25e   _index_2054
003ddc54   _index_2055
003ddb3c   _index_2056
003de41e   _index_2057
003de426   _index_2058
003de42e   _index_2059
003de436   _index_205A
003de43e   _index_205B
003de446   _index_205C
003de44e   _index_205D
003de456   _index_205E
003de45e   _index_2060
003da5c7   _init_SDO_MS_CB
003f868a   _ledCpldPattern
003dc0b6   _led_DspLedInit
003dc0d5   _led_FpgaLedInit
003f897d   _led_cpldIoPattern
003dbfc9   _led_cpldLedIoInit
003f8979   _led_dspLedCount
003f8978   _led_dspLedErrCount
003dc01d   _led_dspLedErrMsg
003f8977   _led_dspLedPattern
003f897b   _led_fpga1Pattern
003f897f   _led_fpga2Pattern
003f897a   _led_fpga3Pattern
003f897c   _led_fpgaCount
003dbfc5   _led_getCpldIoLedPattern
003dc019   _led_getDspLedPattern
003dc02c   _led_init4DspLeds
003dbfce   _led_manageCpldIoLEDsUnderTimer0
003dc037   _led_manageDspLEDsUnderTimer0
003dc0de   _led_manageFpgaLedsUnderTimer0
003dc012   _led_setDspLedPattern
003dbfb8   _led_setLedCpldIoPattern
003dc0bc   _led_setLedFpga1Pattern
003dc0c5   _led_setLedFpga2Pattern
003dc0ce   _led_setLedFpga3Pattern
003f897e   _led_synchronizedHeartbeatCounter
003dbfb2   _led_synchronizedSlowHeartbeat
003dc027   _led_toggle4DspLeds
003dc721   _log_addToLog
003dc6d7   _log_addToLogWith3Params
003dc7a9   _log_clear
003f8f31   _log_eventIndex
003f8f33   _log_eventRecCount
00100000   _log_events
003dc6d2   _log_init
003dc767   _log_readLog
003f8f32   _log_readLogOffsetInRec
003f8f34   _log_readLogRecNum
003dc794   _log_startReadingLog
003dbcaf   _main
003dbd7c   _main_DisplayPgLoopCount
003dbd73   _main_readPowerGoodSignals
003dbd9f   _main_startupTask
003f90b1   _main_startupTaskState
003f8f4f   _mcsFileRecvAddrExtension
003f8f4e   _mcsFileRecvError
003f8f50   _mcsFileRecvInProgress
003f8f44   _mcsFileRecvParseStatus
003f8f51   _mcsFileRecvStatus
003f8f49   _mcsFileSendByteAddr
003f8f52   _mcsFileSendByteCount
003dc94a   _mcsParseReceivedData
003f8f43   _miscFlashTaskOperation
003f8f48   _miscFlashTaskState
003f868e   _msg1
003f8700   _msg_AckAutobaud
003f8800   _msg_Ts3Banner001
003f8780   _msg_Ts3Banner002
003f875e   _msg_changeBaudRateIn3Sec
003f868b   _msg_crLf
003f86ce   _msg_detectedBreakOrError
003f904d   _msg_illegalOption
003f869d   _msg_notACommand
003f8740   _msg_notLegalBaudRate
003f86e9   _msg_notLegalCharSize
003f8718   _msg_notLegalParity
003f86d3   _msg_notLegalStopBits
003f9040   _msg_testTask_1
003f900a   _msg_testTask_2
003f9022   _msg_testTask_3
003f9016   _msg_testTask_4
003f902f   _msg_testTask_5
003f8e80   _multi_packet_buf
003f910b   _packed32ByteBuf
003f90b2   _pg_loopCount
003f9002   _prevTaskNumber
003f86b5   _previousMode
003dc59a   _r232Out_Command_Ack
003dc5cc   _r232Out_Command_Nak
003f8b82   _r232Out_Tx_buf
003dc554   _r232Out_circBufOutput
003f8c00   _r232Out_circular_buf
003dc4f7   _r232Out_outChars
003dc543   _r232Out_outCharsNT
003dc58b   _r232Out_transmit_status_busy
003f8bc0   _r232Out_util_buf
003f8880   _rdata
003f86c1   _rdataIndex
003dcea7   _read32
003f9104   _read32FromEEpromToBufTaskStatus
003f8985   _res_AmpRefInOut
003db780   _res_ConstVelocityTimerRoutine
003f8986   _res_FixedShaftAngle
003f8984   _res_HiPrecisShaftAngle
003f8983   _res_RefDacValue
003f8982   _res_RefFreq
003db76c   _res_ShaftAngleOutTask
003f8981   _res_attenuation
003db5bf   _res_calcSinCosFromHiPrecisShaftAngle
003db5b5   _res_init
003db711   _res_recvAmpRef
003db73d   _res_recvRefDacValue
003db730   _res_recvRefFreq
003db74a   _res_recvShaftAngle
003db75b   _res_recvShaftAngleIincreasedPrecision
003f8980   _res_velocity
003de467   _revision_rv1
003de46a   _revision_rv2
003f86c8   _rs232AckAutobaudCounter
003f86c5   _rs232BaudChangeCounter
003d9e4b   _rs232_BgTaskInit
003da1a5   _rs232_BgTask_AckAutobaud
003da177   _rs232_BgTask_Rs232BaudChange
003da18d   _rs232_BgTask_Rs232BreakOrError
003d9f81   _rs232_BgTask_TxDone
003d9f55   _rs232_BgTask_ooad
003d9f6b   _rs232_BgTask_ts3StartUp
003da1d0   _rs232_DiagPortalMsg
003d9e45   _rs232_Init
003da029   _rs232_changeBaudParityEtc
003d9e4c   _rs232_commandDecode
003d9df6   _rs232_enable_PIE_int
003da14a   _rs232_getBaudRateFromBrrValue
003da0dd   _rs232_getBrrValueFromBaudRate
003d9f86   _rs232_reportBaudParityEtc
003d9e02   _rs232_scia_fifo_init
003d9e30   _rs232_setBaudRateDefault
003d9f48   _rs232_setCommandAck
003d9e26   _rs232_start_autobaud_detect
003d9dea   _rs232_store_int_vectors_in_PIE
003d9ddd   _rs232_transmit_characters
003d9dc8   _rs232_transmit_status_busy
003d9dd2   _rs232_txFifo_Busy
003dc266   _rsvd_ISR
003f90c4   _savedAin
003f90c9   _savedAinCal
003f90c0   _saved_ioPinSwitches
003f9003   _schedulingScheme
003f8000   _sci2
003f8040   _sci2_Rx_Buf
003f8380   _sci2_Tx_Buf
003dc3b2   _sci2_init
003dc462   _sci2_recvTxBuf
003dc487   _sci2_recvTxBufAppend
003dc3f5   _sci2_rx_tx
003dc4ab   _sci2_sendRxBuf
003dc4e7   _sci2_xmit_test
003f86c6   _sci_brr
003f86ca   _sci_ccr
003dc7f9   _sciaRxFifoIsr
003dc7b1   _sciaTxFifoIsr
003f86cc   _sdata
003f86c9   _sdataCount
003f86cb   _sdataIndex
003f8e46   _sdo_multi_segment_control_block
003dceab   _setbits32
003dc33c   _spi_BulkEraseFlash
003dc37c   _spi_ClockFlashToFpga
003dc36b   _spi_ClockFlashToFpgaStart
003dc345   _spi_ReadFlash
003dc31f   _spi_ReadSpiFlashRDID
003dc2ff   _spi_ReadSpiFlashStatus
003dc30c   _spi_ReleasePowerdownRES
003dc333   _spi_SetFlashWriteEnable
003dc38c   _spi_WriteFlash
003dc29e   _spi_disableAllSpiDevices
003dcd47   _ssEnc_ConstVelocityTimerRoutine
003f90b8   _ssEnc_HiPrecisShaftAngle
003dcd33   _ssEnc_ShaftAngleOutTask
003dcd1d   _ssEnc_init
003dcd22   _ssEnc_recvShaftAngleIincreasedPrecision
003f90b9   _ssEnc_velocity
003dce91   _strU_strcpy
003f9080   _taskDelays
003f9004   _taskFlags
003dbef5   _taskMgr_ageTaskDelays
003dbea9   _taskMgr_firstSetTaskFlag
003dbe32   _taskMgr_init
003dbe90   _taskMgr_nulTask
003dbe94   _taskMgr_runBkgndTasks
003dbe58   _taskMgr_setTask
003dbe78   _taskMgr_setTaskRoundRobin
003dbe6c   _taskMgr_setTaskWithDelay
003dbf6c   _taskMgr_testSchedAlgorithms
003dbf24   _taskMgr_testTask_1
003dbf32   _taskMgr_testTask_2
003dbf41   _taskMgr_testTask_3
003dbf4f   _taskMgr_testTask_4
003dbf5e   _taskMgr_testTask_5
003dbf0e   _taskMgr_wDogReset
003f9007   _taskRoundRobinFlags
003ddb9c   _task_vectors
003f9001   _testTaskCount
003de469   _timeStamp_t1
003de468   _timeStamp_t2
003de466   _timeStamp_t3
003f8950   _timer0_count_T0_periods
003f8951   _timer0_count_Tenths
003dc6ce   _timer0_count_reg_value
003dc5f5   _timer0_initConfig_n_Start
003dc609   _timer0_init_03
003dc6b2   _timer0_interrupt_count_value
003dce0c   _timer0_isr
003dc5ec   _timer0_store_int_vectors_in_PIE
003f8954   _timer0_synchronized_count_value
003f8952   _timer0_synchronized_reg_value
003dc67d   _timer0_task
003dc6a5   _timer0_task_init
003dc68f   _timer0_tenthOfSecTask
003f8f2a   _ts_dateStamp
003dcafe   _ts_displayBuildDateTimestamp
003dcb58   _ts_sendDateStampClassic
003dcb41   _ts_sendTimeStampClassic
003f8f28   _ts_timeStamp
003f8900   _txBuf
003d8000   _vector_from_bootloader
003f8f26   _version
003dcea9   _write32
003db6ad   _write_RES_Shaft_Angle
003dc2d9   _xfer_16
003daed6   _xintf_InitXintf
003daf70   _xintf_getTestSelection2004
003daf74   _xintf_initTest
003daf4e   _xintf_setTestData2001
003daf55   _xintf_setTestData2002
003daf5c   _xintf_setTestData2003
003daf63   _xintf_setTestSelection2004
003db0f3   _xintf_test2010
003db104   _xintf_test2011
003f8f2f   _xintf_testData2001
003f8f2d   _xintf_testData2002
003f8f2c   _xintf_testData2003
003f8f2e   _xintf_testSelection2004
003daf80   _xintf_testUnderTimer0
003f8f30   _xintf_testUnderTimer0_count
00100198   _xramData1
00100199   _xramData2
0010019a   _xramData3
003dc8e3   _xram_ExtRamRWTest
003dc908   _xram_RWPassThruWholeChip
003dc88b   _xram_testExternalRam
ffffffff   binit
003de46b   cinit
003dced2   etext
ffffffff   pinit


GLOBAL SYMBOLS: SORTED BY Symbol Address 

address    name
--------   ----
00000000   __stack
00000001   __TI_args_main
0000019b   _ExtRamSize
00000400   __STACK_END
00000400   __STACK_SIZE
00000880   _DevEmuRegs
00000a80   _FlashRegs
00000ae0   _CsmRegs
00000b20   _XintfRegs
00000c00   _CpuTimer0Regs
00000c08   _CpuTimer1Regs
00000c10   _CpuTimer2Regs
00000ce0   _PieCtrlRegs
00000d00   _PieVectTable
00006000   _ECanaRegs
00006040   _ECanaLAMRegs
00006080   _ECanaMOTSRegs
000060c0   _ECanaMOTORegs
00006100   _ECanaMboxes
00007010   _SysCtrlRegs
00007040   _SpiaRegs
00007050   _SciaRegs
00007070   _XIntruptRegs
000070c0   _GpioMuxRegs
000070e0   _GpioDataRegs
00007100   _AdcRegs
00007400   _EvaRegs
00007500   _EvbRegs
00007750   _ScibRegs
00007800   _McbspaRegs
00008000   _InitFlash
00008000   _RamfuncsRunStart
00008017   _DSP28x_usDelay
00100000   _ExtRamStart
00100000   _log_events
00100198   _xramData1
00100199   _xramData2
0010019a   _xramData3
003d8000   _vector_from_bootloader
003d8002   _BL_key
003d8004   .text
003d8004   ___text__
003d8004   _frw_RemoveHwWriteProtect
003d8015   _frw_AssertHwWriteProtect
003d8024   _frw_SpiFlashInit
003d802c   _frw_SetWhichFlash
003d8033   _frw_GetWhichFlash
003d8037   _frw_GetLoadFpgasAtStartupStatus
003d803b   _frw_initFpgaLoadPins
003d8049   _frw_SetFpgaCtrlLines
003d80be   _frw_ReadFpgaCtrlLines
003d80f3   _frw_SpiFlashTask
003d8245   _frw_MiscFlashTasks
003d82c4   _frw_readFlashStatusReg
003d82d5   _frw_readFlashRDID
003d82eb   _frw_releasePowerdownRES
003d82fc   _frw_startMcsFileRecv
003d8316   _frw_mcsFileRecvStatus
003d834f   _frw_bulkEraseFlashSend
003d835f   _frw_bulkEraseFlashRecv
003d837a   _frw_mcsFileRecvData
003d83e9   _frw_mcsFileSendData
003d8483   _frw_fastFileRecvData
003d84c7   _frw_startLoadFpgaFromFlash
003d84d5   _frw_turnOnFlashWriteProtect
003d84dd   _frw_readWhichFlashChip
003d84e9   _frw_writeWhichFlashChip
003d84f3   _diagRs232readFlashStatusReg
003d852f   _diagRs232readFlashRDID
003d855d   _diagRs232FlashRWBuff
003d85b6   _frw_test2005
003d868d   _frw_test4000
003d86f0   _frw_test4001
003d86f7   _frw_test4002
003d86fe   _frw_test4003
003d871d   _frw_test4004
003d8749   _frw_test4005
003d875c   _frw_test4006
003d8762   _frw_diagFlashTasks
003d87c8   _frw_diagDisplFlashPage
003d87ec   _i2cee_Init
003d87f3   _i2cee_selectEEProm
003d87fd   _i2cee_disableClkToAllEEProms
003d8809   _i2cee_enableClkToSelectedEEProm
003d8822   _i2cee_delay
003d8831   _i2cee_write1Byte
003d88c2   _i2cee_read1Byte
003d8936   _i2cee_read
003d89a7   _i2cee_write
003d8a25   _i2cee_writeProtect
003d8a48   _diagRs232I2ceeRead
003d8ab6   _diagRs232I2ceeWrite8
003d8ae3   _i2cee_diag4203Task
003d8b36   _i2cee_test4200
003d8b47   _i2cee_test4201
003d8b78   _i2cee_test4203
003d8b95   _i2cee_test4204
003d8bd2   _i2cee_test4205
003d8c15   _i2cee_test4206
003d8c58   _i2cee_getTokenForEepromProg
003d8c68   _i2cee_progEEPromFromCanFileData
003d8c84   _i2cee_readEEPromStatus
003d8c95   _i2cee_readEEPromToCanFile
003d8ca6   _i2cee_readEEPromToCanFileTask
003d8ce8   _i2cee_progEEPromFromCanFileTask
003d8d57   _i2cee_readEEProm1Byte
003d8d82   _i2cee_writeEEProm1Byte
003d8db3   _i2cee_32BytesFromEEpromToBuf
003d8dc2   _i2cee_read32FromEEpromToBufTask
003d8de9   _i2cee_read32ByteStatus
003d8df6   _i2cee_32BytesToPC
003d8e05   _i2cee_32BytesFromPC
003d8e14   _i2cee_burn32BytesToEEProm
003d8e2d   _i2cee_burn32ToEEpromTask
003d8e6c   _fpgaT_setTestData3003
003d8e73   _fpgaT_setTestSelection3004
003d8e7a   _fpgaT_getledStatus
003d8e7e   _fpgaT_initTest
003d8e8b   _fpgaT_init_3004_5000_Test
003d8e93   _fpgaT_testUnderTimer0
003d90dd   _fpgaT_test3005
003d9473   _comint_comint
003d978e   _comint_comintSpeedDial
003d98e9   _comint_DisplaySpeedDialList
003d9950   _comint_DisplayCpldAddrConfig
003d9972   _comint_comintTextCommand
003d998f   _comint_comintHelp
003d999b   _digio2_Init
003d99a8   _digio2_recvEncInMap
003d99ba   _digio2_recvHallInMap
003d99c7   _digio2_recvPwmInMap
003d99d9   _digio2_sendPwmIn1Period
003d99f5   _digio2_sendPwmIn1OnTime
003d9a11   _digio2_sendPwmIn2Period
003d9a2d   _digio2_sendPwmIn2OnTime
003d9a49   _digio2_sendEncAInPeriod
003d9a65   _digio2_sendEncAInOnTime
003d9a81   _digio2_sendEncIInPeriod
003d9a9d   _digio2_sendEncIInOnTime
003d9aa3   _digio2_sendEncInDir
003d9aba   _digio2_sendEncCounts
003d9ad6   _digio2_sendPwmReadingClassic
003d9b2a   _digio2_sendEncReadingClassic
003d9b9c   _digio2_Init_Enc_Index_Freq_Div
003d9ba5   _digio2_recvEncIndexDivisor
003d9bb7   _digio2_sendHallReadingClassic
003d9bda   _digio2_recvDigOutSignalAssignment
003d9c21   _digio2_initDigOutSignalAssignment
003d9c42   _digio2_recvDigOutMode
003d9c89   _digio2_initDigOutMode
003d9caa   _digio2_recvDiffOutSignalAssignment
003d9cce   _digio2_initDiffOutSignalAssignment
003d9ce3   _digio2_recvDigOutRails
003d9d2a   _digio2_initDigOutRails
003d9d52   _digio2_recvDigOutLevel
003d9d7e   _digio2_initDigOutLevel
003d9d96   _digio2_recvDiffOutLevel
003d9da8   _digio2_initDiffOutLevel
003d9daf   _digio2_recvDiffOutEnable
003d9dc1   _digio2_initDiffOutEnable
003d9dc8   _rs232_transmit_status_busy
003d9dd2   _rs232_txFifo_Busy
003d9ddd   _rs232_transmit_characters
003d9dea   _rs232_store_int_vectors_in_PIE
003d9df6   _rs232_enable_PIE_int
003d9e02   _rs232_scia_fifo_init
003d9e26   _rs232_start_autobaud_detect
003d9e30   _rs232_setBaudRateDefault
003d9e37   _TurnOnTx
003d9e43   _error
003d9e45   _rs232_Init
003d9e4b   _rs232_BgTaskInit
003d9e4c   _rs232_commandDecode
003d9f48   _rs232_setCommandAck
003d9f55   _rs232_BgTask_ooad
003d9f6b   _rs232_BgTask_ts3StartUp
003d9f81   _rs232_BgTask_TxDone
003d9f86   _rs232_reportBaudParityEtc
003da029   _rs232_changeBaudParityEtc
003da0dd   _rs232_getBrrValueFromBaudRate
003da14a   _rs232_getBaudRateFromBrrValue
003da177   _rs232_BgTask_Rs232BaudChange
003da18d   _rs232_BgTask_Rs232BreakOrError
003da1a5   _rs232_BgTask_AckAutobaud
003da1d0   _rs232_DiagPortalMsg
003da1dd   _digio_initDacComparatorValuesClassic
003da1ed   _digio_recvComparitorClassic
003da216   _digio_send16DigitalInputs
003da228   _digio_receiveNativeDacVal
003da2aa   _digio_recvAnlgOutClassic
003da2e1   _digio_writeDacOutputValue
003da2ec   _digio_recvPwmOutputFreq32
003da308   _digio_recvPwmOutputDutyCyc32
003da324   _digio_recvPwmOutputFreqClassic16
003da338   _digio_recvPwmOutputDutyCycClassic16
003da34c   _digio_PwmOutputFreq16Task
003da390   _digio_EncInit
003da3ed   _digio_recvEncOutParam
003da4b5   _digio_recvClassicEncOutParam
003da55f   _digio_HallOutInit
003da569   _digio_recvHallOutputParamClassic16
003da5ab   _digio_recvHallOutputParam32
003da5c7   _init_SDO_MS_CB
003da5cf   _copyDataToMultiPacketBuf
003da5f5   _copyPacked32BytesToMultiPacketBuf
003da61d   _copy32BytesFromMultiPacketBufToPackedBuf
003da647   _canO_HandleCanOpenMessage
003da736   _canO_multiPktRecvFirst
003da77c   _canO_multiPktRecv2nd3rdEtc
003da843   _canO_multiPktSendFirst
003da877   _canO_multiPktSend2nd3rdEtc
003da900   _canO_recv32Bits
003da913   _canO_send32Bits
003da925   _canO_recv16Bits
003da932   _canO_send16Bits
003da941   _canO_givesErrForTesting
003da947   _canO_sendMaxSubIndex
003da95f   _canO_doReset
003da969   _canO_doJumpToBootLoader
003da975   _hexUtil_hexCharToBin
003da981   _hexUtil_hexCharsToBin
003da9a5   _hexUtil_isValidAsciiHexDigits
003da9d0   _hexUtil_binTo4HexAsciiChars
003da9f1   _hexUtil_binTo2HexAsciiChars
003daa15   _hexUtil_binTo5DecAsciiChars
003daa75   _hexUtil_binToDecAsciiCharsZeroSuppress
003daaa6   _hexUtil_bin32To10DecAsciiChars
003daba8   _hexUtil_bin32ToDecAsciiCharsZeroSuppress
003dabda   _hexUtil_decCharsToBin
003dac01   _hexUtil_decCharsToBin32
003dac2c   _canC_initComm
003dac55   _canC_readCanAddrDipSwitches
003dac6c   _canC_mailboxInitialization
003dace8   _canC_configMbxForTransmit
003dad4a   _canC_configMbxForReceive
003dadc3   _canC_pollRecv
003dae4a   _canC_transmitMessage
003daed6   _xintf_InitXintf
003daf4e   _xintf_setTestData2001
003daf55   _xintf_setTestData2002
003daf5c   _xintf_setTestData2003
003daf63   _xintf_setTestSelection2004
003daf70   _xintf_getTestSelection2004
003daf74   _xintf_initTest
003daf80   _xintf_testUnderTimer0
003db0f3   _xintf_test2010
003db104   _xintf_test2011
003db14c   _ain_offsetCalcInit
003db150   _ain_setSwitchDefaultsForB1
003db155   _ain_getAnlginCalState
003db159   _ain_offsetCalcTask
003db24f   _ain_startOffsetCalc
003db25b   _ain_calibratedValue
003db28c   _ain_calibratedClassicValue
003db2dc   _ain_calibratedClassicValRaw
003db2ea   _ain_ad7175_setup_task_init
003db2f1   _ain_get_ad7175SetupTaskState
003db2f5   _ain_ad7175_setup_task
003db35e   _ain_ad7175_request
003db385   _ain_ad7175_fetch_status
003db394   _ain_ad7175_fetch_data_read
003db3a8   _adc_init
003db3e1   _adc_configureChannels
003db400   _adc_runConversion
003db40e   _adc_convertToMilliVolts
003db425   _adc_readOneAdcChannelToRs232
003db4a1   _adc_addOneAdcChannelToList
003db50f   _adc_DisplayAdcResults
003db597   _adc_repeatPrevAdcTest
003db5a2   _adc_readAll16Channels
003db5b5   _res_init
003db5bf   _res_calcSinCosFromHiPrecisShaftAngle
003db6ad   _write_RES_Shaft_Angle
003db711   _res_recvAmpRef
003db730   _res_recvRefFreq
003db73d   _res_recvRefDacValue
003db74a   _res_recvShaftAngle
003db75b   _res_recvShaftAngleIincreasedPrecision
003db76c   _res_ShaftAngleOutTask
003db780   _res_ConstVelocityTimerRoutine
003db78a   _f2i_enable_interrupt
003db78d   _f2i_store_int_vectors_in_PIE
003db796   _f2i_initialize_interrupt
003db7a5   _f2i_SSEnc_init
003db7bc   _f2i_BgTask_SSEnc
003db8b1   _f2i_CRC5
003db8fc   _f2i_SSEnc_reverse_position
003db92f   _f2i_recv_Pos_32_from_Host
003db94c   _canF_zeroDummyFileBufCounts
003db951   _canF_zeroDummyFileBufOutCount
003db955   _canF_appendIntoDummyFileBuf
003db96e   _canF_readOutOfDummyFileBuf
003db9a4   _canF_recvDummyFile
003db9cb   _canF_sendDummyFile
003db9fc   _diagRs232sendDummyFile
003dba18   _diagRs232recvMultiPacket
003dbaaa   _diagRs232CanRecvMsg
003dbb05   _GpioU_defaultInit
003dbb21   _GpioU_f1iInit
003dbb29   _GpioU_f2iInit
003dbb31   _GpioU_rs232Init
003dbb3b   _GpioU_sci2Init
003dbb45   _GpioU_SpiInit
003dbb55   _GpioU_SpiDisableEEPromOnTB3CM
003dbb5a   _GpioU_i2cee_Init
003dbb66   _GpioU_timer0Init
003dbb72   _GpioU_initGpiosAllZero
003dbb81   _Gpio_example3C
003dbb86   _GpioU_ioTest2100
003dbbe1   _GpioU_ioTest2101
003dbc54   _GpioU_ioTest2102
003dbcaf   _main
003dbd73   _main_readPowerGoodSignals
003dbd7c   _main_DisplayPgLoopCount
003dbd9f   _main_startupTask
003dbe32   _taskMgr_init
003dbe58   _taskMgr_setTask
003dbe6c   _taskMgr_setTaskWithDelay
003dbe78   _taskMgr_setTaskRoundRobin
003dbe90   _taskMgr_nulTask
003dbe94   _taskMgr_runBkgndTasks
003dbea9   _taskMgr_firstSetTaskFlag
003dbef5   _taskMgr_ageTaskDelays
003dbf0e   _taskMgr_wDogReset
003dbf24   _taskMgr_testTask_1
003dbf32   _taskMgr_testTask_2
003dbf41   _taskMgr_testTask_3
003dbf4f   _taskMgr_testTask_4
003dbf5e   _taskMgr_testTask_5
003dbf6c   _taskMgr_testSchedAlgorithms
003dbfb2   _led_synchronizedSlowHeartbeat
003dbfb8   _led_setLedCpldIoPattern
003dbfc5   _led_getCpldIoLedPattern
003dbfc9   _led_cpldLedIoInit
003dbfce   _led_manageCpldIoLEDsUnderTimer0
003dc012   _led_setDspLedPattern
003dc019   _led_getDspLedPattern
003dc01d   _led_dspLedErrMsg
003dc027   _led_toggle4DspLeds
003dc02c   _led_init4DspLeds
003dc037   _led_manageDspLEDsUnderTimer0
003dc0b6   _led_DspLedInit
003dc0bc   _led_setLedFpga1Pattern
003dc0c5   _led_setLedFpga2Pattern
003dc0ce   _led_setLedFpga3Pattern
003dc0d5   _led_FpgaLedInit
003dc0de   _led_manageFpgaLedsUnderTimer0
003dc11c   _INT13_ISR
003dc121   _INT14_ISR
003dc126   _DATALOG_ISR
003dc12b   _RTOSINT_ISR
003dc130   _EMUINT_ISR
003dc135   _NMI_ISR
003dc13a   _ILLEGAL_ISR
003dc13f   _USER1_ISR
003dc144   _USER2_ISR
003dc149   _USER3_ISR
003dc14e   _USER4_ISR
003dc153   _USER5_ISR
003dc158   _USER6_ISR
003dc15d   _USER7_ISR
003dc162   _USER8_ISR
003dc167   _USER9_ISR
003dc16c   _USER10_ISR
003dc171   _USER11_ISR
003dc176   _USER12_ISR
003dc17b   _PDPINTA_ISR
003dc180   _PDPINTB_ISR
003dc185   _XINT1_ISR
003dc18a   _XINT2_ISR
003dc18f   _ADCINT_ISR
003dc194   _TINT0_ISR
003dc199   _WAKEINT_ISR
003dc19e   _CMP1INT_ISR
003dc1a3   _CMP2INT_ISR
003dc1a8   _CMP3INT_ISR
003dc1ad   _T1PINT_ISR
003dc1b2   _T1CINT_ISR
003dc1b7   _T1UFINT_ISR
003dc1bc   _T1OFINT_ISR
003dc1c1   _T2PINT_ISR
003dc1c6   _T2CINT_ISR
003dc1cb   _T2UFINT_ISR
003dc1d0   _T2OFINT_ISR
003dc1d5   _CAPINT1_ISR
003dc1da   _CAPINT2_ISR
003dc1df   _CAPINT3_ISR
003dc1e4   _CMP4INT_ISR
003dc1e9   _CMP5INT_ISR
003dc1ee   _CMP6INT_ISR
003dc1f3   _T3PINT_ISR
003dc1f8   _T3CINT_ISR
003dc1fd   _T3UFINT_ISR
003dc202   _T3OFINT_ISR
003dc207   _T4PINT_ISR
003dc20c   _T4CINT_ISR
003dc211   _T4UFINT_ISR
003dc216   _T4OFINT_ISR
003dc21b   _CAPINT4_ISR
003dc220   _CAPINT5_ISR
003dc225   _CAPINT6_ISR
003dc22a   _SPIRXINTA_ISR
003dc22f   _SPITXINTA_ISR
003dc234   _MRINTA_ISR
003dc239   _MXINTA_ISR
003dc23e   _SCIRXINTA_ISR
003dc243   _SCITXINTA_ISR
003dc248   _SCIRXINTB_ISR
003dc24d   _SCITXINTB_ISR
003dc252   _ECAN0INTA_ISR
003dc257   _ECAN1INTA_ISR
003dc25c   _EMPTY_ISR
003dc261   _PIE_RESERVED
003dc266   _rsvd_ISR
003dc26b   _InitSpi
003dc29e   _spi_disableAllSpiDevices
003dc2b2   _SelectSpiFlash
003dc2d9   _xfer_16
003dc2e4   _Xfr8bitSpiCmd
003dc2ff   _spi_ReadSpiFlashStatus
003dc30c   _spi_ReleasePowerdownRES
003dc31f   _spi_ReadSpiFlashRDID
003dc333   _spi_SetFlashWriteEnable
003dc33c   _spi_BulkEraseFlash
003dc345   _spi_ReadFlash
003dc36b   _spi_ClockFlashToFpgaStart
003dc37c   _spi_ClockFlashToFpga
003dc38c   _spi_WriteFlash
003dc3af   _diag_SelectSpiFlash
003dc3b2   _sci2_init
003dc3f5   _sci2_rx_tx
003dc462   _sci2_recvTxBuf
003dc487   _sci2_recvTxBufAppend
003dc4ab   _sci2_sendRxBuf
003dc4e7   _sci2_xmit_test
003dc4f7   _r232Out_outChars
003dc543   _r232Out_outCharsNT
003dc554   _r232Out_circBufOutput
003dc58b   _r232Out_transmit_status_busy
003dc59a   _r232Out_Command_Ack
003dc5cc   _r232Out_Command_Nak
003dc5ec   _timer0_store_int_vectors_in_PIE
003dc5f5   _timer0_initConfig_n_Start
003dc609   _timer0_init_03
003dc610   _InitCpuTimers
003dc649   _ConfigCpuTimer
003dc67d   _timer0_task
003dc68f   _timer0_tenthOfSecTask
003dc6a5   _timer0_task_init
003dc6b2   _timer0_interrupt_count_value
003dc6ce   _timer0_count_reg_value
003dc6d2   _log_init
003dc6d7   _log_addToLogWith3Params
003dc721   _log_addToLog
003dc767   _log_readLog
003dc794   _log_startReadingLog
003dc7a9   _log_clear
003dc7b1   _sciaTxFifoIsr
003dc7f9   _sciaRxFifoIsr
003dc88b   _xram_testExternalRam
003dc8e3   _xram_ExtRamRWTest
003dc908   _xram_RWPassThruWholeChip
003dc94a   _mcsParseReceivedData
003dc9f6   _InitECan
003dca7c   _InitSysCtrl
003dca84   _KickDog
003dca8e   _DisableDog
003dca96   _InitPll
003dcab3   _InitPeripheralClocks
003dcacd   _CsmUnlock
003dcafe   _ts_displayBuildDateTimestamp
003dcb41   _ts_sendTimeStampClassic
003dcb58   _ts_sendDateStampClassic
003dcb75   _CanDoubleRead
003dcb7f   _CanDoubleWrite
003dcb8a   _CanDoubleClear
003dcb9d   _CanDoubleSet
003dcbae   _XmitCanTimestamp
003dcbe0   _evtimer4_turn_off
003dcbe5   _evtimer4_turn_on
003dcc22   _evtimer4_store_int_vectors_in_PIE
003dcc2b   _evtimer4_initConfig_n_Start
003dcc2c   _evtimer4_initConfig_n_Start_disabled
003dcc3a   _evtimer4_enable_int
003dcc41   FS$$MPY
003dcc9b   _c_int00
003dccdf   _f1i_enable_interrupt
003dcce6   _f1i_store_int_vectors_in_PIE
003dccef   _f1i_initialize_interrupt
003dccfe   _f1i_BgTask
003dcd1d   _ssEnc_init
003dcd22   _ssEnc_recvShaftAngleIincreasedPrecision
003dcd33   _ssEnc_ShaftAngleOutTask
003dcd47   _ssEnc_ConstVelocityTimerRoutine
003dcd51   _evtimer4_isr
003dcd7a   FS$$TOL
003dcda3   _InitPieCtrl
003dcdc2   _EnableInterrupts
003dcdcb   ___memcpy_ff
003dcdec   _InitPieVectTable
003dce0c   _timer0_isr
003dce2b   _f1i_isr
003dce47   __args_main
003dce60   C$$EXIT
003dce60   _abort
003dce62   _exit
003dce79   _f2i_isr
003dce91   _strU_strcpy
003dcea7   _read32
003dcea9   _write32
003dceab   _setbits32
003dceb0   _clearbits32
003dceb6   U$$DIV
003dcebb   U$$MOD
003dcec1   __register_unlock
003dcec5   __register_lock
003dcec9   __nop
003dced2   ___etext__
003dced2   etext
003dd2be   _can_index
003dd43e   _PieVectTableInit
003dd53e   _index_204E
003dd63e   _index_204C
003dd85a   _index_2050
003dd8ea   _index_2053
003dda70   _index_2031
003ddb3c   _index_2056
003ddb9c   _task_vectors
003ddbfc   _index_204D
003ddc54   _index_2055
003ddcac   _index_2010
003ddcfc   _index_2051
003ddd4c   _index_200B
003dde1c   _index_200C
003dde5c   _index_2001
003dde94   _index_2003
003ddecc   _index_2004
003ddf04   _index_2013
003ddf6e   _index_204A
003ddf9e   _index_204F
003ddfce   _index_2007
003ddff6   _index_200E
003de01e   _index_2014
003de046   _index_2015
003de090   _index_2005
003de0b0   _index_2008
003de0d0   _index_2009
003de0f0   _index_2011
003de110   _index_2036
003de130   _index_2049
003de150   _index_2052
003de1e6   _index_2002
003de1fe   _index_2006
003de216   _index_200A
003de22e   _index_2012
003de246   _index_2032
003de25e   _index_2054
003de276   _index_204B
003de286   _index_2000
003de28e   _index_200D
003de296   _index_200F
003de29e   _index_2016
003de2a6   _index_2017
003de2ae   _index_2018
003de2b6   _index_2019
003de2be   _index_201A
003de2c6   _index_201B
003de2ce   _index_201C
003de2d6   _index_201D
003de2de   _index_201E
003de2e6   _index_201F
003de2ee   _index_2020
003de2f6   _index_2021
003de2fe   _index_2022
003de306   _index_2023
003de30e   _index_2024
003de316   _index_2025
003de31e   _index_2026
003de326   _index_2027
003de32e   _index_2028
003de336   _index_2029
003de33e   _index_202A
003de346   _index_202B
003de34e   _index_202C
003de356   _index_202D
003de35e   _index_202E
003de366   _index_202F
003de36e   _index_2030
003de376   _index_2033
003de37e   _index_2034
003de386   _index_2035
003de38e   _index_2037
003de396   _index_2038
003de39e   _index_2039
003de3a6   _index_203A
003de3ae   _index_203B
003de3b6   _index_203C
003de3be   _index_203D
003de3c6   _index_203E
003de3ce   _index_203F
003de3d6   _index_2040
003de3de   _index_2041
003de3e6   _index_2042
003de3ee   _index_2043
003de3f6   _index_2044
003de3fe   _index_2045
003de406   _index_2046
003de40e   _index_2047
003de416   _index_2048
003de41e   _index_2057
003de426   _index_2058
003de42e   _index_2059
003de436   _index_205A
003de43e   _index_205B
003de446   _index_205C
003de44e   _index_205D
003de456   _index_205E
003de45e   _index_2060
003de466   _timeStamp_t3
003de467   _revision_rv1
003de468   _timeStamp_t2
003de469   _timeStamp_t1
003de46a   _revision_rv2
003de46b   ___cinit__
003de46b   cinit
003de84b   _RamfuncsLoadStart
003de866   _RamfuncsLoadEnd
003f7ff8   _CsmPwl
003f8000   _sci2
003f8040   _sci2_Rx_Buf
003f8380   _sci2_Tx_Buf
003f8689   _dsdl_index
003f868a   _ledCpldPattern
003f868b   _msg_crLf
003f868e   _msg1
003f869d   _msg_notACommand
003f86ae   _f2i_SSEnc_Pos_1
003f86af   _f2i_SSEnc_Pos_2
003f86b0   _f2i_state
003f86b1   _f2i_SSEnc_Alarm_Bit
003f86b2   _f2i_SSEnc_CRC_5
003f86b3   _f2i_BgTask_count
003f86b4   _f2i_SSEnc_Num_Pos_Bits
003f86b5   _previousMode
003f86b6   _f2i_SSEnc_Pos_32
003f86b8   _adc_ChSelSeq2
003f86b9   _adc_ChSelSeq1
003f86ba   _adc_ChSelSeq4
003f86bb   _adc_ChSelSeq3
003f86bc   _adc_maxConv
003f86bd   _adc_DisplayAdcResultsIndex
003f86be   _canTestData16_02
003f86bf   _canTestData16_01
003f86c0   _Rs232Status
003f86c1   _rdataIndex
003f86c2   _commandAckCommandCode
003f86c3   _commandAckDataWordReceived
003f86c4   _commandAckDataWord
003f86c5   _rs232BaudChangeCounter
003f86c6   _sci_brr
003f86c7   _afterBreakCounter
003f86c8   _rs232AckAutobaudCounter
003f86c9   _sdataCount
003f86ca   _sci_ccr
003f86cb   _sdataIndex
003f86cc   _sdata
003f86ce   _msg_detectedBreakOrError
003f86d3   _msg_notLegalStopBits
003f86e9   _msg_notLegalCharSize
003f8700   _msg_AckAutobaud
003f8718   _msg_notLegalParity
003f8740   _msg_notLegalBaudRate
003f875e   _msg_changeBaudRateIn3Sec
003f8780   _msg_Ts3Banner002
003f87c0   _brrToBaudTable
003f8800   _msg_Ts3Banner001
003f8880   _rdata
003f8900   _txBuf
003f8950   _timer0_count_T0_periods
003f8951   _timer0_count_Tenths
003f8952   _timer0_synchronized_reg_value
003f8954   _timer0_synchronized_count_value
003f8956   _CpuTimer2
003f895e   _CpuTimer0
003f8966   _CpuTimer1
003f896e   _fpgaT_3004_5000_count
003f896f   _fpgaT_3004_5000_passes
003f8970   _fpgaT_testUnderTimer0_count
003f8971   _fpgaT_3004_5000_immediate_report
003f8972   _fpgaT_3004_5000_immediate_err_test
003f8973   _fpgaT_ledStatus
003f8974   _fpgaT_testSelection3004
003f8975   _fpgaT_testData3003
003f8976   _fpgaT_3004_5000_errors
003f8977   _led_dspLedPattern
003f8978   _led_dspLedErrCount
003f8979   _led_dspLedCount
003f897a   _led_fpga3Pattern
003f897b   _led_fpga1Pattern
003f897c   _led_fpgaCount
003f897d   _led_cpldIoPattern
003f897e   _led_synchronizedHeartbeatCounter
003f897f   _led_fpga2Pattern
003f8980   _res_velocity
003f8981   _res_attenuation
003f8982   _res_RefFreq
003f8983   _res_RefDacValue
003f8984   _res_HiPrecisShaftAngle
003f8985   _res_AmpRefInOut
003f8986   _res_FixedShaftAngle
003f8b42   _digio_Enc2OutDir
003f8b43   _digio_Enc1ManualStop
003f8b44   _digio_PwmOutputDutyCyclClassic16
003f8b45   _digio_PwmOutputFreqClassic16
003f8b46   _digio_Enc1OutDir
003f8b47   _digio_PwmOutputFreq16TaskState
003f8b48   _digio_Enc2ManualStop
003f8b49   _digio_Enc1ClassicFreq
003f8b4a   _digio_HallOutputPhaseClassic16
003f8b4b   _digio_Enc2ClassicIndex
003f8b4c   _digio_HallOutputFreqClassic16
003f8b4d   _digio_Enc2ClassicDir
003f8b4e   _digio_Enc1ClassicIndex
003f8b4f   _digio_HallOutputDirClassic16
003f8b50   _digio_Enc2ClassicFreq
003f8b51   _digio_Enc1ClassicDir
003f8b52   _digio_Enc1OutFreq32
003f8b54   _digio_Enc2OutFreq32
003f8b56   _digio_PwmOutputFreq32
003f8b58   _digio_HallOutputFreq32
003f8b5a   _digio_PwmOutputDutyCycl32
003f8b5c   _digio_Enc1OutIndex32
003f8b5e   _digio_Enc2OutIndex32
003f8b60   _digio_Enc2StopAfterN
003f8b62   _digio_Enc1StopAfterN
003f8b64   _digio_DacComparatorValuesClassic
003f8b68   _digio_DacAnlgOutValuesClassic
003f8b70   _digio_nativeDacVal
003f8b80   _circ_buf_next_in
003f8b81   _circ_buf_next_out
003f8b82   _r232Out_Tx_buf
003f8bc0   _r232Out_util_buf
003f8c00   _r232Out_circular_buf
003f8d00   _dummyFileBufOutPacketSize
003f8d01   _dummyFileBufInCharCount
003f8d02   _dummyFileBufOutCharCount
003f8d03   _canF_diagOnOff
003f8d40   _dummyFileBuf
003f8e40   _co_reset
003f8e41   _co_jump_to_bootloader
003f8e42   _canTestData0x98765432
003f8e44   _canTestData16
003f8e46   _sdo_multi_segment_control_block
003f8e80   _multi_packet_buf
003f8f09   _digio2_EncIndexDivisor
003f8f0a   _digio2_PwmInMap
003f8f0b   _digio2_DiffOutEnable
003f8f0c   _digio2_DiffOutLevel
003f8f0d   _digio2_HallInMap
003f8f0e   _digio2_EncInMap
003f8f0f   _digio2_DiffOutSignalAssignment
003f8f11   _digio2_DigOutLevel
003f8f14   _digio2_DigOutMode
003f8f1a   _digio2_DigOutRails
003f8f20   _digio2_DigOutSignalAssignment
003f8f26   _version
003f8f28   _ts_timeStamp
003f8f2a   _ts_dateStamp
003f8f2c   _xintf_testData2003
003f8f2d   _xintf_testData2002
003f8f2e   _xintf_testSelection2004
003f8f2f   _xintf_testData2001
003f8f30   _xintf_testUnderTimer0_count
003f8f31   _log_eventIndex
003f8f32   _log_readLogOffsetInRec
003f8f33   _log_eventRecCount
003f8f34   _log_readLogRecNum
003f8f36   __unlock
003f8f38   __lock
003f8f3a   __cleanup_ptr
003f8f3c   __dtors_ptr
003f8f3e   _evtimer4_state
003f8f3f   _evtimer4_ext_req_to_turn_off
003f8f40   _frwLoadFpgasAtStartupStatus
003f8f41   _frwLoadMultipleFgpas
003f8f42   _frw_bulkEraseToken
003f8f43   _miscFlashTaskOperation
003f8f44   _mcsFileRecvParseStatus
003f8f45   _frwMcsNotFastDownload
003f8f46   _bitstream_blockcount
003f8f47   _frwFlashTaskState
003f8f48   _miscFlashTaskState
003f8f49   _mcsFileSendByteAddr
003f8f4a   _fastRWBuffInUse
003f8f4b   _fastRWBuffCharCount
003f8f4c   _frwWhichFlashChip
003f8f4d   _flashRWBuffFillIndex
003f8f4e   _mcsFileRecvError
003f8f4f   _mcsFileRecvAddrExtension
003f8f50   _mcsFileRecvInProgress
003f8f51   _mcsFileRecvStatus
003f8f52   _mcsFileSendByteCount
003f8f54   _bitStreamOffset
003f8f56   _frwDiagFlashAddr
003f8f58   _bitStreamLength
003f8f5a   _frwFlashAddr
003f8f80   _flashRWBuff
003f8fc0   _fastRWBuff
003f9000   _JustForDebug
003f9001   _testTaskCount
003f9002   _prevTaskNumber
003f9003   _schedulingScheme
003f9004   _taskFlags
003f9007   _taskRoundRobinFlags
003f900a   _msg_testTask_2
003f9016   _msg_testTask_4
003f9022   _msg_testTask_3
003f902f   _msg_testTask_5
003f9040   _msg_testTask_1
003f904d   _msg_illegalOption
003f9080   _taskDelays
003f90b0   _idle_loop_count
003f90b1   _main_startupTaskState
003f90b2   _pg_loopCount
003f90b4   _extRamSize
003f90b6   _f1i_state
003f90b7   _f1i_BgTask_count
003f90b8   _ssEnc_HiPrecisShaftAngle
003f90b9   _ssEnc_velocity
003f90c0   _saved_ioPinSwitches
003f90c1   _ain_ioPinSwitches
003f90c2   _ain_loopbackMux
003f90c3   _ain_offsetCount
003f90c4   _savedAin
003f90c5   _ain_ad7175SetupError
003f90c6   _ain_ad7175SetupRegisterIndex
003f90c7   _ain_ad7175SetupTaskState
003f90c8   _ain_ad7175SetupWait
003f90c9   _savedAinCal
003f90ca   _anlgin_cal_state
003f90cc   _ain_ad7175_single_write_data
003f90ce   _ain_offsets
003f90d6   _ain_values
003f90e6   _ain_ad7175RegisterConfigValues
003f9100   _i2ceeSelectedEeprom
003f9101   _i2cee_programmingToken
003f9102   _i2ceeDiagAddr
003f9103   _burn32ToEEpromToBufTaskStatus
003f9104   _read32FromEEpromToBufTaskStatus
003f9105   _eeProm32ByteRWAddr
003f9106   _i2cee32ByteStatus
003f9107   _i2ceeCanFileIndex
003f9108   _eeProm1ByteRWAddr
003f9109   _i2ceeCanFileStatus
003f910a   _burn32ToEEpromTaskDeadmanSwitch
003f910b   _packed32ByteBuf
ffffffff   ___binit__
ffffffff   ___c_args__
ffffffff   ___pinit__
ffffffff   binit
ffffffff   pinit

[861 symbols]
